[0.739s] Invoking command in '/home/ubuntu/Session5/mogi_trajectory_server': PYTHONPATH=/home/ubuntu/Session5/build/mogi_trajectory_server/prefix_override:/usr/lib/python3/dist-packages/colcon_core/task/python/colcon_distutils_commands:/home/ubuntu/Session5/install/mogi_trajectory_server/lib/python3.12/site-packages:${PYTHONPATH} /usr/bin/python3 -W ignore:setup.py install is deprecated -W ignore:easy_install command is deprecated setup.py egg_info --egg-base ../build/mogi_trajectory_server build --build-base /home/ubuntu/Session5/build/mogi_trajectory_server/build install --record /home/ubuntu/Session5/build/mogi_trajectory_server/install.log --install-scripts $base/lib/mogi_trajectory_server --single-version-externally-managed install_data
[0.916s] running egg_info
[0.932s] writing ../build/mogi_trajectory_server/mogi_trajectory_server.egg-info/PKG-INFO
[0.932s] writing dependency_links to ../build/mogi_trajectory_server/mogi_trajectory_server.egg-info/dependency_links.txt
[0.932s] writing entry points to ../build/mogi_trajectory_server/mogi_trajectory_server.egg-info/entry_points.txt
[0.932s] writing requirements to ../build/mogi_trajectory_server/mogi_trajectory_server.egg-info/requires.txt
[0.932s] writing top-level names to ../build/mogi_trajectory_server/mogi_trajectory_server.egg-info/top_level.txt
[0.958s] reading manifest file '../build/mogi_trajectory_server/mogi_trajectory_server.egg-info/SOURCES.txt'
[0.958s] adding license file 'LICENSE'
[0.958s] writing manifest file '../build/mogi_trajectory_server/mogi_trajectory_server.egg-info/SOURCES.txt'
[0.958s] running build
[0.958s] running build_py
[0.959s] running install
[0.962s] running install_lib
[0.975s] running install_data
[0.975s] running install_egg_info
[0.989s] removing '/home/ubuntu/Session5/install/mogi_trajectory_server/lib/python3.12/site-packages/mogi_trajectory_server-1.0.0-py3.12.egg-info' (and everything under it)
[0.989s] Copying ../build/mogi_trajectory_server/mogi_trajectory_server.egg-info to /home/ubuntu/Session5/install/mogi_trajectory_server/lib/python3.12/site-packages/mogi_trajectory_server-1.0.0-py3.12.egg-info
[0.991s] running install_scripts
[1.087s] Installing mogi_trajectory_server script to /home/ubuntu/Session5/install/mogi_trajectory_server/lib/mogi_trajectory_server
[1.088s] Installing mogi_trajectory_server_topic_based script to /home/ubuntu/Session5/install/mogi_trajectory_server/lib/mogi_trajectory_server
[1.088s] writing list of installed files to '/home/ubuntu/Session5/build/mogi_trajectory_server/install.log'
[1.108s] Invoked command in '/home/ubuntu/Session5/mogi_trajectory_server' returned '0': PYTHONPATH=/home/ubuntu/Session5/build/mogi_trajectory_server/prefix_override:/usr/lib/python3/dist-packages/colcon_core/task/python/colcon_distutils_commands:/home/ubuntu/Session5/install/mogi_trajectory_server/lib/python3.12/site-packages:${PYTHONPATH} /usr/bin/python3 -W ignore:setup.py install is deprecated -W ignore:easy_install command is deprecated setup.py egg_info --egg-base ../build/mogi_trajectory_server build --build-base /home/ubuntu/Session5/build/mogi_trajectory_server/build install --record /home/ubuntu/Session5/build/mogi_trajectory_server/install.log --install-scripts $base/lib/mogi_trajectory_server --single-version-externally-managed install_data
