[0.743s] Invoking command in '/home/ubuntu/Session5/arm_ik_solver': PYTHONPATH=/home/ubuntu/Session5/build/arm_ik_solver/prefix_override:/usr/lib/python3/dist-packages/colcon_core/task/python/colcon_distutils_commands:/home/ubuntu/Session5/install/arm_ik_solver/lib/python3.12/site-packages:${PYTHONPATH} /usr/bin/python3 -W ignore:setup.py install is deprecated -W ignore:easy_install command is deprecated setup.py egg_info --egg-base ../build/arm_ik_solver build --build-base /home/ubuntu/Session5/build/arm_ik_solver/build install --record /home/ubuntu/Session5/build/arm_ik_solver/install.log --install-scripts $base/lib/arm_ik_solver --single-version-externally-managed install_data
[0.913s] running egg_info
[0.925s] writing ../build/arm_ik_solver/arm_ik_solver.egg-info/PKG-INFO
[0.925s] writing dependency_links to ../build/arm_ik_solver/arm_ik_solver.egg-info/dependency_links.txt
[0.925s] writing entry points to ../build/arm_ik_solver/arm_ik_solver.egg-info/entry_points.txt
[0.925s] writing requirements to ../build/arm_ik_solver/arm_ik_solver.egg-info/requires.txt
[0.926s] writing top-level names to ../build/arm_ik_solver/arm_ik_solver.egg-info/top_level.txt
[0.952s] reading manifest file '../build/arm_ik_solver/arm_ik_solver.egg-info/SOURCES.txt'
[0.953s] adding license file 'LICENSE'
[0.953s] writing manifest file '../build/arm_ik_solver/arm_ik_solver.egg-info/SOURCES.txt'
[0.953s] running build
[0.953s] running build_py
[0.953s] copying arm_ik_solver/manual_ik_node.py -> /home/ubuntu/Session5/build/arm_ik_solver/build/lib/arm_ik_solver
[0.953s] running install
[0.957s] running install_lib
[0.970s] copying /home/ubuntu/Session5/build/arm_ik_solver/build/lib/arm_ik_solver/manual_ik_node.py -> /home/ubuntu/Session5/install/arm_ik_solver/lib/python3.12/site-packages/arm_ik_solver
[0.970s] byte-compiling /home/ubuntu/Session5/install/arm_ik_solver/lib/python3.12/site-packages/arm_ik_solver/manual_ik_node.py to manual_ik_node.cpython-312.pyc
[0.972s] running install_data
[0.972s] running install_egg_info
[0.985s] removing '/home/ubuntu/Session5/install/arm_ik_solver/lib/python3.12/site-packages/arm_ik_solver-0.0.0-py3.12.egg-info' (and everything under it)
[0.985s] Copying ../build/arm_ik_solver/arm_ik_solver.egg-info to /home/ubuntu/Session5/install/arm_ik_solver/lib/python3.12/site-packages/arm_ik_solver-0.0.0-py3.12.egg-info
[0.987s] running install_scripts
[1.076s] Installing manual_ik_node script to /home/ubuntu/Session5/install/arm_ik_solver/lib/arm_ik_solver
[1.076s] writing list of installed files to '/home/ubuntu/Session5/build/arm_ik_solver/install.log'
[1.100s] Invoked command in '/home/ubuntu/Session5/arm_ik_solver' returned '0': PYTHONPATH=/home/ubuntu/Session5/build/arm_ik_solver/prefix_override:/usr/lib/python3/dist-packages/colcon_core/task/python/colcon_distutils_commands:/home/ubuntu/Session5/install/arm_ik_solver/lib/python3.12/site-packages:${PYTHONPATH} /usr/bin/python3 -W ignore:setup.py install is deprecated -W ignore:easy_install command is deprecated setup.py egg_info --egg-base ../build/arm_ik_solver build --build-base /home/ubuntu/Session5/build/arm_ik_solver/build install --record /home/ubuntu/Session5/build/arm_ik_solver/install.log --install-scripts $base/lib/arm_ik_solver --single-version-externally-managed install_data
