[0.075s] DEBUG:colcon:Command line arguments: ['/usr/bin/colcon', 'build', '--packages-select', 'bme_ros2_simple_arm_moveit_config', 'arm_ik_solver', 'bme_ros2_simple_arm_py', 'bme_ros2_simple_arm']
[0.075s] DEBUG:colcon:Parsed command line arguments: Namespace(log_base=None, log_level=None, verb_name='build', build_base='build', install_base='install', merge_install=False, symlink_install=False, test_result_base=None, continue_on_error=False, executor='parallel', parallel_workers=24, event_handlers=None, ignore_user_meta=False, metas=['./colcon.meta'], base_paths=['.'], packages_ignore=None, packages_ignore_regex=None, paths=None, packages_up_to=None, packages_up_to_regex=None, packages_above=None, packages_above_and_dependencies=None, packages_above_depth=None, packages_select_by_dep=None, packages_skip_by_dep=None, packages_skip_up_to=None, packages_select_build_failed=False, packages_skip_build_finished=False, packages_select_test_failures=False, packages_skip_test_passed=False, packages_select=['bme_ros2_simple_arm_moveit_config', 'arm_ik_solver', 'bme_ros2_simple_arm_py', 'bme_ros2_simple_arm'], packages_skip=None, packages_select_regex=None, packages_skip_regex=None, packages_start=None, packages_end=None, allow_overriding=[], cmake_args=None, cmake_target=None, cmake_target_skip_unavailable=False, cmake_clean_cache=False, cmake_clean_first=False, cmake_force_configure=False, ament_cmake_args=None, catkin_cmake_args=None, catkin_skip_building_tests=False, mixin_files=None, mixin=None, verb_parser=<colcon_mixin.mixin.mixin_argument.MixinArgumentDecorator object at 0x74da19eb1a60>, verb_extension=<colcon_core.verb.build.BuildVerb object at 0x74da19e2e4b0>, main=<bound method BuildVerb.main of <colcon_core.verb.build.BuildVerb object at 0x74da19e2e4b0>>, mixin_verb=('build',))
[0.104s] Level 1:colcon.colcon_core.package_discovery:discover_packages(colcon_meta) check parameters
[0.104s] Level 1:colcon.colcon_core.package_discovery:discover_packages(recursive) check parameters
[0.104s] Level 1:colcon.colcon_core.package_discovery:discover_packages(ignore) check parameters
[0.104s] Level 1:colcon.colcon_core.package_discovery:discover_packages(path) check parameters
[0.104s] Level 1:colcon.colcon_core.package_discovery:discover_packages(colcon_meta) discover
[0.104s] Level 1:colcon.colcon_core.package_discovery:discover_packages(recursive) discover
[0.104s] INFO:colcon.colcon_core.package_discovery:Crawling recursively for packages in '/home/ubuntu/Session5'
[0.104s] Level 1:colcon.colcon_core.package_identification:_identify(.) by extensions ['ignore', 'ignore_ament_install']
[0.104s] Level 1:colcon.colcon_core.package_identification:_identify(.) by extension 'ignore'
[0.104s] Level 1:colcon.colcon_core.package_identification:_identify(.) by extension 'ignore_ament_install'
[0.104s] Level 1:colcon.colcon_core.package_identification:_identify(.) by extensions ['colcon_pkg']
[0.104s] Level 1:colcon.colcon_core.package_identification:_identify(.) by extension 'colcon_pkg'
[0.104s] Level 1:colcon.colcon_core.package_identification:_identify(.) by extensions ['colcon_meta']
[0.104s] Level 1:colcon.colcon_core.package_identification:_identify(.) by extension 'colcon_meta'
[0.104s] Level 1:colcon.colcon_core.package_identification:_identify(.) by extensions ['ros']
[0.104s] Level 1:colcon.colcon_core.package_identification:_identify(.) by extension 'ros'
[0.122s] Level 1:colcon.colcon_core.package_identification:_identify(.) by extensions ['cmake', 'python']
[0.122s] Level 1:colcon.colcon_core.package_identification:_identify(.) by extension 'cmake'
[0.122s] Level 1:colcon.colcon_core.package_identification:_identify(.) by extension 'python'
[0.122s] Level 1:colcon.colcon_core.package_identification:_identify(.) by extensions ['python_setup_py']
[0.122s] Level 1:colcon.colcon_core.package_identification:_identify(.) by extension 'python_setup_py'
[0.122s] Level 1:colcon.colcon_core.package_identification:_identify(arm_ik_solver) by extensions ['ignore', 'ignore_ament_install']
[0.122s] Level 1:colcon.colcon_core.package_identification:_identify(arm_ik_solver) by extension 'ignore'
[0.122s] Level 1:colcon.colcon_core.package_identification:_identify(arm_ik_solver) by extension 'ignore_ament_install'
[0.122s] Level 1:colcon.colcon_core.package_identification:_identify(arm_ik_solver) by extensions ['colcon_pkg']
[0.122s] Level 1:colcon.colcon_core.package_identification:_identify(arm_ik_solver) by extension 'colcon_pkg'
[0.122s] Level 1:colcon.colcon_core.package_identification:_identify(arm_ik_solver) by extensions ['colcon_meta']
[0.122s] Level 1:colcon.colcon_core.package_identification:_identify(arm_ik_solver) by extension 'colcon_meta'
[0.122s] Level 1:colcon.colcon_core.package_identification:_identify(arm_ik_solver) by extensions ['ros']
[0.122s] Level 1:colcon.colcon_core.package_identification:_identify(arm_ik_solver) by extension 'ros'
[0.124s] DEBUG:colcon.colcon_core.package_identification:Package 'arm_ik_solver' with type 'ros.ament_python' and name 'arm_ik_solver'
[0.125s] Level 1:colcon.colcon_core.package_identification:_identify(bme_ros2_simple_arm) by extensions ['ignore', 'ignore_ament_install']
[0.125s] Level 1:colcon.colcon_core.package_identification:_identify(bme_ros2_simple_arm) by extension 'ignore'
[0.125s] Level 1:colcon.colcon_core.package_identification:_identify(bme_ros2_simple_arm) by extension 'ignore_ament_install'
[0.125s] Level 1:colcon.colcon_core.package_identification:_identify(bme_ros2_simple_arm) by extensions ['colcon_pkg']
[0.125s] Level 1:colcon.colcon_core.package_identification:_identify(bme_ros2_simple_arm) by extension 'colcon_pkg'
[0.125s] Level 1:colcon.colcon_core.package_identification:_identify(bme_ros2_simple_arm) by extensions ['colcon_meta']
[0.125s] Level 1:colcon.colcon_core.package_identification:_identify(bme_ros2_simple_arm) by extension 'colcon_meta'
[0.125s] Level 1:colcon.colcon_core.package_identification:_identify(bme_ros2_simple_arm) by extensions ['ros']
[0.125s] Level 1:colcon.colcon_core.package_identification:_identify(bme_ros2_simple_arm) by extension 'ros'
[0.125s] DEBUG:colcon.colcon_core.package_identification:Package 'bme_ros2_simple_arm' with type 'ros.ament_cmake' and name 'bme_ros2_simple_arm'
[0.125s] Level 1:colcon.colcon_core.package_identification:_identify(bme_ros2_simple_arm_moveit_config) by extensions ['ignore', 'ignore_ament_install']
[0.125s] Level 1:colcon.colcon_core.package_identification:_identify(bme_ros2_simple_arm_moveit_config) by extension 'ignore'
[0.125s] Level 1:colcon.colcon_core.package_identification:_identify(bme_ros2_simple_arm_moveit_config) by extension 'ignore_ament_install'
[0.125s] Level 1:colcon.colcon_core.package_identification:_identify(bme_ros2_simple_arm_moveit_config) by extensions ['colcon_pkg']
[0.125s] Level 1:colcon.colcon_core.package_identification:_identify(bme_ros2_simple_arm_moveit_config) by extension 'colcon_pkg'
[0.125s] Level 1:colcon.colcon_core.package_identification:_identify(bme_ros2_simple_arm_moveit_config) by extensions ['colcon_meta']
[0.125s] Level 1:colcon.colcon_core.package_identification:_identify(bme_ros2_simple_arm_moveit_config) by extension 'colcon_meta'
[0.125s] Level 1:colcon.colcon_core.package_identification:_identify(bme_ros2_simple_arm_moveit_config) by extensions ['ros']
[0.125s] Level 1:colcon.colcon_core.package_identification:_identify(bme_ros2_simple_arm_moveit_config) by extension 'ros'
[0.126s] DEBUG:colcon.colcon_core.package_identification:Package 'bme_ros2_simple_arm_moveit_config' with type 'ros.ament_cmake' and name 'bme_ros2_simple_arm_moveit_config'
[0.126s] Level 1:colcon.colcon_core.package_identification:_identify(bme_ros2_simple_arm_py) by extensions ['ignore', 'ignore_ament_install']
[0.126s] Level 1:colcon.colcon_core.package_identification:_identify(bme_ros2_simple_arm_py) by extension 'ignore'
[0.126s] Level 1:colcon.colcon_core.package_identification:_identify(bme_ros2_simple_arm_py) by extension 'ignore_ament_install'
[0.126s] Level 1:colcon.colcon_core.package_identification:_identify(bme_ros2_simple_arm_py) by extensions ['colcon_pkg']
[0.126s] Level 1:colcon.colcon_core.package_identification:_identify(bme_ros2_simple_arm_py) by extension 'colcon_pkg'
[0.126s] Level 1:colcon.colcon_core.package_identification:_identify(bme_ros2_simple_arm_py) by extensions ['colcon_meta']
[0.126s] Level 1:colcon.colcon_core.package_identification:_identify(bme_ros2_simple_arm_py) by extension 'colcon_meta'
[0.126s] Level 1:colcon.colcon_core.package_identification:_identify(bme_ros2_simple_arm_py) by extensions ['ros']
[0.126s] Level 1:colcon.colcon_core.package_identification:_identify(bme_ros2_simple_arm_py) by extension 'ros'
[0.126s] DEBUG:colcon.colcon_core.package_identification:Package 'bme_ros2_simple_arm_py' with type 'ros.ament_python' and name 'bme_ros2_simple_arm_py'
[0.127s] Level 1:colcon.colcon_core.package_identification:_identify(build) by extensions ['ignore', 'ignore_ament_install']
[0.127s] Level 1:colcon.colcon_core.package_identification:_identify(build) by extension 'ignore'
[0.127s] Level 1:colcon.colcon_core.package_identification:_identify(build) ignored
[0.127s] Level 1:colcon.colcon_core.package_identification:_identify(install) by extensions ['ignore', 'ignore_ament_install']
[0.127s] Level 1:colcon.colcon_core.package_identification:_identify(install) by extension 'ignore'
[0.127s] Level 1:colcon.colcon_core.package_identification:_identify(install) ignored
[0.127s] Level 1:colcon.colcon_core.package_identification:_identify(log) by extensions ['ignore', 'ignore_ament_install']
[0.127s] Level 1:colcon.colcon_core.package_identification:_identify(log) by extension 'ignore'
[0.127s] Level 1:colcon.colcon_core.package_identification:_identify(log) ignored
[0.127s] Level 1:colcon.colcon_core.package_discovery:discover_packages(recursive) using defaults
[0.127s] Level 1:colcon.colcon_core.package_discovery:discover_packages(ignore) discover
[0.127s] Level 1:colcon.colcon_core.package_discovery:discover_packages(ignore) using defaults
[0.127s] Level 1:colcon.colcon_core.package_discovery:discover_packages(path) discover
[0.127s] Level 1:colcon.colcon_core.package_discovery:discover_packages(path) using defaults
[0.141s] Level 1:colcon.colcon_core.package_discovery:discover_packages(prefix_path) check parameters
[0.141s] Level 1:colcon.colcon_core.package_discovery:discover_packages(prefix_path) discover
[0.143s] DEBUG:colcon.colcon_installed_package_information.package_discovery:Found 4 installed packages in /home/ubuntu/Session5/install
[0.145s] DEBUG:colcon.colcon_installed_package_information.package_discovery:Found 447 installed packages in /opt/ros/jazzy
[0.146s] Level 1:colcon.colcon_core.package_discovery:discover_packages(prefix_path) using defaults
[0.182s] Level 5:colcon.colcon_core.verb:set package 'arm_ik_solver' build argument 'cmake_args' from command line to 'None'
[0.183s] Level 5:colcon.colcon_core.verb:set package 'arm_ik_solver' build argument 'cmake_target' from command line to 'None'
[0.183s] Level 5:colcon.colcon_core.verb:set package 'arm_ik_solver' build argument 'cmake_target_skip_unavailable' from command line to 'False'
[0.183s] Level 5:colcon.colcon_core.verb:set package 'arm_ik_solver' build argument 'cmake_clean_cache' from command line to 'False'
[0.183s] Level 5:colcon.colcon_core.verb:set package 'arm_ik_solver' build argument 'cmake_clean_first' from command line to 'False'
[0.183s] Level 5:colcon.colcon_core.verb:set package 'arm_ik_solver' build argument 'cmake_force_configure' from command line to 'False'
[0.183s] Level 5:colcon.colcon_core.verb:set package 'arm_ik_solver' build argument 'ament_cmake_args' from command line to 'None'
[0.183s] Level 5:colcon.colcon_core.verb:set package 'arm_ik_solver' build argument 'catkin_cmake_args' from command line to 'None'
[0.183s] Level 5:colcon.colcon_core.verb:set package 'arm_ik_solver' build argument 'catkin_skip_building_tests' from command line to 'False'
[0.183s] DEBUG:colcon.colcon_core.verb:Building package 'arm_ik_solver' with the following arguments: {'ament_cmake_args': None, 'build_base': '/home/ubuntu/Session5/build/arm_ik_solver', 'catkin_cmake_args': None, 'catkin_skip_building_tests': False, 'cmake_args': None, 'cmake_clean_cache': False, 'cmake_clean_first': False, 'cmake_force_configure': False, 'cmake_target': None, 'cmake_target_skip_unavailable': False, 'install_base': '/home/ubuntu/Session5/install/arm_ik_solver', 'merge_install': False, 'path': '/home/ubuntu/Session5/arm_ik_solver', 'symlink_install': False, 'test_result_base': None}
[0.183s] Level 5:colcon.colcon_core.verb:set package 'bme_ros2_simple_arm' build argument 'cmake_args' from command line to 'None'
[0.183s] Level 5:colcon.colcon_core.verb:set package 'bme_ros2_simple_arm' build argument 'cmake_target' from command line to 'None'
[0.183s] Level 5:colcon.colcon_core.verb:set package 'bme_ros2_simple_arm' build argument 'cmake_target_skip_unavailable' from command line to 'False'
[0.183s] Level 5:colcon.colcon_core.verb:set package 'bme_ros2_simple_arm' build argument 'cmake_clean_cache' from command line to 'False'
[0.183s] Level 5:colcon.colcon_core.verb:set package 'bme_ros2_simple_arm' build argument 'cmake_clean_first' from command line to 'False'
[0.183s] Level 5:colcon.colcon_core.verb:set package 'bme_ros2_simple_arm' build argument 'cmake_force_configure' from command line to 'False'
[0.183s] Level 5:colcon.colcon_core.verb:set package 'bme_ros2_simple_arm' build argument 'ament_cmake_args' from command line to 'None'
[0.183s] Level 5:colcon.colcon_core.verb:set package 'bme_ros2_simple_arm' build argument 'catkin_cmake_args' from command line to 'None'
[0.183s] Level 5:colcon.colcon_core.verb:set package 'bme_ros2_simple_arm' build argument 'catkin_skip_building_tests' from command line to 'False'
[0.183s] DEBUG:colcon.colcon_core.verb:Building package 'bme_ros2_simple_arm' with the following arguments: {'ament_cmake_args': None, 'build_base': '/home/ubuntu/Session5/build/bme_ros2_simple_arm', 'catkin_cmake_args': None, 'catkin_skip_building_tests': False, 'cmake_args': None, 'cmake_clean_cache': False, 'cmake_clean_first': False, 'cmake_force_configure': False, 'cmake_target': None, 'cmake_target_skip_unavailable': False, 'install_base': '/home/ubuntu/Session5/install/bme_ros2_simple_arm', 'merge_install': False, 'path': '/home/ubuntu/Session5/bme_ros2_simple_arm', 'symlink_install': False, 'test_result_base': None}
[0.183s] Level 5:colcon.colcon_core.verb:set package 'bme_ros2_simple_arm_py' build argument 'cmake_args' from command line to 'None'
[0.183s] Level 5:colcon.colcon_core.verb:set package 'bme_ros2_simple_arm_py' build argument 'cmake_target' from command line to 'None'
[0.183s] Level 5:colcon.colcon_core.verb:set package 'bme_ros2_simple_arm_py' build argument 'cmake_target_skip_unavailable' from command line to 'False'
[0.183s] Level 5:colcon.colcon_core.verb:set package 'bme_ros2_simple_arm_py' build argument 'cmake_clean_cache' from command line to 'False'
[0.183s] Level 5:colcon.colcon_core.verb:set package 'bme_ros2_simple_arm_py' build argument 'cmake_clean_first' from command line to 'False'
[0.183s] Level 5:colcon.colcon_core.verb:set package 'bme_ros2_simple_arm_py' build argument 'cmake_force_configure' from command line to 'False'
[0.183s] Level 5:colcon.colcon_core.verb:set package 'bme_ros2_simple_arm_py' build argument 'ament_cmake_args' from command line to 'None'
[0.183s] Level 5:colcon.colcon_core.verb:set package 'bme_ros2_simple_arm_py' build argument 'catkin_cmake_args' from command line to 'None'
[0.183s] Level 5:colcon.colcon_core.verb:set package 'bme_ros2_simple_arm_py' build argument 'catkin_skip_building_tests' from command line to 'False'
[0.183s] DEBUG:colcon.colcon_core.verb:Building package 'bme_ros2_simple_arm_py' with the following arguments: {'ament_cmake_args': None, 'build_base': '/home/ubuntu/Session5/build/bme_ros2_simple_arm_py', 'catkin_cmake_args': None, 'catkin_skip_building_tests': False, 'cmake_args': None, 'cmake_clean_cache': False, 'cmake_clean_first': False, 'cmake_force_configure': False, 'cmake_target': None, 'cmake_target_skip_unavailable': False, 'install_base': '/home/ubuntu/Session5/install/bme_ros2_simple_arm_py', 'merge_install': False, 'path': '/home/ubuntu/Session5/bme_ros2_simple_arm_py', 'symlink_install': False, 'test_result_base': None}
[0.183s] Level 5:colcon.colcon_core.verb:set package 'bme_ros2_simple_arm_moveit_config' build argument 'cmake_args' from command line to 'None'
[0.183s] Level 5:colcon.colcon_core.verb:set package 'bme_ros2_simple_arm_moveit_config' build argument 'cmake_target' from command line to 'None'
[0.183s] Level 5:colcon.colcon_core.verb:set package 'bme_ros2_simple_arm_moveit_config' build argument 'cmake_target_skip_unavailable' from command line to 'False'
[0.183s] Level 5:colcon.colcon_core.verb:set package 'bme_ros2_simple_arm_moveit_config' build argument 'cmake_clean_cache' from command line to 'False'
[0.183s] Level 5:colcon.colcon_core.verb:set package 'bme_ros2_simple_arm_moveit_config' build argument 'cmake_clean_first' from command line to 'False'
[0.183s] Level 5:colcon.colcon_core.verb:set package 'bme_ros2_simple_arm_moveit_config' build argument 'cmake_force_configure' from command line to 'False'
[0.184s] Level 5:colcon.colcon_core.verb:set package 'bme_ros2_simple_arm_moveit_config' build argument 'ament_cmake_args' from command line to 'None'
[0.184s] Level 5:colcon.colcon_core.verb:set package 'bme_ros2_simple_arm_moveit_config' build argument 'catkin_cmake_args' from command line to 'None'
[0.184s] Level 5:colcon.colcon_core.verb:set package 'bme_ros2_simple_arm_moveit_config' build argument 'catkin_skip_building_tests' from command line to 'False'
[0.184s] DEBUG:colcon.colcon_core.verb:Building package 'bme_ros2_simple_arm_moveit_config' with the following arguments: {'ament_cmake_args': None, 'build_base': '/home/ubuntu/Session5/build/bme_ros2_simple_arm_moveit_config', 'catkin_cmake_args': None, 'catkin_skip_building_tests': False, 'cmake_args': None, 'cmake_clean_cache': False, 'cmake_clean_first': False, 'cmake_force_configure': False, 'cmake_target': None, 'cmake_target_skip_unavailable': False, 'install_base': '/home/ubuntu/Session5/install/bme_ros2_simple_arm_moveit_config', 'merge_install': False, 'path': '/home/ubuntu/Session5/bme_ros2_simple_arm_moveit_config', 'symlink_install': False, 'test_result_base': None}
[0.184s] INFO:colcon.colcon_core.executor:Executing jobs using 'parallel' executor
[0.185s] DEBUG:colcon.colcon_parallel_executor.executor.parallel:run_until_complete
[0.185s] INFO:colcon.colcon_ros.task.ament_cmake.build:Building ROS package in '/home/ubuntu/Session5/bme_ros2_simple_arm' with build type 'ament_cmake'
[0.185s] INFO:colcon.colcon_cmake.task.cmake.build:Building CMake package in '/home/ubuntu/Session5/bme_ros2_simple_arm'
[0.187s] INFO:colcon.colcon_core.plugin_system:Skipping extension 'colcon_core.shell.bat': Not used on non-Windows systems
[0.187s] INFO:colcon.colcon_core.shell:Skip shell extension 'powershell' for command environment: Not usable outside of PowerShell
[0.187s] DEBUG:colcon.colcon_core.shell:Skip shell extension 'dsv' for command environment
[0.190s] INFO:colcon.colcon_ros.task.ament_python.build:Building ROS package in '/home/ubuntu/Session5/arm_ik_solver' with build type 'ament_python'
[0.191s] Level 1:colcon.colcon_core.shell:create_environment_hook('arm_ik_solver', 'ament_prefix_path')
[0.191s] INFO:colcon.colcon_core.shell:Creating environment hook '/home/ubuntu/Session5/install/arm_ik_solver/share/arm_ik_solver/hook/ament_prefix_path.ps1'
[0.191s] INFO:colcon.colcon_core.shell:Creating environment descriptor '/home/ubuntu/Session5/install/arm_ik_solver/share/arm_ik_solver/hook/ament_prefix_path.dsv'
[0.191s] INFO:colcon.colcon_core.shell:Creating environment hook '/home/ubuntu/Session5/install/arm_ik_solver/share/arm_ik_solver/hook/ament_prefix_path.sh'
[0.192s] INFO:colcon.colcon_core.shell:Skip shell extension 'powershell' for command environment: Not usable outside of PowerShell
[0.192s] DEBUG:colcon.colcon_core.shell:Skip shell extension 'dsv' for command environment
[0.195s] INFO:colcon.colcon_ros.task.ament_python.build:Building ROS package in '/home/ubuntu/Session5/bme_ros2_simple_arm_py' with build type 'ament_python'
[0.195s] Level 1:colcon.colcon_core.shell:create_environment_hook('bme_ros2_simple_arm_py', 'ament_prefix_path')
[0.195s] INFO:colcon.colcon_core.shell:Creating environment hook '/home/ubuntu/Session5/install/bme_ros2_simple_arm_py/share/bme_ros2_simple_arm_py/hook/ament_prefix_path.ps1'
[0.196s] INFO:colcon.colcon_core.shell:Creating environment descriptor '/home/ubuntu/Session5/install/bme_ros2_simple_arm_py/share/bme_ros2_simple_arm_py/hook/ament_prefix_path.dsv'
[0.196s] INFO:colcon.colcon_core.shell:Creating environment hook '/home/ubuntu/Session5/install/bme_ros2_simple_arm_py/share/bme_ros2_simple_arm_py/hook/ament_prefix_path.sh'
[0.196s] INFO:colcon.colcon_core.shell:Skip shell extension 'powershell' for command environment: Not usable outside of PowerShell
[0.196s] DEBUG:colcon.colcon_core.shell:Skip shell extension 'dsv' for command environment
[0.203s] DEBUG:colcon.colcon_core.event_handler.log_command:Invoking command in '/home/ubuntu/Session5/build/bme_ros2_simple_arm': CMAKE_PREFIX_PATH=${CMAKE_PREFIX_PATH}:/home/ubuntu/Session5/install/bme_ros2_simple_arm_py:/home/ubuntu/Session5/install/arm_ik_solver:/opt/ros/jazzy /usr/bin/cmake --build /home/ubuntu/Session5/build/bme_ros2_simple_arm -- -j24 -l24
[0.377s] INFO:colcon.colcon_core.task.python.build:Building Python package in '/home/ubuntu/Session5/arm_ik_solver'
[0.377s] INFO:colcon.colcon_core.shell:Skip shell extension 'powershell' for command environment: Not usable outside of PowerShell
[0.377s] DEBUG:colcon.colcon_core.shell:Skip shell extension 'dsv' for command environment
[0.383s] DEBUG:colcon.colcon_core.event_handler.log_command:Invoked command in '/home/ubuntu/Session5/build/bme_ros2_simple_arm' returned '0': CMAKE_PREFIX_PATH=${CMAKE_PREFIX_PATH}:/home/ubuntu/Session5/install/bme_ros2_simple_arm_py:/home/ubuntu/Session5/install/arm_ik_solver:/opt/ros/jazzy /usr/bin/cmake --build /home/ubuntu/Session5/build/bme_ros2_simple_arm -- -j24 -l24
[0.396s] DEBUG:colcon.colcon_core.event_handler.log_command:Invoking command in '/home/ubuntu/Session5/build/bme_ros2_simple_arm': CMAKE_PREFIX_PATH=${CMAKE_PREFIX_PATH}:/home/ubuntu/Session5/install/bme_ros2_simple_arm_py:/home/ubuntu/Session5/install/arm_ik_solver:/opt/ros/jazzy /usr/bin/cmake --install /home/ubuntu/Session5/build/bme_ros2_simple_arm
[0.538s] INFO:colcon.colcon_core.task.python.build:Building Python package in '/home/ubuntu/Session5/bme_ros2_simple_arm_py'
[0.538s] INFO:colcon.colcon_core.shell:Skip shell extension 'powershell' for command environment: Not usable outside of PowerShell
[0.538s] DEBUG:colcon.colcon_core.shell:Skip shell extension 'dsv' for command environment
[0.546s] Level 1:colcon.colcon_core.environment:create_environment_scripts_only(bme_ros2_simple_arm)
[0.547s] DEBUG:colcon.colcon_core.event_handler.log_command:Invoked command in '/home/ubuntu/Session5/build/bme_ros2_simple_arm' returned '0': CMAKE_PREFIX_PATH=${CMAKE_PREFIX_PATH}:/home/ubuntu/Session5/install/bme_ros2_simple_arm_py:/home/ubuntu/Session5/install/arm_ik_solver:/opt/ros/jazzy /usr/bin/cmake --install /home/ubuntu/Session5/build/bme_ros2_simple_arm
[0.548s] Level 1:colcon.colcon_core.environment:checking '/home/ubuntu/Session5/install/bme_ros2_simple_arm' for CMake module files
[0.548s] Level 1:colcon.colcon_core.environment:checking '/home/ubuntu/Session5/install/bme_ros2_simple_arm' for CMake config files
[0.548s] Level 1:colcon.colcon_core.shell:create_environment_hook('bme_ros2_simple_arm', 'cmake_prefix_path')
[0.549s] INFO:colcon.colcon_core.shell:Creating environment hook '/home/ubuntu/Session5/install/bme_ros2_simple_arm/share/bme_ros2_simple_arm/hook/cmake_prefix_path.ps1'
[0.549s] INFO:colcon.colcon_core.shell:Creating environment descriptor '/home/ubuntu/Session5/install/bme_ros2_simple_arm/share/bme_ros2_simple_arm/hook/cmake_prefix_path.dsv'
[0.549s] INFO:colcon.colcon_core.shell:Creating environment hook '/home/ubuntu/Session5/install/bme_ros2_simple_arm/share/bme_ros2_simple_arm/hook/cmake_prefix_path.sh'
[0.549s] Level 1:colcon.colcon_core.environment:checking '/home/ubuntu/Session5/install/bme_ros2_simple_arm/bin'
[0.550s] Level 1:colcon.colcon_core.environment:checking '/home/ubuntu/Session5/install/bme_ros2_simple_arm/lib/pkgconfig/bme_ros2_simple_arm.pc'
[0.550s] Level 1:colcon.colcon_core.environment:checking '/home/ubuntu/Session5/install/bme_ros2_simple_arm/lib/python3.12/site-packages'
[0.550s] Level 1:colcon.colcon_core.environment:checking '/home/ubuntu/Session5/install/bme_ros2_simple_arm/bin'
[0.550s] INFO:colcon.colcon_core.shell:Creating package script '/home/ubuntu/Session5/install/bme_ros2_simple_arm/share/bme_ros2_simple_arm/package.ps1'
[0.550s] INFO:colcon.colcon_core.shell:Creating package descriptor '/home/ubuntu/Session5/install/bme_ros2_simple_arm/share/bme_ros2_simple_arm/package.dsv'
[0.551s] INFO:colcon.colcon_core.shell:Creating package script '/home/ubuntu/Session5/install/bme_ros2_simple_arm/share/bme_ros2_simple_arm/package.sh'
[0.551s] INFO:colcon.colcon_core.shell:Creating package script '/home/ubuntu/Session5/install/bme_ros2_simple_arm/share/bme_ros2_simple_arm/package.bash'
[0.551s] INFO:colcon.colcon_core.shell:Creating package script '/home/ubuntu/Session5/install/bme_ros2_simple_arm/share/bme_ros2_simple_arm/package.zsh'
[0.552s] Level 1:colcon.colcon_core.environment:create_file_with_runtime_dependencies(/home/ubuntu/Session5/install/bme_ros2_simple_arm/share/colcon-core/packages/bme_ros2_simple_arm)
[0.552s] Level 1:colcon.colcon_core.environment:create_environment_scripts_only(bme_ros2_simple_arm)
[0.552s] Level 1:colcon.colcon_core.environment:checking '/home/ubuntu/Session5/install/bme_ros2_simple_arm' for CMake module files
[0.552s] Level 1:colcon.colcon_core.environment:checking '/home/ubuntu/Session5/install/bme_ros2_simple_arm' for CMake config files
[0.552s] Level 1:colcon.colcon_core.shell:create_environment_hook('bme_ros2_simple_arm', 'cmake_prefix_path')
[0.553s] INFO:colcon.colcon_core.shell:Creating environment hook '/home/ubuntu/Session5/install/bme_ros2_simple_arm/share/bme_ros2_simple_arm/hook/cmake_prefix_path.ps1'
[0.553s] INFO:colcon.colcon_core.shell:Creating environment descriptor '/home/ubuntu/Session5/install/bme_ros2_simple_arm/share/bme_ros2_simple_arm/hook/cmake_prefix_path.dsv'
[0.553s] INFO:colcon.colcon_core.shell:Creating environment hook '/home/ubuntu/Session5/install/bme_ros2_simple_arm/share/bme_ros2_simple_arm/hook/cmake_prefix_path.sh'
[0.553s] Level 1:colcon.colcon_core.environment:checking '/home/ubuntu/Session5/install/bme_ros2_simple_arm/bin'
[0.553s] Level 1:colcon.colcon_core.environment:checking '/home/ubuntu/Session5/install/bme_ros2_simple_arm/lib/pkgconfig/bme_ros2_simple_arm.pc'
[0.553s] Level 1:colcon.colcon_core.environment:checking '/home/ubuntu/Session5/install/bme_ros2_simple_arm/lib/python3.12/site-packages'
[0.554s] Level 1:colcon.colcon_core.environment:checking '/home/ubuntu/Session5/install/bme_ros2_simple_arm/bin'
[0.554s] INFO:colcon.colcon_core.shell:Creating package script '/home/ubuntu/Session5/install/bme_ros2_simple_arm/share/bme_ros2_simple_arm/package.ps1'
[0.554s] INFO:colcon.colcon_core.shell:Creating package descriptor '/home/ubuntu/Session5/install/bme_ros2_simple_arm/share/bme_ros2_simple_arm/package.dsv'
[0.554s] INFO:colcon.colcon_core.shell:Creating package script '/home/ubuntu/Session5/install/bme_ros2_simple_arm/share/bme_ros2_simple_arm/package.sh'
[0.555s] INFO:colcon.colcon_core.shell:Creating package script '/home/ubuntu/Session5/install/bme_ros2_simple_arm/share/bme_ros2_simple_arm/package.bash'
[0.555s] INFO:colcon.colcon_core.shell:Creating package script '/home/ubuntu/Session5/install/bme_ros2_simple_arm/share/bme_ros2_simple_arm/package.zsh'
[0.555s] Level 1:colcon.colcon_core.environment:create_file_with_runtime_dependencies(/home/ubuntu/Session5/install/bme_ros2_simple_arm/share/colcon-core/packages/bme_ros2_simple_arm)
[0.556s] INFO:colcon.colcon_ros.task.ament_cmake.build:Building ROS package in '/home/ubuntu/Session5/bme_ros2_simple_arm_moveit_config' with build type 'ament_cmake'
[0.556s] INFO:colcon.colcon_cmake.task.cmake.build:Building CMake package in '/home/ubuntu/Session5/bme_ros2_simple_arm_moveit_config'
[0.556s] INFO:colcon.colcon_core.shell:Skip shell extension 'powershell' for command environment: Not usable outside of PowerShell
[0.556s] DEBUG:colcon.colcon_core.shell:Skip shell extension 'dsv' for command environment
[0.566s] DEBUG:colcon.colcon_core.event_handler.log_command:Invoking command in '/home/ubuntu/Session5/build/bme_ros2_simple_arm_moveit_config': CMAKE_PREFIX_PATH=/home/ubuntu/Session5/install/bme_ros2_simple_arm:/home/ubuntu/Session5/install/bme_ros2_simple_arm_moveit_config:/opt/ros/jazzy/opt/gz_sim_vendor:/opt/ros/jazzy/opt/gz_sensors_vendor:/opt/ros/jazzy/opt/gz_physics_vendor:/opt/ros/jazzy/opt/sdformat_vendor:/opt/ros/jazzy/opt/gz_gui_vendor:/opt/ros/jazzy/opt/gz_transport_vendor:/opt/ros/jazzy/opt/gz_rendering_vendor:/opt/ros/jazzy/opt/gz_plugin_vendor:/opt/ros/jazzy/opt/gz_fuel_tools_vendor:/opt/ros/jazzy/opt/gz_msgs_vendor:/opt/ros/jazzy/opt/gz_common_vendor:/opt/ros/jazzy/opt/gz_math_vendor:/opt/ros/jazzy/opt/gz_utils_vendor:/opt/ros/jazzy/opt/gz_tools_vendor:/opt/ros/jazzy/opt/gz_ogre_next_vendor:/opt/ros/jazzy/opt/gz_dartsim_vendor:/opt/ros/jazzy/opt/gz_cmake_vendor:/home/ubuntu/Session5/install/bme_ros2_simple_arm_py:/home/ubuntu/Session5/install/arm_ik_solver:/opt/ros/jazzy /usr/bin/cmake --build /home/ubuntu/Session5/build/bme_ros2_simple_arm_moveit_config -- -j24 -l24
[0.606s] DEBUG:colcon.colcon_core.event_handler.log_command:Invoked command in '/home/ubuntu/Session5/build/bme_ros2_simple_arm_moveit_config' returned '0': CMAKE_PREFIX_PATH=/home/ubuntu/Session5/install/bme_ros2_simple_arm:/home/ubuntu/Session5/install/bme_ros2_simple_arm_moveit_config:/opt/ros/jazzy/opt/gz_sim_vendor:/opt/ros/jazzy/opt/gz_sensors_vendor:/opt/ros/jazzy/opt/gz_physics_vendor:/opt/ros/jazzy/opt/sdformat_vendor:/opt/ros/jazzy/opt/gz_gui_vendor:/opt/ros/jazzy/opt/gz_transport_vendor:/opt/ros/jazzy/opt/gz_rendering_vendor:/opt/ros/jazzy/opt/gz_plugin_vendor:/opt/ros/jazzy/opt/gz_fuel_tools_vendor:/opt/ros/jazzy/opt/gz_msgs_vendor:/opt/ros/jazzy/opt/gz_common_vendor:/opt/ros/jazzy/opt/gz_math_vendor:/opt/ros/jazzy/opt/gz_utils_vendor:/opt/ros/jazzy/opt/gz_tools_vendor:/opt/ros/jazzy/opt/gz_ogre_next_vendor:/opt/ros/jazzy/opt/gz_dartsim_vendor:/opt/ros/jazzy/opt/gz_cmake_vendor:/home/ubuntu/Session5/install/bme_ros2_simple_arm_py:/home/ubuntu/Session5/install/arm_ik_solver:/opt/ros/jazzy /usr/bin/cmake --build /home/ubuntu/Session5/build/bme_ros2_simple_arm_moveit_config -- -j24 -l24
[0.607s] DEBUG:colcon.colcon_core.event_handler.log_command:Invoking command in '/home/ubuntu/Session5/build/bme_ros2_simple_arm_moveit_config': CMAKE_PREFIX_PATH=/home/ubuntu/Session5/install/bme_ros2_simple_arm:/home/ubuntu/Session5/install/bme_ros2_simple_arm_moveit_config:/opt/ros/jazzy/opt/gz_sim_vendor:/opt/ros/jazzy/opt/gz_sensors_vendor:/opt/ros/jazzy/opt/gz_physics_vendor:/opt/ros/jazzy/opt/sdformat_vendor:/opt/ros/jazzy/opt/gz_gui_vendor:/opt/ros/jazzy/opt/gz_transport_vendor:/opt/ros/jazzy/opt/gz_rendering_vendor:/opt/ros/jazzy/opt/gz_plugin_vendor:/opt/ros/jazzy/opt/gz_fuel_tools_vendor:/opt/ros/jazzy/opt/gz_msgs_vendor:/opt/ros/jazzy/opt/gz_common_vendor:/opt/ros/jazzy/opt/gz_math_vendor:/opt/ros/jazzy/opt/gz_utils_vendor:/opt/ros/jazzy/opt/gz_tools_vendor:/opt/ros/jazzy/opt/gz_ogre_next_vendor:/opt/ros/jazzy/opt/gz_dartsim_vendor:/opt/ros/jazzy/opt/gz_cmake_vendor:/home/ubuntu/Session5/install/bme_ros2_simple_arm_py:/home/ubuntu/Session5/install/arm_ik_solver:/opt/ros/jazzy /usr/bin/cmake --install /home/ubuntu/Session5/build/bme_ros2_simple_arm_moveit_config
[0.620s] Level 1:colcon.colcon_core.environment:create_environment_scripts_only(bme_ros2_simple_arm_moveit_config)
[0.621s] Level 1:colcon.colcon_core.environment:checking '/home/ubuntu/Session5/install/bme_ros2_simple_arm_moveit_config' for CMake module files
[0.621s] DEBUG:colcon.colcon_core.event_handler.log_command:Invoked command in '/home/ubuntu/Session5/build/bme_ros2_simple_arm_moveit_config' returned '0': CMAKE_PREFIX_PATH=/home/ubuntu/Session5/install/bme_ros2_simple_arm:/home/ubuntu/Session5/install/bme_ros2_simple_arm_moveit_config:/opt/ros/jazzy/opt/gz_sim_vendor:/opt/ros/jazzy/opt/gz_sensors_vendor:/opt/ros/jazzy/opt/gz_physics_vendor:/opt/ros/jazzy/opt/sdformat_vendor:/opt/ros/jazzy/opt/gz_gui_vendor:/opt/ros/jazzy/opt/gz_transport_vendor:/opt/ros/jazzy/opt/gz_rendering_vendor:/opt/ros/jazzy/opt/gz_plugin_vendor:/opt/ros/jazzy/opt/gz_fuel_tools_vendor:/opt/ros/jazzy/opt/gz_msgs_vendor:/opt/ros/jazzy/opt/gz_common_vendor:/opt/ros/jazzy/opt/gz_math_vendor:/opt/ros/jazzy/opt/gz_utils_vendor:/opt/ros/jazzy/opt/gz_tools_vendor:/opt/ros/jazzy/opt/gz_ogre_next_vendor:/opt/ros/jazzy/opt/gz_dartsim_vendor:/opt/ros/jazzy/opt/gz_cmake_vendor:/home/ubuntu/Session5/install/bme_ros2_simple_arm_py:/home/ubuntu/Session5/install/arm_ik_solver:/opt/ros/jazzy /usr/bin/cmake --install /home/ubuntu/Session5/build/bme_ros2_simple_arm_moveit_config
[0.621s] Level 1:colcon.colcon_core.environment:checking '/home/ubuntu/Session5/install/bme_ros2_simple_arm_moveit_config' for CMake config files
[0.621s] Level 1:colcon.colcon_core.shell:create_environment_hook('bme_ros2_simple_arm_moveit_config', 'cmake_prefix_path')
[0.622s] INFO:colcon.colcon_core.shell:Creating environment hook '/home/ubuntu/Session5/install/bme_ros2_simple_arm_moveit_config/share/bme_ros2_simple_arm_moveit_config/hook/cmake_prefix_path.ps1'
[0.622s] INFO:colcon.colcon_core.shell:Creating environment descriptor '/home/ubuntu/Session5/install/bme_ros2_simple_arm_moveit_config/share/bme_ros2_simple_arm_moveit_config/hook/cmake_prefix_path.dsv'
[0.622s] INFO:colcon.colcon_core.shell:Creating environment hook '/home/ubuntu/Session5/install/bme_ros2_simple_arm_moveit_config/share/bme_ros2_simple_arm_moveit_config/hook/cmake_prefix_path.sh'
[0.622s] Level 1:colcon.colcon_core.environment:checking '/home/ubuntu/Session5/install/bme_ros2_simple_arm_moveit_config/bin'
[0.622s] Level 1:colcon.colcon_core.environment:checking '/home/ubuntu/Session5/install/bme_ros2_simple_arm_moveit_config/lib/pkgconfig/bme_ros2_simple_arm_moveit_config.pc'
[0.623s] Level 1:colcon.colcon_core.environment:checking '/home/ubuntu/Session5/install/bme_ros2_simple_arm_moveit_config/lib/python3.12/site-packages'
[0.623s] Level 1:colcon.colcon_core.environment:checking '/home/ubuntu/Session5/install/bme_ros2_simple_arm_moveit_config/bin'
[0.623s] INFO:colcon.colcon_core.shell:Creating package script '/home/ubuntu/Session5/install/bme_ros2_simple_arm_moveit_config/share/bme_ros2_simple_arm_moveit_config/package.ps1'
[0.623s] INFO:colcon.colcon_core.shell:Creating package descriptor '/home/ubuntu/Session5/install/bme_ros2_simple_arm_moveit_config/share/bme_ros2_simple_arm_moveit_config/package.dsv'
[0.623s] INFO:colcon.colcon_core.shell:Creating package script '/home/ubuntu/Session5/install/bme_ros2_simple_arm_moveit_config/share/bme_ros2_simple_arm_moveit_config/package.sh'
[0.624s] INFO:colcon.colcon_core.shell:Creating package script '/home/ubuntu/Session5/install/bme_ros2_simple_arm_moveit_config/share/bme_ros2_simple_arm_moveit_config/package.bash'
[0.624s] INFO:colcon.colcon_core.shell:Creating package script '/home/ubuntu/Session5/install/bme_ros2_simple_arm_moveit_config/share/bme_ros2_simple_arm_moveit_config/package.zsh'
[0.624s] Level 1:colcon.colcon_core.environment:create_file_with_runtime_dependencies(/home/ubuntu/Session5/install/bme_ros2_simple_arm_moveit_config/share/colcon-core/packages/bme_ros2_simple_arm_moveit_config)
[0.625s] Level 1:colcon.colcon_core.environment:create_environment_scripts_only(bme_ros2_simple_arm_moveit_config)
[0.625s] Level 1:colcon.colcon_core.environment:checking '/home/ubuntu/Session5/install/bme_ros2_simple_arm_moveit_config' for CMake module files
[0.625s] Level 1:colcon.colcon_core.environment:checking '/home/ubuntu/Session5/install/bme_ros2_simple_arm_moveit_config' for CMake config files
[0.626s] Level 1:colcon.colcon_core.shell:create_environment_hook('bme_ros2_simple_arm_moveit_config', 'cmake_prefix_path')
[0.626s] INFO:colcon.colcon_core.shell:Creating environment hook '/home/ubuntu/Session5/install/bme_ros2_simple_arm_moveit_config/share/bme_ros2_simple_arm_moveit_config/hook/cmake_prefix_path.ps1'
[0.626s] INFO:colcon.colcon_core.shell:Creating environment descriptor '/home/ubuntu/Session5/install/bme_ros2_simple_arm_moveit_config/share/bme_ros2_simple_arm_moveit_config/hook/cmake_prefix_path.dsv'
[0.626s] INFO:colcon.colcon_core.shell:Creating environment hook '/home/ubuntu/Session5/install/bme_ros2_simple_arm_moveit_config/share/bme_ros2_simple_arm_moveit_config/hook/cmake_prefix_path.sh'
[0.627s] Level 1:colcon.colcon_core.environment:checking '/home/ubuntu/Session5/install/bme_ros2_simple_arm_moveit_config/bin'
[0.627s] Level 1:colcon.colcon_core.environment:checking '/home/ubuntu/Session5/install/bme_ros2_simple_arm_moveit_config/lib/pkgconfig/bme_ros2_simple_arm_moveit_config.pc'
[0.627s] Level 1:colcon.colcon_core.environment:checking '/home/ubuntu/Session5/install/bme_ros2_simple_arm_moveit_config/lib/python3.12/site-packages'
[0.627s] Level 1:colcon.colcon_core.environment:checking '/home/ubuntu/Session5/install/bme_ros2_simple_arm_moveit_config/bin'
[0.627s] INFO:colcon.colcon_core.shell:Creating package script '/home/ubuntu/Session5/install/bme_ros2_simple_arm_moveit_config/share/bme_ros2_simple_arm_moveit_config/package.ps1'
[0.627s] INFO:colcon.colcon_core.shell:Creating package descriptor '/home/ubuntu/Session5/install/bme_ros2_simple_arm_moveit_config/share/bme_ros2_simple_arm_moveit_config/package.dsv'
[0.628s] INFO:colcon.colcon_core.shell:Creating package script '/home/ubuntu/Session5/install/bme_ros2_simple_arm_moveit_config/share/bme_ros2_simple_arm_moveit_config/package.sh'
[0.628s] INFO:colcon.colcon_core.shell:Creating package script '/home/ubuntu/Session5/install/bme_ros2_simple_arm_moveit_config/share/bme_ros2_simple_arm_moveit_config/package.bash'
[0.628s] INFO:colcon.colcon_core.shell:Creating package script '/home/ubuntu/Session5/install/bme_ros2_simple_arm_moveit_config/share/bme_ros2_simple_arm_moveit_config/package.zsh'
[0.628s] Level 1:colcon.colcon_core.environment:create_file_with_runtime_dependencies(/home/ubuntu/Session5/install/bme_ros2_simple_arm_moveit_config/share/colcon-core/packages/bme_ros2_simple_arm_moveit_config)
[0.993s] DEBUG:colcon.colcon_core.task.python.build:Available setuptools commands: symlink_data, build_py, saveopts, egg_info, extract_messages, rotate, sdist, install_data, bdist_rpm, editable_wheel, install_scripts, bdist_dumb, init_catalog, check, bdist_wheel, test, register, setopt, build, clean, update_catalog, compile_catalog, install, bdist, upload_docs, develop, build_ext, install_headers, alias, dist_info, build_clib, easy_install, upload, build_scripts, install_egg_info, bdist_egg, install_lib
[0.998s] DEBUG:colcon.colcon_core.task.python.build:Available setuptools commands: symlink_data, build_py, saveopts, egg_info, extract_messages, rotate, sdist, install_data, bdist_rpm, editable_wheel, install_scripts, bdist_dumb, init_catalog, check, bdist_wheel, test, register, setopt, build, clean, update_catalog, compile_catalog, install, bdist, upload_docs, develop, build_ext, install_headers, alias, dist_info, build_clib, easy_install, upload, build_scripts, install_egg_info, bdist_egg, install_lib
[0.999s] DEBUG:colcon.colcon_core.event_handler.log_command:Invoking command in '/home/ubuntu/Session5/arm_ik_solver': PYTHONPATH=/home/ubuntu/Session5/build/arm_ik_solver/prefix_override:/usr/lib/python3/dist-packages/colcon_core/task/python/colcon_distutils_commands:/home/ubuntu/Session5/install/arm_ik_solver/lib/python3.12/site-packages:${PYTHONPATH} /usr/bin/python3 -W ignore:setup.py install is deprecated -W ignore:easy_install command is deprecated setup.py egg_info --egg-base ../build/arm_ik_solver build --build-base /home/ubuntu/Session5/build/arm_ik_solver/build install --record /home/ubuntu/Session5/build/arm_ik_solver/install.log --install-scripts $base/lib/arm_ik_solver --single-version-externally-managed install_data
[1.000s] DEBUG:colcon.colcon_core.event_handler.log_command:Invoking command in '/home/ubuntu/Session5/bme_ros2_simple_arm_py': PYTHONPATH=/home/ubuntu/Session5/build/bme_ros2_simple_arm_py/prefix_override:/usr/lib/python3/dist-packages/colcon_core/task/python/colcon_distutils_commands:/home/ubuntu/Session5/install/bme_ros2_simple_arm_py/lib/python3.12/site-packages:${PYTHONPATH} /usr/bin/python3 -W ignore:setup.py install is deprecated -W ignore:easy_install command is deprecated setup.py egg_info --egg-base ../build/bme_ros2_simple_arm_py build --build-base /home/ubuntu/Session5/build/bme_ros2_simple_arm_py/build install --record /home/ubuntu/Session5/build/bme_ros2_simple_arm_py/install.log --install-scripts $base/lib/bme_ros2_simple_arm_py --single-version-externally-managed install_data
[1.384s] Level 1:colcon.colcon_core.environment:checking '/home/ubuntu/Session5/install/arm_ik_solver' for CMake module files
[1.384s] DEBUG:colcon.colcon_core.event_handler.log_command:Invoked command in '/home/ubuntu/Session5/arm_ik_solver' returned '0': PYTHONPATH=/home/ubuntu/Session5/build/arm_ik_solver/prefix_override:/usr/lib/python3/dist-packages/colcon_core/task/python/colcon_distutils_commands:/home/ubuntu/Session5/install/arm_ik_solver/lib/python3.12/site-packages:${PYTHONPATH} /usr/bin/python3 -W ignore:setup.py install is deprecated -W ignore:easy_install command is deprecated setup.py egg_info --egg-base ../build/arm_ik_solver build --build-base /home/ubuntu/Session5/build/arm_ik_solver/build install --record /home/ubuntu/Session5/build/arm_ik_solver/install.log --install-scripts $base/lib/arm_ik_solver --single-version-externally-managed install_data
[1.385s] Level 1:colcon.colcon_core.environment:checking '/home/ubuntu/Session5/install/arm_ik_solver' for CMake config files
[1.385s] Level 1:colcon.colcon_core.environment:checking '/home/ubuntu/Session5/install/arm_ik_solver/lib'
[1.385s] Level 1:colcon.colcon_core.environment:checking '/home/ubuntu/Session5/install/arm_ik_solver/bin'
[1.385s] Level 1:colcon.colcon_core.environment:checking '/home/ubuntu/Session5/install/arm_ik_solver/lib/pkgconfig/arm_ik_solver.pc'
[1.385s] Level 1:colcon.colcon_core.environment:checking '/home/ubuntu/Session5/install/arm_ik_solver/lib/python3.12/site-packages'
[1.385s] Level 1:colcon.colcon_core.shell:create_environment_hook('arm_ik_solver', 'pythonpath')
[1.385s] INFO:colcon.colcon_core.shell:Creating environment hook '/home/ubuntu/Session5/install/arm_ik_solver/share/arm_ik_solver/hook/pythonpath.ps1'
[1.386s] INFO:colcon.colcon_core.shell:Creating environment descriptor '/home/ubuntu/Session5/install/arm_ik_solver/share/arm_ik_solver/hook/pythonpath.dsv'
[1.386s] INFO:colcon.colcon_core.shell:Creating environment hook '/home/ubuntu/Session5/install/arm_ik_solver/share/arm_ik_solver/hook/pythonpath.sh'
[1.386s] Level 1:colcon.colcon_core.environment:checking '/home/ubuntu/Session5/install/arm_ik_solver/bin'
[1.386s] Level 1:colcon.colcon_core.environment:create_environment_scripts_only(arm_ik_solver)
[1.387s] INFO:colcon.colcon_core.shell:Creating package script '/home/ubuntu/Session5/install/arm_ik_solver/share/arm_ik_solver/package.ps1'
[1.387s] INFO:colcon.colcon_core.shell:Creating package descriptor '/home/ubuntu/Session5/install/arm_ik_solver/share/arm_ik_solver/package.dsv'
[1.387s] INFO:colcon.colcon_core.shell:Creating package script '/home/ubuntu/Session5/install/arm_ik_solver/share/arm_ik_solver/package.sh'
[1.388s] INFO:colcon.colcon_core.shell:Creating package script '/home/ubuntu/Session5/install/arm_ik_solver/share/arm_ik_solver/package.bash'
[1.388s] INFO:colcon.colcon_core.shell:Creating package script '/home/ubuntu/Session5/install/arm_ik_solver/share/arm_ik_solver/package.zsh'
[1.388s] Level 1:colcon.colcon_core.environment:create_file_with_runtime_dependencies(/home/ubuntu/Session5/install/arm_ik_solver/share/colcon-core/packages/arm_ik_solver)
[1.389s] Level 1:colcon.colcon_core.environment:checking '/home/ubuntu/Session5/install/bme_ros2_simple_arm_py' for CMake module files
[1.390s] Level 1:colcon.colcon_core.environment:checking '/home/ubuntu/Session5/install/bme_ros2_simple_arm_py' for CMake config files
[1.390s] DEBUG:colcon.colcon_core.event_handler.log_command:Invoked command in '/home/ubuntu/Session5/bme_ros2_simple_arm_py' returned '0': PYTHONPATH=/home/ubuntu/Session5/build/bme_ros2_simple_arm_py/prefix_override:/usr/lib/python3/dist-packages/colcon_core/task/python/colcon_distutils_commands:/home/ubuntu/Session5/install/bme_ros2_simple_arm_py/lib/python3.12/site-packages:${PYTHONPATH} /usr/bin/python3 -W ignore:setup.py install is deprecated -W ignore:easy_install command is deprecated setup.py egg_info --egg-base ../build/bme_ros2_simple_arm_py build --build-base /home/ubuntu/Session5/build/bme_ros2_simple_arm_py/build install --record /home/ubuntu/Session5/build/bme_ros2_simple_arm_py/install.log --install-scripts $base/lib/bme_ros2_simple_arm_py --single-version-externally-managed install_data
[1.391s] Level 1:colcon.colcon_core.environment:checking '/home/ubuntu/Session5/install/bme_ros2_simple_arm_py/lib'
[1.391s] Level 1:colcon.colcon_core.environment:checking '/home/ubuntu/Session5/install/bme_ros2_simple_arm_py/bin'
[1.391s] Level 1:colcon.colcon_core.environment:checking '/home/ubuntu/Session5/install/bme_ros2_simple_arm_py/lib/pkgconfig/bme_ros2_simple_arm_py.pc'
[1.391s] Level 1:colcon.colcon_core.environment:checking '/home/ubuntu/Session5/install/bme_ros2_simple_arm_py/lib/python3.12/site-packages'
[1.391s] Level 1:colcon.colcon_core.shell:create_environment_hook('bme_ros2_simple_arm_py', 'pythonpath')
[1.391s] INFO:colcon.colcon_core.shell:Creating environment hook '/home/ubuntu/Session5/install/bme_ros2_simple_arm_py/share/bme_ros2_simple_arm_py/hook/pythonpath.ps1'
[1.391s] INFO:colcon.colcon_core.shell:Creating environment descriptor '/home/ubuntu/Session5/install/bme_ros2_simple_arm_py/share/bme_ros2_simple_arm_py/hook/pythonpath.dsv'
[1.392s] INFO:colcon.colcon_core.shell:Creating environment hook '/home/ubuntu/Session5/install/bme_ros2_simple_arm_py/share/bme_ros2_simple_arm_py/hook/pythonpath.sh'
[1.392s] Level 1:colcon.colcon_core.environment:checking '/home/ubuntu/Session5/install/bme_ros2_simple_arm_py/bin'
[1.392s] Level 1:colcon.colcon_core.environment:create_environment_scripts_only(bme_ros2_simple_arm_py)
[1.392s] INFO:colcon.colcon_core.shell:Creating package script '/home/ubuntu/Session5/install/bme_ros2_simple_arm_py/share/bme_ros2_simple_arm_py/package.ps1'
[1.393s] INFO:colcon.colcon_core.shell:Creating package descriptor '/home/ubuntu/Session5/install/bme_ros2_simple_arm_py/share/bme_ros2_simple_arm_py/package.dsv'
[1.393s] INFO:colcon.colcon_core.shell:Creating package script '/home/ubuntu/Session5/install/bme_ros2_simple_arm_py/share/bme_ros2_simple_arm_py/package.sh'
[1.393s] INFO:colcon.colcon_core.shell:Creating package script '/home/ubuntu/Session5/install/bme_ros2_simple_arm_py/share/bme_ros2_simple_arm_py/package.bash'
[1.393s] INFO:colcon.colcon_core.shell:Creating package script '/home/ubuntu/Session5/install/bme_ros2_simple_arm_py/share/bme_ros2_simple_arm_py/package.zsh'
[1.393s] Level 1:colcon.colcon_core.environment:create_file_with_runtime_dependencies(/home/ubuntu/Session5/install/bme_ros2_simple_arm_py/share/colcon-core/packages/bme_ros2_simple_arm_py)
[1.394s] DEBUG:colcon.colcon_parallel_executor.executor.parallel:closing loop
[1.394s] DEBUG:colcon.colcon_parallel_executor.executor.parallel:loop closed
[1.394s] DEBUG:colcon.colcon_parallel_executor.executor.parallel:run_until_complete finished with '0'
[1.394s] DEBUG:colcon.colcon_core.event_reactor:joining thread
[1.406s] INFO:colcon.colcon_core.plugin_system:Skipping extension 'colcon_notification.desktop_notification.terminal_notifier': Not used on non-Darwin systems
[1.406s] INFO:colcon.colcon_core.plugin_system:Skipping extension 'colcon_notification.desktop_notification.win32': Not used on non-Windows systems
[1.406s] INFO:colcon.colcon_notification.desktop_notification:Sending desktop notification using 'notify2'
[1.490s] DEBUG:colcon.colcon_core.event_reactor:joined thread
[1.490s] INFO:colcon.colcon_core.shell:Creating prefix script '/home/ubuntu/Session5/install/local_setup.ps1'
[1.491s] INFO:colcon.colcon_core.shell:Creating prefix util module '/home/ubuntu/Session5/install/_local_setup_util_ps1.py'
[1.492s] INFO:colcon.colcon_core.shell:Creating prefix chain script '/home/ubuntu/Session5/install/setup.ps1'
[1.493s] INFO:colcon.colcon_core.shell:Creating prefix script '/home/ubuntu/Session5/install/local_setup.sh'
[1.493s] INFO:colcon.colcon_core.shell:Creating prefix util module '/home/ubuntu/Session5/install/_local_setup_util_sh.py'
[1.493s] INFO:colcon.colcon_core.shell:Creating prefix chain script '/home/ubuntu/Session5/install/setup.sh'
[1.494s] INFO:colcon.colcon_core.shell:Creating prefix script '/home/ubuntu/Session5/install/local_setup.bash'
[1.495s] INFO:colcon.colcon_core.shell:Creating prefix chain script '/home/ubuntu/Session5/install/setup.bash'
[1.495s] INFO:colcon.colcon_core.shell:Creating prefix script '/home/ubuntu/Session5/install/local_setup.zsh'
[1.496s] INFO:colcon.colcon_core.shell:Creating prefix chain script '/home/ubuntu/Session5/install/setup.zsh'
