[0.724s] Invoking command in '/home/ubuntu/Session5/bme_ros2_navigation_py': PYTHONPATH=/home/ubuntu/Session5/build/bme_ros2_navigation_py/prefix_override:/usr/lib/python3/dist-packages/colcon_core/task/python/colcon_distutils_commands:/home/ubuntu/Session5/install/bme_ros2_navigation_py/lib/python3.12/site-packages:${PYTHONPATH} /usr/bin/python3 -W ignore:setup.py install is deprecated -W ignore:easy_install command is deprecated setup.py egg_info --egg-base ../build/bme_ros2_navigation_py build --build-base /home/ubuntu/Session5/build/bme_ros2_navigation_py/build install --record /home/ubuntu/Session5/build/bme_ros2_navigation_py/install.log --install-scripts $base/lib/bme_ros2_navigation_py --single-version-externally-managed install_data
[0.901s] running egg_info
[0.914s] writing ../build/bme_ros2_navigation_py/bme_ros2_navigation_py.egg-info/PKG-INFO
[0.914s] writing dependency_links to ../build/bme_ros2_navigation_py/bme_ros2_navigation_py.egg-info/dependency_links.txt
[0.915s] writing entry points to ../build/bme_ros2_navigation_py/bme_ros2_navigation_py.egg-info/entry_points.txt
[0.915s] writing requirements to ../build/bme_ros2_navigation_py/bme_ros2_navigation_py.egg-info/requires.txt
[0.915s] writing top-level names to ../build/bme_ros2_navigation_py/bme_ros2_navigation_py.egg-info/top_level.txt
[0.942s] reading manifest file '../build/bme_ros2_navigation_py/bme_ros2_navigation_py.egg-info/SOURCES.txt'
[0.942s] writing manifest file '../build/bme_ros2_navigation_py/bme_ros2_navigation_py.egg-info/SOURCES.txt'
[0.943s] running build
[0.943s] running build_py
[0.943s] copying bme_ros2_navigation_py/waypoint_patrol.py -> /home/ubuntu/Session5/build/bme_ros2_navigation_py/build/lib/bme_ros2_navigation_py
[0.943s] running install
[0.947s] running install_lib
[0.960s] copying /home/ubuntu/Session5/build/bme_ros2_navigation_py/build/lib/bme_ros2_navigation_py/waypoint_patrol.py -> /home/ubuntu/Session5/install/bme_ros2_navigation_py/lib/python3.12/site-packages/bme_ros2_navigation_py
[0.961s] byte-compiling /home/ubuntu/Session5/install/bme_ros2_navigation_py/lib/python3.12/site-packages/bme_ros2_navigation_py/waypoint_patrol.py to waypoint_patrol.cpython-312.pyc
[0.962s] running install_data
[0.962s] running install_egg_info
[0.976s] removing '/home/ubuntu/Session5/install/bme_ros2_navigation_py/lib/python3.12/site-packages/bme_ros2_navigation_py-1.0.0-py3.12.egg-info' (and everything under it)
[0.976s] Copying ../build/bme_ros2_navigation_py/bme_ros2_navigation_py.egg-info to /home/ubuntu/Session5/install/bme_ros2_navigation_py/lib/python3.12/site-packages/bme_ros2_navigation_py-1.0.0-py3.12.egg-info
[0.977s] running install_scripts
[1.072s] Installing send_initialpose script to /home/ubuntu/Session5/install/bme_ros2_navigation_py/lib/bme_ros2_navigation_py
[1.074s] Installing slam_toolbox_load_map script to /home/ubuntu/Session5/install/bme_ros2_navigation_py/lib/bme_ros2_navigation_py
[1.074s] Installing waypoint_patrol script to /home/ubuntu/Session5/install/bme_ros2_navigation_py/lib/bme_ros2_navigation_py
[1.075s] writing list of installed files to '/home/ubuntu/Session5/build/bme_ros2_navigation_py/install.log'
[1.092s] Invoked command in '/home/ubuntu/Session5/bme_ros2_navigation_py' returned '0': PYTHONPATH=/home/ubuntu/Session5/build/bme_ros2_navigation_py/prefix_override:/usr/lib/python3/dist-packages/colcon_core/task/python/colcon_distutils_commands:/home/ubuntu/Session5/install/bme_ros2_navigation_py/lib/python3.12/site-packages:${PYTHONPATH} /usr/bin/python3 -W ignore:setup.py install is deprecated -W ignore:easy_install command is deprecated setup.py egg_info --egg-base ../build/bme_ros2_navigation_py build --build-base /home/ubuntu/Session5/build/bme_ros2_navigation_py/build install --record /home/ubuntu/Session5/build/bme_ros2_navigation_py/install.log --install-scripts $base/lib/bme_ros2_navigation_py --single-version-externally-managed install_data
