[1.962s] Invoking command in '/home/ubuntu/Session5/arm_ik_solver': PYTHONPATH=/home/ubuntu/Session5/build/arm_ik_solver/prefix_override:/usr/lib/python3/dist-packages/colcon_core/task/python/colcon_distutils_commands:/home/ubuntu/Session5/install/arm_ik_solver/lib/python3.12/site-packages:${PYTHONPATH} /usr/bin/python3 -W ignore:setup.py install is deprecated -W ignore:easy_install command is deprecated setup.py egg_info --egg-base ../build/arm_ik_solver build --build-base /home/ubuntu/Session5/build/arm_ik_solver/build install --record /home/ubuntu/Session5/build/arm_ik_solver/install.log --install-scripts $base/lib/arm_ik_solver --single-version-externally-managed install_data
[2.371s] running egg_info
[2.407s] writing ../build/arm_ik_solver/arm_ik_solver.egg-info/PKG-INFO
[2.408s] writing dependency_links to ../build/arm_ik_solver/arm_ik_solver.egg-info/dependency_links.txt
[2.408s] writing requirements to ../build/arm_ik_solver/arm_ik_solver.egg-info/requires.txt
[2.408s] writing top-level names to ../build/arm_ik_solver/arm_ik_solver.egg-info/top_level.txt
[2.489s] reading manifest file '../build/arm_ik_solver/arm_ik_solver.egg-info/SOURCES.txt'
[2.491s] adding license file 'LICENSE'
[2.492s] writing manifest file '../build/arm_ik_solver/arm_ik_solver.egg-info/SOURCES.txt'
[2.493s] running build
[2.493s] running build_py
[2.493s] running install
[2.503s] running install_lib
[2.543s] running install_data
[2.543s] running install_egg_info
[2.589s] removing '/home/ubuntu/Session5/install/arm_ik_solver/lib/python3.12/site-packages/arm_ik_solver-0.0.0-py3.12.egg-info' (and everything under it)
[2.589s] Copying ../build/arm_ik_solver/arm_ik_solver.egg-info to /home/ubuntu/Session5/install/arm_ik_solver/lib/python3.12/site-packages/arm_ik_solver-0.0.0-py3.12.egg-info
[2.591s] running install_scripts
[2.809s] writing list of installed files to '/home/ubuntu/Session5/build/arm_ik_solver/install.log'
[2.852s] Invoked command in '/home/ubuntu/Session5/arm_ik_solver' returned '0': PYTHONPATH=/home/ubuntu/Session5/build/arm_ik_solver/prefix_override:/usr/lib/python3/dist-packages/colcon_core/task/python/colcon_distutils_commands:/home/ubuntu/Session5/install/arm_ik_solver/lib/python3.12/site-packages:${PYTHONPATH} /usr/bin/python3 -W ignore:setup.py install is deprecated -W ignore:easy_install command is deprecated setup.py egg_info --egg-base ../build/arm_ik_solver build --build-base /home/ubuntu/Session5/build/arm_ik_solver/build install --record /home/ubuntu/Session5/build/arm_ik_solver/install.log --install-scripts $base/lib/arm_ik_solver --single-version-externally-managed install_data
