[0.030s] Invoking command in '/home/ubuntu/Session5/build/bme_ros2_simple_arm': CMAKE_PREFIX_PATH=${CMAKE_PREFIX_PATH}:/opt/ros/jazzy /usr/bin/cmake --build /home/ubuntu/Session5/build/bme_ros2_simple_arm -- -j24 -l24
[0.211s] Invoked command in '/home/ubuntu/Session5/build/bme_ros2_simple_arm' returned '0': CMAKE_PREFIX_PATH=${CMAKE_PREFIX_PATH}:/opt/ros/jazzy /usr/bin/cmake --build /home/ubuntu/Session5/build/bme_ros2_simple_arm -- -j24 -l24
[0.220s] Invoking command in '/home/ubuntu/Session5/build/bme_ros2_simple_arm': CMAKE_PREFIX_PATH=${CMAKE_PREFIX_PATH}:/opt/ros/jazzy /usr/bin/cmake --install /home/ubuntu/Session5/build/bme_ros2_simple_arm
[0.382s] -- Install configuration: ""
[0.382s] -- Up-to-date: /home/ubuntu/Session5/install/bme_ros2_simple_arm/share/bme_ros2_simple_arm/config
[0.382s] -- Up-to-date: /home/ubuntu/Session5/install/bme_ros2_simple_arm/share/bme_ros2_simple_arm/config/controller_position.yaml
[0.382s] -- Up-to-date: /home/ubuntu/Session5/install/bme_ros2_simple_arm/share/bme_ros2_simple_arm/config/gz_bridge.yaml
[0.382s] -- Up-to-date: /home/ubuntu/Session5/install/bme_ros2_simple_arm/share/bme_ros2_simple_arm/launch
[0.382s] -- Up-to-date: /home/ubuntu/Session5/install/bme_ros2_simple_arm/share/bme_ros2_simple_arm/launch/spawn_robot.launch.py
[0.382s] -- Up-to-date: /home/ubuntu/Session5/install/bme_ros2_simple_arm/share/bme_ros2_simple_arm/launch/world.launch.py
[0.382s] -- Up-to-date: /home/ubuntu/Session5/install/bme_ros2_simple_arm/share/bme_ros2_simple_arm/launch/check_urdf.launch.py
[0.383s] -- Up-to-date: /home/ubuntu/Session5/install/bme_ros2_simple_arm/share/bme_ros2_simple_arm/worlds
[0.383s] -- Up-to-date: /home/ubuntu/Session5/install/bme_ros2_simple_arm/share/bme_ros2_simple_arm/worlds/empty.sdf
[0.383s] -- Up-to-date: /home/ubuntu/Session5/install/bme_ros2_simple_arm/share/bme_ros2_simple_arm/worlds/world.sdf
[0.383s] -- Up-to-date: /home/ubuntu/Session5/install/bme_ros2_simple_arm/share/bme_ros2_simple_arm/rviz
[0.383s] -- Up-to-date: /home/ubuntu/Session5/install/bme_ros2_simple_arm/share/bme_ros2_simple_arm/rviz/urdf.rviz
[0.383s] -- Up-to-date: /home/ubuntu/Session5/install/bme_ros2_simple_arm/share/bme_ros2_simple_arm/rviz/rviz.rviz
[0.383s] -- Up-to-date: /home/ubuntu/Session5/install/bme_ros2_simple_arm/share/bme_ros2_simple_arm/urdf
[0.383s] -- Up-to-date: /home/ubuntu/Session5/install/bme_ros2_simple_arm/share/bme_ros2_simple_arm/urdf/mogi_arm.gazebo
[0.383s] -- Up-to-date: /home/ubuntu/Session5/install/bme_ros2_simple_arm/share/bme_ros2_simple_arm/urdf/mogi_arm.xacro
[0.384s] -- Up-to-date: /home/ubuntu/Session5/install/bme_ros2_simple_arm/share/bme_ros2_simple_arm/urdf/materials.xacro
[0.384s] -- Up-to-date: /home/ubuntu/Session5/install/bme_ros2_simple_arm/share/bme_ros2_simple_arm/meshes
[0.384s] -- Up-to-date: /home/ubuntu/Session5/install/bme_ros2_simple_arm/share/bme_ros2_simple_arm/meshes/forearm.STEP
[0.384s] -- Up-to-date: /home/ubuntu/Session5/install/bme_ros2_simple_arm/share/bme_ros2_simple_arm/meshes/wrist.blend
[0.384s] -- Up-to-date: /home/ubuntu/Session5/install/bme_ros2_simple_arm/share/bme_ros2_simple_arm/meshes/wrist.SLDPRT
[0.384s] -- Up-to-date: /home/ubuntu/Session5/install/bme_ros2_simple_arm/share/bme_ros2_simple_arm/meshes/wrist.dae
[0.384s] -- Up-to-date: /home/ubuntu/Session5/install/bme_ros2_simple_arm/share/bme_ros2_simple_arm/meshes/forearm.dae
[0.384s] -- Up-to-date: /home/ubuntu/Session5/install/bme_ros2_simple_arm/share/bme_ros2_simple_arm/meshes/upper_arm.STEP
[0.384s] -- Up-to-date: /home/ubuntu/Session5/install/bme_ros2_simple_arm/share/bme_ros2_simple_arm/meshes/shoulder.SLDPRT
[0.384s] -- Up-to-date: /home/ubuntu/Session5/install/bme_ros2_simple_arm/share/bme_ros2_simple_arm/meshes/upper_arm.SLDPRT
[0.384s] -- Up-to-date: /home/ubuntu/Session5/install/bme_ros2_simple_arm/share/bme_ros2_simple_arm/meshes/wrist.STL
[0.384s] -- Up-to-date: /home/ubuntu/Session5/install/bme_ros2_simple_arm/share/bme_ros2_simple_arm/meshes/shoulder.blend
[0.385s] -- Up-to-date: /home/ubuntu/Session5/install/bme_ros2_simple_arm/share/bme_ros2_simple_arm/meshes/upper_arm.blend
[0.385s] -- Up-to-date: /home/ubuntu/Session5/install/bme_ros2_simple_arm/share/bme_ros2_simple_arm/meshes/shoulder.dae
[0.385s] -- Up-to-date: /home/ubuntu/Session5/install/bme_ros2_simple_arm/share/bme_ros2_simple_arm/meshes/forearm.STL
[0.385s] -- Up-to-date: /home/ubuntu/Session5/install/bme_ros2_simple_arm/share/bme_ros2_simple_arm/meshes/forearm.blend
[0.385s] -- Up-to-date: /home/ubuntu/Session5/install/bme_ros2_simple_arm/share/bme_ros2_simple_arm/meshes/upper_arm.STL
[0.385s] -- Up-to-date: /home/ubuntu/Session5/install/bme_ros2_simple_arm/share/bme_ros2_simple_arm/meshes/shoulder.STEP
[0.385s] -- Up-to-date: /home/ubuntu/Session5/install/bme_ros2_simple_arm/share/bme_ros2_simple_arm/meshes/wrist.STEP
[0.385s] -- Up-to-date: /home/ubuntu/Session5/install/bme_ros2_simple_arm/share/bme_ros2_simple_arm/meshes/upper_arm.dae
[0.385s] -- Up-to-date: /home/ubuntu/Session5/install/bme_ros2_simple_arm/share/bme_ros2_simple_arm/meshes/forearm.SLDPRT
[0.385s] -- Up-to-date: /home/ubuntu/Session5/install/bme_ros2_simple_arm/share/bme_ros2_simple_arm/meshes/shoulder.STL
[0.385s] -- Up-to-date: /home/ubuntu/Session5/install/bme_ros2_simple_arm/share/ament_index/resource_index/package_run_dependencies/bme_ros2_simple_arm
[0.385s] -- Up-to-date: /home/ubuntu/Session5/install/bme_ros2_simple_arm/share/ament_index/resource_index/parent_prefix_path/bme_ros2_simple_arm
[0.385s] -- Up-to-date: /home/ubuntu/Session5/install/bme_ros2_simple_arm/share/bme_ros2_simple_arm/environment/ament_prefix_path.sh
[0.385s] -- Up-to-date: /home/ubuntu/Session5/install/bme_ros2_simple_arm/share/bme_ros2_simple_arm/environment/ament_prefix_path.dsv
[0.385s] -- Up-to-date: /home/ubuntu/Session5/install/bme_ros2_simple_arm/share/bme_ros2_simple_arm/environment/path.sh
[0.385s] -- Up-to-date: /home/ubuntu/Session5/install/bme_ros2_simple_arm/share/bme_ros2_simple_arm/environment/path.dsv
[0.385s] -- Up-to-date: /home/ubuntu/Session5/install/bme_ros2_simple_arm/share/bme_ros2_simple_arm/local_setup.bash
[0.386s] -- Up-to-date: /home/ubuntu/Session5/install/bme_ros2_simple_arm/share/bme_ros2_simple_arm/local_setup.sh
[0.386s] -- Up-to-date: /home/ubuntu/Session5/install/bme_ros2_simple_arm/share/bme_ros2_simple_arm/local_setup.zsh
[0.386s] -- Up-to-date: /home/ubuntu/Session5/install/bme_ros2_simple_arm/share/bme_ros2_simple_arm/local_setup.dsv
[0.386s] -- Installing: /home/ubuntu/Session5/install/bme_ros2_simple_arm/share/bme_ros2_simple_arm/package.dsv
[0.386s] -- Up-to-date: /home/ubuntu/Session5/install/bme_ros2_simple_arm/share/ament_index/resource_index/packages/bme_ros2_simple_arm
[0.386s] -- Up-to-date: /home/ubuntu/Session5/install/bme_ros2_simple_arm/share/bme_ros2_simple_arm/cmake/bme_ros2_simple_armConfig.cmake
[0.386s] -- Up-to-date: /home/ubuntu/Session5/install/bme_ros2_simple_arm/share/bme_ros2_simple_arm/cmake/bme_ros2_simple_armConfig-version.cmake
[0.386s] -- Up-to-date: /home/ubuntu/Session5/install/bme_ros2_simple_arm/share/bme_ros2_simple_arm/package.xml
[0.389s] Invoked command in '/home/ubuntu/Session5/build/bme_ros2_simple_arm' returned '0': CMAKE_PREFIX_PATH=${CMAKE_PREFIX_PATH}:/opt/ros/jazzy /usr/bin/cmake --install /home/ubuntu/Session5/build/bme_ros2_simple_arm
