[0.759s] Invoking command in '/home/ubuntu/Session5/arm_ik_solver': PYTHONPATH=/home/ubuntu/Session5/build/arm_ik_solver/prefix_override:/usr/lib/python3/dist-packages/colcon_core/task/python/colcon_distutils_commands:/home/ubuntu/Session5/install/arm_ik_solver/lib/python3.12/site-packages:${PYTHONPATH} /usr/bin/python3 -W ignore:setup.py install is deprecated -W ignore:easy_install command is deprecated setup.py egg_info --egg-base ../build/arm_ik_solver build --build-base /home/ubuntu/Session5/build/arm_ik_solver/build install --record /home/ubuntu/Session5/build/arm_ik_solver/install.log --install-scripts $base/lib/arm_ik_solver --single-version-externally-managed install_data
[0.940s] running egg_info
[0.953s] writing ../build/arm_ik_solver/arm_ik_solver.egg-info/PKG-INFO
[0.953s] writing dependency_links to ../build/arm_ik_solver/arm_ik_solver.egg-info/dependency_links.txt
[0.953s] writing requirements to ../build/arm_ik_solver/arm_ik_solver.egg-info/requires.txt
[0.953s] writing top-level names to ../build/arm_ik_solver/arm_ik_solver.egg-info/top_level.txt
[0.980s] reading manifest file '../build/arm_ik_solver/arm_ik_solver.egg-info/SOURCES.txt'
[0.980s] adding license file 'LICENSE'
[0.980s] writing manifest file '../build/arm_ik_solver/arm_ik_solver.egg-info/SOURCES.txt'
[0.980s] running build
[0.980s] running build_py
[0.981s] running install
[0.985s] running install_lib
[0.998s] running install_data
[0.998s] running install_egg_info
[1.013s] removing '/home/ubuntu/Session5/install/arm_ik_solver/lib/python3.12/site-packages/arm_ik_solver-0.0.0-py3.12.egg-info' (and everything under it)
[1.014s] Copying ../build/arm_ik_solver/arm_ik_solver.egg-info to /home/ubuntu/Session5/install/arm_ik_solver/lib/python3.12/site-packages/arm_ik_solver-0.0.0-py3.12.egg-info
[1.015s] running install_scripts
[1.110s] writing list of installed files to '/home/ubuntu/Session5/build/arm_ik_solver/install.log'
[1.133s] Invoked command in '/home/ubuntu/Session5/arm_ik_solver' returned '0': PYTHONPATH=/home/ubuntu/Session5/build/arm_ik_solver/prefix_override:/usr/lib/python3/dist-packages/colcon_core/task/python/colcon_distutils_commands:/home/ubuntu/Session5/install/arm_ik_solver/lib/python3.12/site-packages:${PYTHONPATH} /usr/bin/python3 -W ignore:setup.py install is deprecated -W ignore:easy_install command is deprecated setup.py egg_info --egg-base ../build/arm_ik_solver build --build-base /home/ubuntu/Session5/build/arm_ik_solver/build install --record /home/ubuntu/Session5/build/arm_ik_solver/install.log --install-scripts $base/lib/arm_ik_solver --single-version-externally-managed install_data
