[0.024s] Invoking command in '/home/ubuntu/Session5/build/bme_ros2_navigation': CMAKE_PREFIX_PATH=${CMAKE_PREFIX_PATH}:/opt/ros/jazzy /usr/bin/cmake /home/ubuntu/Session5/bme_ros2_navigation -DCMAKE_INSTALL_PREFIX=/home/ubuntu/Session5/install/bme_ros2_navigation
[0.228s] -- The C compiler identification is GNU 13.3.0
[0.340s] -- The CXX compiler identification is GNU 13.3.0
[0.361s] -- Detecting C compiler ABI info
[0.451s] -- Detecting C compiler ABI info - done
[0.456s] -- Check for working C compiler: /usr/bin/cc - skipped
[0.458s] -- Detecting C compile features
[0.459s] -- Detecting C compile features - done
[0.468s] -- Detecting CXX compiler ABI info
[0.545s] -- Detecting CXX compiler ABI info - done
[0.551s] -- Check for working CXX compiler: /usr/bin/c++ - skipped
[0.551s] -- Detecting CXX compile features
[0.551s] -- Detecting CXX compile features - done
[0.606s] -- Found ament_cmake: 2.5.6 (/opt/ros/jazzy/share/ament_cmake/cmake)
[0.732s] -- Found Python3: /usr/bin/python3 (found version "3.12.3") found components: Interpreter 
[0.906s] -- Found ament_lint_auto: 0.17.5 (/opt/ros/jazzy/share/ament_lint_auto/cmake)
[1.037s] -- Added test 'flake8' to check Python code syntax and style conventions
[1.037s] -- Configured 'flake8' exclude dirs and/or files: 
[1.039s] -- Added test 'lint_cmake' to check CMake code style
[1.039s] -- Added test 'pep257' to check Python code against some of the docstring style conventions in PEP 257
[1.042s] -- Added test 'xmllint' to check XML markup files
[1.044s] -- Configuring done (1.0s)
[1.048s] -- Generating done (0.0s)
[1.050s] -- Build files have been written to: /home/ubuntu/Session5/build/bme_ros2_navigation
[1.054s] Invoked command in '/home/ubuntu/Session5/build/bme_ros2_navigation' returned '0': CMAKE_PREFIX_PATH=${CMAKE_PREFIX_PATH}:/opt/ros/jazzy /usr/bin/cmake /home/ubuntu/Session5/bme_ros2_navigation -DCMAKE_INSTALL_PREFIX=/home/ubuntu/Session5/install/bme_ros2_navigation
[1.055s] Invoking command in '/home/ubuntu/Session5/build/bme_ros2_navigation': CMAKE_PREFIX_PATH=${CMAKE_PREFIX_PATH}:/opt/ros/jazzy /usr/bin/cmake --build /home/ubuntu/Session5/build/bme_ros2_navigation -- -j24 -l24
[1.086s] Invoked command in '/home/ubuntu/Session5/build/bme_ros2_navigation' returned '0': CMAKE_PREFIX_PATH=${CMAKE_PREFIX_PATH}:/opt/ros/jazzy /usr/bin/cmake --build /home/ubuntu/Session5/build/bme_ros2_navigation -- -j24 -l24
[1.095s] Invoking command in '/home/ubuntu/Session5/build/bme_ros2_navigation': CMAKE_PREFIX_PATH=${CMAKE_PREFIX_PATH}:/opt/ros/jazzy /usr/bin/cmake --install /home/ubuntu/Session5/build/bme_ros2_navigation
[1.101s] -- Install configuration: ""
[1.101s] -- Installing: /home/ubuntu/Session5/install/bme_ros2_navigation/share/bme_ros2_navigation/launch
[1.102s] -- Installing: /home/ubuntu/Session5/install/bme_ros2_navigation/share/bme_ros2_navigation/launch/spawn_robot.launch.py
[1.102s] -- Installing: /home/ubuntu/Session5/install/bme_ros2_navigation/share/bme_ros2_navigation/launch/world.launch.py
[1.102s] -- Installing: /home/ubuntu/Session5/install/bme_ros2_navigation/share/bme_ros2_navigation/launch/check_urdf.launch.py
[1.103s] -- Installing: /home/ubuntu/Session5/install/bme_ros2_navigation/share/bme_ros2_navigation/launch/mapping.launch.py
[1.103s] -- Installing: /home/ubuntu/Session5/install/bme_ros2_navigation/share/bme_ros2_navigation/worlds
[1.103s] -- Installing: /home/ubuntu/Session5/install/bme_ros2_navigation/share/bme_ros2_navigation/worlds/empty.sdf
[1.103s] -- Installing: /home/ubuntu/Session5/install/bme_ros2_navigation/share/bme_ros2_navigation/worlds/home.sdf
[1.103s] -- Installing: /home/ubuntu/Session5/install/bme_ros2_navigation/share/bme_ros2_navigation/rviz
[1.103s] -- Installing: /home/ubuntu/Session5/install/bme_ros2_navigation/share/bme_ros2_navigation/rviz/urdf.rviz
[1.103s] -- Installing: /home/ubuntu/Session5/install/bme_ros2_navigation/share/bme_ros2_navigation/rviz/rviz.rviz
[1.103s] -- Installing: /home/ubuntu/Session5/install/bme_ros2_navigation/share/bme_ros2_navigation/rviz/mapping.rviz
[1.104s] -- Installing: /home/ubuntu/Session5/install/bme_ros2_navigation/share/bme_ros2_navigation/rviz/navigation.rviz
[1.104s] -- Installing: /home/ubuntu/Session5/install/bme_ros2_navigation/share/bme_ros2_navigation/rviz/localization.rviz
[1.104s] -- Installing: /home/ubuntu/Session5/install/bme_ros2_navigation/share/bme_ros2_navigation/urdf
[1.104s] -- Installing: /home/ubuntu/Session5/install/bme_ros2_navigation/share/bme_ros2_navigation/urdf/mogi_bot.gazebo
[1.104s] -- Installing: /home/ubuntu/Session5/install/bme_ros2_navigation/share/bme_ros2_navigation/urdf/mogi_bot.urdf
[1.104s] -- Installing: /home/ubuntu/Session5/install/bme_ros2_navigation/share/bme_ros2_navigation/urdf/materials.xacro
[1.105s] -- Installing: /home/ubuntu/Session5/install/bme_ros2_navigation/share/bme_ros2_navigation/meshes
[1.105s] -- Installing: /home/ubuntu/Session5/install/bme_ros2_navigation/share/bme_ros2_navigation/meshes/lidar.dae
[1.105s] -- Installing: /home/ubuntu/Session5/install/bme_ros2_navigation/share/bme_ros2_navigation/meshes/wheel.dae
[1.105s] -- Installing: /home/ubuntu/Session5/install/bme_ros2_navigation/share/bme_ros2_navigation/meshes/mogi_bot.dae
[1.105s] -- Installing: /home/ubuntu/Session5/install/bme_ros2_navigation/share/bme_ros2_navigation/config
[1.106s] -- Installing: /home/ubuntu/Session5/install/bme_ros2_navigation/share/bme_ros2_navigation/config/slam_toolbox_mapping.yaml
[1.106s] -- Installing: /home/ubuntu/Session5/install/bme_ros2_navigation/share/bme_ros2_navigation/config/navigation.yaml
[1.106s] -- Installing: /home/ubuntu/Session5/install/bme_ros2_navigation/share/bme_ros2_navigation/config/amcl_localization.yaml
[1.106s] -- Installing: /home/ubuntu/Session5/install/bme_ros2_navigation/share/bme_ros2_navigation/config/slam_toolbox_localization.yaml
[1.106s] -- Installing: /home/ubuntu/Session5/install/bme_ros2_navigation/share/bme_ros2_navigation/config/ekf.yaml
[1.106s] -- Installing: /home/ubuntu/Session5/install/bme_ros2_navigation/share/bme_ros2_navigation/config/waypoints.yaml
[1.106s] -- Installing: /home/ubuntu/Session5/install/bme_ros2_navigation/share/bme_ros2_navigation/config/gz_bridge.yaml
[1.106s] -- Installing: /home/ubuntu/Session5/install/bme_ros2_navigation/share/bme_ros2_navigation/maps
[1.106s] -- Installing: /home/ubuntu/Session5/install/bme_ros2_navigation/share/bme_ros2_navigation/maps/serialized.posegraph
[1.111s] -- Installing: /home/ubuntu/Session5/install/bme_ros2_navigation/share/bme_ros2_navigation/maps/my_map.pgm
[1.112s] -- Installing: /home/ubuntu/Session5/install/bme_ros2_navigation/share/bme_ros2_navigation/maps/my_map.yaml
[1.112s] -- Installing: /home/ubuntu/Session5/install/bme_ros2_navigation/share/bme_ros2_navigation/maps/serialized.data
[1.113s] -- Installing: /home/ubuntu/Session5/install/bme_ros2_navigation/share/ament_index/resource_index/package_run_dependencies/bme_ros2_navigation
[1.114s] -- Installing: /home/ubuntu/Session5/install/bme_ros2_navigation/share/ament_index/resource_index/parent_prefix_path/bme_ros2_navigation
[1.114s] -- Installing: /home/ubuntu/Session5/install/bme_ros2_navigation/share/bme_ros2_navigation/environment/ament_prefix_path.sh
[1.114s] -- Installing: /home/ubuntu/Session5/install/bme_ros2_navigation/share/bme_ros2_navigation/environment/ament_prefix_path.dsv
[1.114s] -- Installing: /home/ubuntu/Session5/install/bme_ros2_navigation/share/bme_ros2_navigation/environment/path.sh
[1.114s] -- Installing: /home/ubuntu/Session5/install/bme_ros2_navigation/share/bme_ros2_navigation/environment/path.dsv
[1.114s] -- Installing: /home/ubuntu/Session5/install/bme_ros2_navigation/share/bme_ros2_navigation/local_setup.bash
[1.115s] -- Installing: /home/ubuntu/Session5/install/bme_ros2_navigation/share/bme_ros2_navigation/local_setup.sh
[1.115s] -- Installing: /home/ubuntu/Session5/install/bme_ros2_navigation/share/bme_ros2_navigation/local_setup.zsh
[1.115s] -- Installing: /home/ubuntu/Session5/install/bme_ros2_navigation/share/bme_ros2_navigation/local_setup.dsv
[1.115s] -- Installing: /home/ubuntu/Session5/install/bme_ros2_navigation/share/bme_ros2_navigation/package.dsv
[1.115s] -- Installing: /home/ubuntu/Session5/install/bme_ros2_navigation/share/ament_index/resource_index/packages/bme_ros2_navigation
[1.115s] -- Installing: /home/ubuntu/Session5/install/bme_ros2_navigation/share/bme_ros2_navigation/cmake/bme_ros2_navigationConfig.cmake
[1.116s] -- Installing: /home/ubuntu/Session5/install/bme_ros2_navigation/share/bme_ros2_navigation/cmake/bme_ros2_navigationConfig-version.cmake
[1.116s] -- Installing: /home/ubuntu/Session5/install/bme_ros2_navigation/share/bme_ros2_navigation/package.xml
[1.117s] Invoked command in '/home/ubuntu/Session5/build/bme_ros2_navigation' returned '0': CMAKE_PREFIX_PATH=${CMAKE_PREFIX_PATH}:/opt/ros/jazzy /usr/bin/cmake --install /home/ubuntu/Session5/build/bme_ros2_navigation
