[0.202s] DEBUG:colcon:Command line arguments: ['/usr/bin/colcon', 'build', '--packages-select', 'bme_ros2_navigation', 'bme_ros2_navigation_py', 'mogi_trajectory_server']
[0.203s] DEBUG:colcon:Parsed command line arguments: Namespace(log_base=None, log_level=None, verb_name='build', build_base='build', install_base='install', merge_install=False, symlink_install=False, test_result_base=None, continue_on_error=False, executor='parallel', parallel_workers=24, event_handlers=None, ignore_user_meta=False, metas=['./colcon.meta'], base_paths=['.'], packages_ignore=None, packages_ignore_regex=None, paths=None, packages_up_to=None, packages_up_to_regex=None, packages_above=None, packages_above_and_dependencies=None, packages_above_depth=None, packages_select_by_dep=None, packages_skip_by_dep=None, packages_skip_up_to=None, packages_select_build_failed=False, packages_skip_build_finished=False, packages_select_test_failures=False, packages_skip_test_passed=False, packages_select=['bme_ros2_navigation', 'bme_ros2_navigation_py', 'mogi_trajectory_server'], packages_skip=None, packages_select_regex=None, packages_skip_regex=None, packages_start=None, packages_end=None, allow_overriding=[], cmake_args=None, cmake_target=None, cmake_target_skip_unavailable=False, cmake_clean_cache=False, cmake_clean_first=False, cmake_force_configure=False, ament_cmake_args=None, catkin_cmake_args=None, catkin_skip_building_tests=False, mixin_files=None, mixin=None, verb_parser=<colcon_mixin.mixin.mixin_argument.MixinArgumentDecorator object at 0x77f48e2836e0>, verb_extension=<colcon_core.verb.build.BuildVerb object at 0x77f48e4564b0>, main=<bound method BuildVerb.main of <colcon_core.verb.build.BuildVerb object at 0x77f48e4564b0>>, mixin_verb=('build',))
[0.258s] Level 1:colcon.colcon_core.package_discovery:discover_packages(colcon_meta) check parameters
[0.258s] Level 1:colcon.colcon_core.package_discovery:discover_packages(recursive) check parameters
[0.258s] Level 1:colcon.colcon_core.package_discovery:discover_packages(ignore) check parameters
[0.258s] Level 1:colcon.colcon_core.package_discovery:discover_packages(path) check parameters
[0.258s] Level 1:colcon.colcon_core.package_discovery:discover_packages(colcon_meta) discover
[0.258s] Level 1:colcon.colcon_core.package_discovery:discover_packages(recursive) discover
[0.259s] INFO:colcon.colcon_core.package_discovery:Crawling recursively for packages in '/home/ubuntu/Session5'
[0.259s] Level 1:colcon.colcon_core.package_identification:_identify(.) by extensions ['ignore', 'ignore_ament_install']
[0.259s] Level 1:colcon.colcon_core.package_identification:_identify(.) by extension 'ignore'
[0.259s] Level 1:colcon.colcon_core.package_identification:_identify(.) by extension 'ignore_ament_install'
[0.259s] Level 1:colcon.colcon_core.package_identification:_identify(.) by extensions ['colcon_pkg']
[0.259s] Level 1:colcon.colcon_core.package_identification:_identify(.) by extension 'colcon_pkg'
[0.259s] Level 1:colcon.colcon_core.package_identification:_identify(.) by extensions ['colcon_meta']
[0.259s] Level 1:colcon.colcon_core.package_identification:_identify(.) by extension 'colcon_meta'
[0.259s] Level 1:colcon.colcon_core.package_identification:_identify(.) by extensions ['ros']
[0.259s] Level 1:colcon.colcon_core.package_identification:_identify(.) by extension 'ros'
[0.287s] Level 1:colcon.colcon_core.package_identification:_identify(.) by extensions ['cmake', 'python']
[0.288s] Level 1:colcon.colcon_core.package_identification:_identify(.) by extension 'cmake'
[0.288s] Level 1:colcon.colcon_core.package_identification:_identify(.) by extension 'python'
[0.288s] Level 1:colcon.colcon_core.package_identification:_identify(.) by extensions ['python_setup_py']
[0.288s] Level 1:colcon.colcon_core.package_identification:_identify(.) by extension 'python_setup_py'
[0.288s] Level 1:colcon.colcon_core.package_identification:_identify(bme_ros2_navigation) by extensions ['ignore', 'ignore_ament_install']
[0.288s] Level 1:colcon.colcon_core.package_identification:_identify(bme_ros2_navigation) by extension 'ignore'
[0.288s] Level 1:colcon.colcon_core.package_identification:_identify(bme_ros2_navigation) by extension 'ignore_ament_install'
[0.288s] Level 1:colcon.colcon_core.package_identification:_identify(bme_ros2_navigation) by extensions ['colcon_pkg']
[0.288s] Level 1:colcon.colcon_core.package_identification:_identify(bme_ros2_navigation) by extension 'colcon_pkg'
[0.288s] Level 1:colcon.colcon_core.package_identification:_identify(bme_ros2_navigation) by extensions ['colcon_meta']
[0.288s] Level 1:colcon.colcon_core.package_identification:_identify(bme_ros2_navigation) by extension 'colcon_meta'
[0.288s] Level 1:colcon.colcon_core.package_identification:_identify(bme_ros2_navigation) by extensions ['ros']
[0.288s] Level 1:colcon.colcon_core.package_identification:_identify(bme_ros2_navigation) by extension 'ros'
[0.290s] DEBUG:colcon.colcon_core.package_identification:Package 'bme_ros2_navigation' with type 'ros.ament_cmake' and name 'bme_ros2_navigation'
[0.290s] Level 1:colcon.colcon_core.package_identification:_identify(bme_ros2_navigation_py) by extensions ['ignore', 'ignore_ament_install']
[0.290s] Level 1:colcon.colcon_core.package_identification:_identify(bme_ros2_navigation_py) by extension 'ignore'
[0.290s] Level 1:colcon.colcon_core.package_identification:_identify(bme_ros2_navigation_py) by extension 'ignore_ament_install'
[0.290s] Level 1:colcon.colcon_core.package_identification:_identify(bme_ros2_navigation_py) by extensions ['colcon_pkg']
[0.290s] Level 1:colcon.colcon_core.package_identification:_identify(bme_ros2_navigation_py) by extension 'colcon_pkg'
[0.290s] Level 1:colcon.colcon_core.package_identification:_identify(bme_ros2_navigation_py) by extensions ['colcon_meta']
[0.290s] Level 1:colcon.colcon_core.package_identification:_identify(bme_ros2_navigation_py) by extension 'colcon_meta'
[0.290s] Level 1:colcon.colcon_core.package_identification:_identify(bme_ros2_navigation_py) by extensions ['ros']
[0.290s] Level 1:colcon.colcon_core.package_identification:_identify(bme_ros2_navigation_py) by extension 'ros'
[0.291s] DEBUG:colcon.colcon_core.package_identification:Package 'bme_ros2_navigation_py' with type 'ros.ament_python' and name 'bme_ros2_navigation_py'
[0.291s] Level 1:colcon.colcon_core.package_identification:_identify(build) by extensions ['ignore', 'ignore_ament_install']
[0.291s] Level 1:colcon.colcon_core.package_identification:_identify(build) by extension 'ignore'
[0.291s] Level 1:colcon.colcon_core.package_identification:_identify(build) ignored
[0.291s] Level 1:colcon.colcon_core.package_identification:_identify(install) by extensions ['ignore', 'ignore_ament_install']
[0.291s] Level 1:colcon.colcon_core.package_identification:_identify(install) by extension 'ignore'
[0.291s] Level 1:colcon.colcon_core.package_identification:_identify(install) ignored
[0.291s] Level 1:colcon.colcon_core.package_identification:_identify(log) by extensions ['ignore', 'ignore_ament_install']
[0.291s] Level 1:colcon.colcon_core.package_identification:_identify(log) by extension 'ignore'
[0.291s] Level 1:colcon.colcon_core.package_identification:_identify(log) ignored
[0.291s] Level 1:colcon.colcon_core.package_identification:_identify(mogi_trajectory_server) by extensions ['ignore', 'ignore_ament_install']
[0.291s] Level 1:colcon.colcon_core.package_identification:_identify(mogi_trajectory_server) by extension 'ignore'
[0.291s] Level 1:colcon.colcon_core.package_identification:_identify(mogi_trajectory_server) by extension 'ignore_ament_install'
[0.291s] Level 1:colcon.colcon_core.package_identification:_identify(mogi_trajectory_server) by extensions ['colcon_pkg']
[0.291s] Level 1:colcon.colcon_core.package_identification:_identify(mogi_trajectory_server) by extension 'colcon_pkg'
[0.291s] Level 1:colcon.colcon_core.package_identification:_identify(mogi_trajectory_server) by extensions ['colcon_meta']
[0.291s] Level 1:colcon.colcon_core.package_identification:_identify(mogi_trajectory_server) by extension 'colcon_meta'
[0.291s] Level 1:colcon.colcon_core.package_identification:_identify(mogi_trajectory_server) by extensions ['ros']
[0.291s] Level 1:colcon.colcon_core.package_identification:_identify(mogi_trajectory_server) by extension 'ros'
[0.292s] DEBUG:colcon.colcon_core.package_identification:Package 'mogi_trajectory_server' with type 'ros.ament_python' and name 'mogi_trajectory_server'
[0.292s] Level 1:colcon.colcon_core.package_discovery:discover_packages(recursive) using defaults
[0.292s] Level 1:colcon.colcon_core.package_discovery:discover_packages(ignore) discover
[0.292s] Level 1:colcon.colcon_core.package_discovery:discover_packages(ignore) using defaults
[0.292s] Level 1:colcon.colcon_core.package_discovery:discover_packages(path) discover
[0.292s] Level 1:colcon.colcon_core.package_discovery:discover_packages(path) using defaults
[0.313s] Level 1:colcon.colcon_core.package_discovery:discover_packages(prefix_path) check parameters
[0.313s] Level 1:colcon.colcon_core.package_discovery:discover_packages(prefix_path) discover
[0.321s] DEBUG:colcon.colcon_installed_package_information.package_discovery:Found 447 installed packages in /opt/ros/jazzy
[0.322s] Level 1:colcon.colcon_core.package_discovery:discover_packages(prefix_path) using defaults
[0.428s] Level 5:colcon.colcon_core.verb:set package 'bme_ros2_navigation' build argument 'cmake_args' from command line to 'None'
[0.428s] Level 5:colcon.colcon_core.verb:set package 'bme_ros2_navigation' build argument 'cmake_target' from command line to 'None'
[0.428s] Level 5:colcon.colcon_core.verb:set package 'bme_ros2_navigation' build argument 'cmake_target_skip_unavailable' from command line to 'False'
[0.428s] Level 5:colcon.colcon_core.verb:set package 'bme_ros2_navigation' build argument 'cmake_clean_cache' from command line to 'False'
[0.428s] Level 5:colcon.colcon_core.verb:set package 'bme_ros2_navigation' build argument 'cmake_clean_first' from command line to 'False'
[0.428s] Level 5:colcon.colcon_core.verb:set package 'bme_ros2_navigation' build argument 'cmake_force_configure' from command line to 'False'
[0.428s] Level 5:colcon.colcon_core.verb:set package 'bme_ros2_navigation' build argument 'ament_cmake_args' from command line to 'None'
[0.428s] Level 5:colcon.colcon_core.verb:set package 'bme_ros2_navigation' build argument 'catkin_cmake_args' from command line to 'None'
[0.428s] Level 5:colcon.colcon_core.verb:set package 'bme_ros2_navigation' build argument 'catkin_skip_building_tests' from command line to 'False'
[0.428s] DEBUG:colcon.colcon_core.verb:Building package 'bme_ros2_navigation' with the following arguments: {'ament_cmake_args': None, 'build_base': '/home/ubuntu/Session5/build/bme_ros2_navigation', 'catkin_cmake_args': None, 'catkin_skip_building_tests': False, 'cmake_args': None, 'cmake_clean_cache': False, 'cmake_clean_first': False, 'cmake_force_configure': False, 'cmake_target': None, 'cmake_target_skip_unavailable': False, 'install_base': '/home/ubuntu/Session5/install/bme_ros2_navigation', 'merge_install': False, 'path': '/home/ubuntu/Session5/bme_ros2_navigation', 'symlink_install': False, 'test_result_base': None}
[0.429s] Level 5:colcon.colcon_core.verb:set package 'bme_ros2_navigation_py' build argument 'cmake_args' from command line to 'None'
[0.429s] Level 5:colcon.colcon_core.verb:set package 'bme_ros2_navigation_py' build argument 'cmake_target' from command line to 'None'
[0.429s] Level 5:colcon.colcon_core.verb:set package 'bme_ros2_navigation_py' build argument 'cmake_target_skip_unavailable' from command line to 'False'
[0.429s] Level 5:colcon.colcon_core.verb:set package 'bme_ros2_navigation_py' build argument 'cmake_clean_cache' from command line to 'False'
[0.429s] Level 5:colcon.colcon_core.verb:set package 'bme_ros2_navigation_py' build argument 'cmake_clean_first' from command line to 'False'
[0.429s] Level 5:colcon.colcon_core.verb:set package 'bme_ros2_navigation_py' build argument 'cmake_force_configure' from command line to 'False'
[0.429s] Level 5:colcon.colcon_core.verb:set package 'bme_ros2_navigation_py' build argument 'ament_cmake_args' from command line to 'None'
[0.429s] Level 5:colcon.colcon_core.verb:set package 'bme_ros2_navigation_py' build argument 'catkin_cmake_args' from command line to 'None'
[0.429s] Level 5:colcon.colcon_core.verb:set package 'bme_ros2_navigation_py' build argument 'catkin_skip_building_tests' from command line to 'False'
[0.429s] DEBUG:colcon.colcon_core.verb:Building package 'bme_ros2_navigation_py' with the following arguments: {'ament_cmake_args': None, 'build_base': '/home/ubuntu/Session5/build/bme_ros2_navigation_py', 'catkin_cmake_args': None, 'catkin_skip_building_tests': False, 'cmake_args': None, 'cmake_clean_cache': False, 'cmake_clean_first': False, 'cmake_force_configure': False, 'cmake_target': None, 'cmake_target_skip_unavailable': False, 'install_base': '/home/ubuntu/Session5/install/bme_ros2_navigation_py', 'merge_install': False, 'path': '/home/ubuntu/Session5/bme_ros2_navigation_py', 'symlink_install': False, 'test_result_base': None}
[0.429s] Level 5:colcon.colcon_core.verb:set package 'mogi_trajectory_server' build argument 'cmake_args' from command line to 'None'
[0.429s] Level 5:colcon.colcon_core.verb:set package 'mogi_trajectory_server' build argument 'cmake_target' from command line to 'None'
[0.429s] Level 5:colcon.colcon_core.verb:set package 'mogi_trajectory_server' build argument 'cmake_target_skip_unavailable' from command line to 'False'
[0.429s] Level 5:colcon.colcon_core.verb:set package 'mogi_trajectory_server' build argument 'cmake_clean_cache' from command line to 'False'
[0.429s] Level 5:colcon.colcon_core.verb:set package 'mogi_trajectory_server' build argument 'cmake_clean_first' from command line to 'False'
[0.429s] Level 5:colcon.colcon_core.verb:set package 'mogi_trajectory_server' build argument 'cmake_force_configure' from command line to 'False'
[0.429s] Level 5:colcon.colcon_core.verb:set package 'mogi_trajectory_server' build argument 'ament_cmake_args' from command line to 'None'
[0.429s] Level 5:colcon.colcon_core.verb:set package 'mogi_trajectory_server' build argument 'catkin_cmake_args' from command line to 'None'
[0.429s] Level 5:colcon.colcon_core.verb:set package 'mogi_trajectory_server' build argument 'catkin_skip_building_tests' from command line to 'False'
[0.429s] DEBUG:colcon.colcon_core.verb:Building package 'mogi_trajectory_server' with the following arguments: {'ament_cmake_args': None, 'build_base': '/home/ubuntu/Session5/build/mogi_trajectory_server', 'catkin_cmake_args': None, 'catkin_skip_building_tests': False, 'cmake_args': None, 'cmake_clean_cache': False, 'cmake_clean_first': False, 'cmake_force_configure': False, 'cmake_target': None, 'cmake_target_skip_unavailable': False, 'install_base': '/home/ubuntu/Session5/install/mogi_trajectory_server', 'merge_install': False, 'path': '/home/ubuntu/Session5/mogi_trajectory_server', 'symlink_install': False, 'test_result_base': None}
[0.429s] INFO:colcon.colcon_core.executor:Executing jobs using 'parallel' executor
[0.430s] DEBUG:colcon.colcon_parallel_executor.executor.parallel:run_until_complete
[0.430s] INFO:colcon.colcon_ros.task.ament_cmake.build:Building ROS package in '/home/ubuntu/Session5/bme_ros2_navigation' with build type 'ament_cmake'
[0.430s] INFO:colcon.colcon_cmake.task.cmake.build:Building CMake package in '/home/ubuntu/Session5/bme_ros2_navigation'
[0.438s] INFO:colcon.colcon_core.plugin_system:Skipping extension 'colcon_core.shell.bat': Not used on non-Windows systems
[0.438s] INFO:colcon.colcon_core.shell:Skip shell extension 'powershell' for command environment: Not usable outside of PowerShell
[0.438s] DEBUG:colcon.colcon_core.shell:Skip shell extension 'dsv' for command environment
[0.441s] INFO:colcon.colcon_ros.task.ament_python.build:Building ROS package in '/home/ubuntu/Session5/bme_ros2_navigation_py' with build type 'ament_python'
[0.442s] Level 1:colcon.colcon_core.shell:create_environment_hook('bme_ros2_navigation_py', 'ament_prefix_path')
[0.442s] INFO:colcon.colcon_core.shell:Creating environment hook '/home/ubuntu/Session5/install/bme_ros2_navigation_py/share/bme_ros2_navigation_py/hook/ament_prefix_path.ps1'
[0.443s] INFO:colcon.colcon_core.shell:Creating environment descriptor '/home/ubuntu/Session5/install/bme_ros2_navigation_py/share/bme_ros2_navigation_py/hook/ament_prefix_path.dsv'
[0.444s] INFO:colcon.colcon_core.shell:Creating environment hook '/home/ubuntu/Session5/install/bme_ros2_navigation_py/share/bme_ros2_navigation_py/hook/ament_prefix_path.sh'
[0.445s] INFO:colcon.colcon_core.shell:Skip shell extension 'powershell' for command environment: Not usable outside of PowerShell
[0.445s] DEBUG:colcon.colcon_core.shell:Skip shell extension 'dsv' for command environment
[0.447s] INFO:colcon.colcon_ros.task.ament_python.build:Building ROS package in '/home/ubuntu/Session5/mogi_trajectory_server' with build type 'ament_python'
[0.447s] Level 1:colcon.colcon_core.shell:create_environment_hook('mogi_trajectory_server', 'ament_prefix_path')
[0.448s] INFO:colcon.colcon_core.shell:Creating environment hook '/home/ubuntu/Session5/install/mogi_trajectory_server/share/mogi_trajectory_server/hook/ament_prefix_path.ps1'
[0.449s] INFO:colcon.colcon_core.shell:Creating environment descriptor '/home/ubuntu/Session5/install/mogi_trajectory_server/share/mogi_trajectory_server/hook/ament_prefix_path.dsv'
[0.449s] INFO:colcon.colcon_core.shell:Creating environment hook '/home/ubuntu/Session5/install/mogi_trajectory_server/share/mogi_trajectory_server/hook/ament_prefix_path.sh'
[0.449s] INFO:colcon.colcon_core.shell:Skip shell extension 'powershell' for command environment: Not usable outside of PowerShell
[0.449s] DEBUG:colcon.colcon_core.shell:Skip shell extension 'dsv' for command environment
[0.455s] DEBUG:colcon.colcon_core.event_handler.log_command:Invoking command in '/home/ubuntu/Session5/build/bme_ros2_navigation': CMAKE_PREFIX_PATH=${CMAKE_PREFIX_PATH}:/opt/ros/jazzy /usr/bin/cmake /home/ubuntu/Session5/bme_ros2_navigation -DCMAKE_INSTALL_PREFIX=/home/ubuntu/Session5/install/bme_ros2_navigation
[0.625s] INFO:colcon.colcon_core.task.python.build:Building Python package in '/home/ubuntu/Session5/bme_ros2_navigation_py'
[0.625s] INFO:colcon.colcon_core.shell:Skip shell extension 'powershell' for command environment: Not usable outside of PowerShell
[0.625s] DEBUG:colcon.colcon_core.shell:Skip shell extension 'dsv' for command environment
[0.781s] INFO:colcon.colcon_core.task.python.build:Building Python package in '/home/ubuntu/Session5/mogi_trajectory_server'
[0.781s] INFO:colcon.colcon_core.shell:Skip shell extension 'powershell' for command environment: Not usable outside of PowerShell
[0.781s] DEBUG:colcon.colcon_core.shell:Skip shell extension 'dsv' for command environment
[1.484s] DEBUG:colcon.colcon_core.event_handler.log_command:Invoked command in '/home/ubuntu/Session5/build/bme_ros2_navigation' returned '0': CMAKE_PREFIX_PATH=${CMAKE_PREFIX_PATH}:/opt/ros/jazzy /usr/bin/cmake /home/ubuntu/Session5/bme_ros2_navigation -DCMAKE_INSTALL_PREFIX=/home/ubuntu/Session5/install/bme_ros2_navigation
[1.485s] DEBUG:colcon.colcon_core.event_handler.log_command:Invoking command in '/home/ubuntu/Session5/build/bme_ros2_navigation': CMAKE_PREFIX_PATH=${CMAKE_PREFIX_PATH}:/opt/ros/jazzy /usr/bin/cmake --build /home/ubuntu/Session5/build/bme_ros2_navigation -- -j24 -l24
[1.517s] DEBUG:colcon.colcon_core.event_handler.log_command:Invoked command in '/home/ubuntu/Session5/build/bme_ros2_navigation' returned '0': CMAKE_PREFIX_PATH=${CMAKE_PREFIX_PATH}:/opt/ros/jazzy /usr/bin/cmake --build /home/ubuntu/Session5/build/bme_ros2_navigation -- -j24 -l24
[1.525s] DEBUG:colcon.colcon_core.event_handler.log_command:Invoking command in '/home/ubuntu/Session5/build/bme_ros2_navigation': CMAKE_PREFIX_PATH=${CMAKE_PREFIX_PATH}:/opt/ros/jazzy /usr/bin/cmake --install /home/ubuntu/Session5/build/bme_ros2_navigation
[1.547s] Level 1:colcon.colcon_core.environment:create_environment_scripts_only(bme_ros2_navigation)
[1.548s] DEBUG:colcon.colcon_core.event_handler.log_command:Invoked command in '/home/ubuntu/Session5/build/bme_ros2_navigation' returned '0': CMAKE_PREFIX_PATH=${CMAKE_PREFIX_PATH}:/opt/ros/jazzy /usr/bin/cmake --install /home/ubuntu/Session5/build/bme_ros2_navigation
[1.555s] Level 1:colcon.colcon_core.environment:checking '/home/ubuntu/Session5/install/bme_ros2_navigation' for CMake module files
[1.555s] Level 1:colcon.colcon_core.environment:checking '/home/ubuntu/Session5/install/bme_ros2_navigation' for CMake config files
[1.556s] Level 1:colcon.colcon_core.shell:create_environment_hook('bme_ros2_navigation', 'cmake_prefix_path')
[1.556s] INFO:colcon.colcon_core.shell:Creating environment hook '/home/ubuntu/Session5/install/bme_ros2_navigation/share/bme_ros2_navigation/hook/cmake_prefix_path.ps1'
[1.557s] INFO:colcon.colcon_core.shell:Creating environment descriptor '/home/ubuntu/Session5/install/bme_ros2_navigation/share/bme_ros2_navigation/hook/cmake_prefix_path.dsv'
[1.557s] INFO:colcon.colcon_core.shell:Creating environment hook '/home/ubuntu/Session5/install/bme_ros2_navigation/share/bme_ros2_navigation/hook/cmake_prefix_path.sh'
[1.557s] Level 1:colcon.colcon_core.environment:checking '/home/ubuntu/Session5/install/bme_ros2_navigation/bin'
[1.557s] Level 1:colcon.colcon_core.environment:checking '/home/ubuntu/Session5/install/bme_ros2_navigation/lib/pkgconfig/bme_ros2_navigation.pc'
[1.557s] Level 1:colcon.colcon_core.environment:checking '/home/ubuntu/Session5/install/bme_ros2_navigation/lib/python3.12/site-packages'
[1.558s] Level 1:colcon.colcon_core.environment:checking '/home/ubuntu/Session5/install/bme_ros2_navigation/bin'
[1.558s] INFO:colcon.colcon_core.shell:Creating package script '/home/ubuntu/Session5/install/bme_ros2_navigation/share/bme_ros2_navigation/package.ps1'
[1.559s] INFO:colcon.colcon_core.shell:Creating package descriptor '/home/ubuntu/Session5/install/bme_ros2_navigation/share/bme_ros2_navigation/package.dsv'
[1.559s] INFO:colcon.colcon_core.shell:Creating package script '/home/ubuntu/Session5/install/bme_ros2_navigation/share/bme_ros2_navigation/package.sh'
[1.560s] INFO:colcon.colcon_core.shell:Creating package script '/home/ubuntu/Session5/install/bme_ros2_navigation/share/bme_ros2_navigation/package.bash'
[1.560s] INFO:colcon.colcon_core.shell:Creating package script '/home/ubuntu/Session5/install/bme_ros2_navigation/share/bme_ros2_navigation/package.zsh'
[1.561s] Level 1:colcon.colcon_core.environment:create_file_with_runtime_dependencies(/home/ubuntu/Session5/install/bme_ros2_navigation/share/colcon-core/packages/bme_ros2_navigation)
[1.562s] Level 1:colcon.colcon_core.environment:create_environment_scripts_only(bme_ros2_navigation)
[1.562s] Level 1:colcon.colcon_core.environment:checking '/home/ubuntu/Session5/install/bme_ros2_navigation' for CMake module files
[1.562s] Level 1:colcon.colcon_core.environment:checking '/home/ubuntu/Session5/install/bme_ros2_navigation' for CMake config files
[1.562s] Level 1:colcon.colcon_core.shell:create_environment_hook('bme_ros2_navigation', 'cmake_prefix_path')
[1.562s] INFO:colcon.colcon_core.shell:Creating environment hook '/home/ubuntu/Session5/install/bme_ros2_navigation/share/bme_ros2_navigation/hook/cmake_prefix_path.ps1'
[1.562s] INFO:colcon.colcon_core.shell:Creating environment descriptor '/home/ubuntu/Session5/install/bme_ros2_navigation/share/bme_ros2_navigation/hook/cmake_prefix_path.dsv'
[1.563s] INFO:colcon.colcon_core.shell:Creating environment hook '/home/ubuntu/Session5/install/bme_ros2_navigation/share/bme_ros2_navigation/hook/cmake_prefix_path.sh'
[1.563s] Level 1:colcon.colcon_core.environment:checking '/home/ubuntu/Session5/install/bme_ros2_navigation/bin'
[1.563s] Level 1:colcon.colcon_core.environment:checking '/home/ubuntu/Session5/install/bme_ros2_navigation/lib/pkgconfig/bme_ros2_navigation.pc'
[1.563s] Level 1:colcon.colcon_core.environment:checking '/home/ubuntu/Session5/install/bme_ros2_navigation/lib/python3.12/site-packages'
[1.563s] Level 1:colcon.colcon_core.environment:checking '/home/ubuntu/Session5/install/bme_ros2_navigation/bin'
[1.563s] INFO:colcon.colcon_core.shell:Creating package script '/home/ubuntu/Session5/install/bme_ros2_navigation/share/bme_ros2_navigation/package.ps1'
[1.564s] INFO:colcon.colcon_core.shell:Creating package descriptor '/home/ubuntu/Session5/install/bme_ros2_navigation/share/bme_ros2_navigation/package.dsv'
[1.564s] INFO:colcon.colcon_core.shell:Creating package script '/home/ubuntu/Session5/install/bme_ros2_navigation/share/bme_ros2_navigation/package.sh'
[1.565s] INFO:colcon.colcon_core.shell:Creating package script '/home/ubuntu/Session5/install/bme_ros2_navigation/share/bme_ros2_navigation/package.bash'
[1.565s] INFO:colcon.colcon_core.shell:Creating package script '/home/ubuntu/Session5/install/bme_ros2_navigation/share/bme_ros2_navigation/package.zsh'
[1.565s] Level 1:colcon.colcon_core.environment:create_file_with_runtime_dependencies(/home/ubuntu/Session5/install/bme_ros2_navigation/share/colcon-core/packages/bme_ros2_navigation)
[1.566s] DEBUG:colcon.colcon_core.task.python.build:Available setuptools commands: build_clib, update_catalog, egg_info, install_scripts, bdist, install, install_lib, dist_info, install_egg_info, saveopts, bdist_rpm, bdist_wheel, build_scripts, check, bdist_egg, build_py, extract_messages, register, build, editable_wheel, test, build_ext, sdist, upload_docs, bdist_dumb, install_headers, rotate, compile_catalog, setopt, easy_install, init_catalog, develop, install_data, symlink_data, upload, clean, alias
[1.567s] DEBUG:colcon.colcon_core.task.python.build:Available setuptools commands: build_clib, update_catalog, egg_info, install_scripts, bdist, install, install_lib, dist_info, install_egg_info, saveopts, bdist_rpm, bdist_wheel, build_scripts, check, bdist_egg, build_py, extract_messages, register, build, editable_wheel, test, build_ext, sdist, upload_docs, bdist_dumb, install_headers, rotate, compile_catalog, setopt, easy_install, init_catalog, develop, install_data, symlink_data, upload, clean, alias
[1.568s] DEBUG:colcon.colcon_core.event_handler.log_command:Invoking command in '/home/ubuntu/Session5/mogi_trajectory_server': PYTHONPATH=/home/ubuntu/Session5/build/mogi_trajectory_server/prefix_override:/usr/lib/python3/dist-packages/colcon_core/task/python/colcon_distutils_commands:/home/ubuntu/Session5/install/mogi_trajectory_server/lib/python3.12/site-packages:${PYTHONPATH} /usr/bin/python3 -W ignore:setup.py install is deprecated -W ignore:easy_install command is deprecated setup.py egg_info --egg-base ../build/mogi_trajectory_server build --build-base /home/ubuntu/Session5/build/mogi_trajectory_server/build install --record /home/ubuntu/Session5/build/mogi_trajectory_server/install.log --install-scripts $base/lib/mogi_trajectory_server --single-version-externally-managed install_data
[1.570s] DEBUG:colcon.colcon_core.event_handler.log_command:Invoking command in '/home/ubuntu/Session5/bme_ros2_navigation_py': PYTHONPATH=/home/ubuntu/Session5/build/bme_ros2_navigation_py/prefix_override:/usr/lib/python3/dist-packages/colcon_core/task/python/colcon_distutils_commands:/home/ubuntu/Session5/install/bme_ros2_navigation_py/lib/python3.12/site-packages:${PYTHONPATH} /usr/bin/python3 -W ignore:setup.py install is deprecated -W ignore:easy_install command is deprecated setup.py egg_info --egg-base ../build/bme_ros2_navigation_py build --build-base /home/ubuntu/Session5/build/bme_ros2_navigation_py/build install --record /home/ubuntu/Session5/build/bme_ros2_navigation_py/install.log --install-scripts $base/lib/bme_ros2_navigation_py --single-version-externally-managed install_data
[1.939s] Level 1:colcon.colcon_core.environment:checking '/home/ubuntu/Session5/install/mogi_trajectory_server' for CMake module files
[1.939s] DEBUG:colcon.colcon_core.event_handler.log_command:Invoked command in '/home/ubuntu/Session5/mogi_trajectory_server' returned '0': PYTHONPATH=/home/ubuntu/Session5/build/mogi_trajectory_server/prefix_override:/usr/lib/python3/dist-packages/colcon_core/task/python/colcon_distutils_commands:/home/ubuntu/Session5/install/mogi_trajectory_server/lib/python3.12/site-packages:${PYTHONPATH} /usr/bin/python3 -W ignore:setup.py install is deprecated -W ignore:easy_install command is deprecated setup.py egg_info --egg-base ../build/mogi_trajectory_server build --build-base /home/ubuntu/Session5/build/mogi_trajectory_server/build install --record /home/ubuntu/Session5/build/mogi_trajectory_server/install.log --install-scripts $base/lib/mogi_trajectory_server --single-version-externally-managed install_data
[1.939s] Level 1:colcon.colcon_core.environment:checking '/home/ubuntu/Session5/install/mogi_trajectory_server' for CMake config files
[1.940s] Level 1:colcon.colcon_core.environment:checking '/home/ubuntu/Session5/install/mogi_trajectory_server/lib'
[1.940s] Level 1:colcon.colcon_core.environment:checking '/home/ubuntu/Session5/install/mogi_trajectory_server/bin'
[1.940s] Level 1:colcon.colcon_core.environment:checking '/home/ubuntu/Session5/install/mogi_trajectory_server/lib/pkgconfig/mogi_trajectory_server.pc'
[1.940s] Level 1:colcon.colcon_core.environment:checking '/home/ubuntu/Session5/install/mogi_trajectory_server/lib/python3.12/site-packages'
[1.940s] Level 1:colcon.colcon_core.shell:create_environment_hook('mogi_trajectory_server', 'pythonpath')
[1.940s] INFO:colcon.colcon_core.shell:Creating environment hook '/home/ubuntu/Session5/install/mogi_trajectory_server/share/mogi_trajectory_server/hook/pythonpath.ps1'
[1.941s] INFO:colcon.colcon_core.shell:Creating environment descriptor '/home/ubuntu/Session5/install/mogi_trajectory_server/share/mogi_trajectory_server/hook/pythonpath.dsv'
[1.941s] INFO:colcon.colcon_core.shell:Creating environment hook '/home/ubuntu/Session5/install/mogi_trajectory_server/share/mogi_trajectory_server/hook/pythonpath.sh'
[1.943s] Level 1:colcon.colcon_core.environment:checking '/home/ubuntu/Session5/install/mogi_trajectory_server/bin'
[1.943s] Level 1:colcon.colcon_core.environment:create_environment_scripts_only(mogi_trajectory_server)
[1.943s] INFO:colcon.colcon_core.shell:Creating package script '/home/ubuntu/Session5/install/mogi_trajectory_server/share/mogi_trajectory_server/package.ps1'
[1.943s] INFO:colcon.colcon_core.shell:Creating package descriptor '/home/ubuntu/Session5/install/mogi_trajectory_server/share/mogi_trajectory_server/package.dsv'
[1.944s] INFO:colcon.colcon_core.shell:Creating package script '/home/ubuntu/Session5/install/mogi_trajectory_server/share/mogi_trajectory_server/package.sh'
[1.944s] INFO:colcon.colcon_core.shell:Creating package script '/home/ubuntu/Session5/install/mogi_trajectory_server/share/mogi_trajectory_server/package.bash'
[1.944s] INFO:colcon.colcon_core.shell:Creating package script '/home/ubuntu/Session5/install/mogi_trajectory_server/share/mogi_trajectory_server/package.zsh'
[1.944s] Level 1:colcon.colcon_core.environment:create_file_with_runtime_dependencies(/home/ubuntu/Session5/install/mogi_trajectory_server/share/colcon-core/packages/mogi_trajectory_server)
[1.945s] Level 1:colcon.colcon_core.environment:checking '/home/ubuntu/Session5/install/bme_ros2_navigation_py' for CMake module files
[1.945s] DEBUG:colcon.colcon_core.event_handler.log_command:Invoked command in '/home/ubuntu/Session5/bme_ros2_navigation_py' returned '0': PYTHONPATH=/home/ubuntu/Session5/build/bme_ros2_navigation_py/prefix_override:/usr/lib/python3/dist-packages/colcon_core/task/python/colcon_distutils_commands:/home/ubuntu/Session5/install/bme_ros2_navigation_py/lib/python3.12/site-packages:${PYTHONPATH} /usr/bin/python3 -W ignore:setup.py install is deprecated -W ignore:easy_install command is deprecated setup.py egg_info --egg-base ../build/bme_ros2_navigation_py build --build-base /home/ubuntu/Session5/build/bme_ros2_navigation_py/build install --record /home/ubuntu/Session5/build/bme_ros2_navigation_py/install.log --install-scripts $base/lib/bme_ros2_navigation_py --single-version-externally-managed install_data
[1.946s] Level 1:colcon.colcon_core.environment:checking '/home/ubuntu/Session5/install/bme_ros2_navigation_py' for CMake config files
[1.946s] Level 1:colcon.colcon_core.environment:checking '/home/ubuntu/Session5/install/bme_ros2_navigation_py/lib'
[1.946s] Level 1:colcon.colcon_core.environment:checking '/home/ubuntu/Session5/install/bme_ros2_navigation_py/bin'
[1.946s] Level 1:colcon.colcon_core.environment:checking '/home/ubuntu/Session5/install/bme_ros2_navigation_py/lib/pkgconfig/bme_ros2_navigation_py.pc'
[1.946s] Level 1:colcon.colcon_core.environment:checking '/home/ubuntu/Session5/install/bme_ros2_navigation_py/lib/python3.12/site-packages'
[1.946s] Level 1:colcon.colcon_core.shell:create_environment_hook('bme_ros2_navigation_py', 'pythonpath')
[1.946s] INFO:colcon.colcon_core.shell:Creating environment hook '/home/ubuntu/Session5/install/bme_ros2_navigation_py/share/bme_ros2_navigation_py/hook/pythonpath.ps1'
[1.947s] INFO:colcon.colcon_core.shell:Creating environment descriptor '/home/ubuntu/Session5/install/bme_ros2_navigation_py/share/bme_ros2_navigation_py/hook/pythonpath.dsv'
[1.947s] INFO:colcon.colcon_core.shell:Creating environment hook '/home/ubuntu/Session5/install/bme_ros2_navigation_py/share/bme_ros2_navigation_py/hook/pythonpath.sh'
[1.947s] Level 1:colcon.colcon_core.environment:checking '/home/ubuntu/Session5/install/bme_ros2_navigation_py/bin'
[1.947s] Level 1:colcon.colcon_core.environment:create_environment_scripts_only(bme_ros2_navigation_py)
[1.947s] INFO:colcon.colcon_core.shell:Creating package script '/home/ubuntu/Session5/install/bme_ros2_navigation_py/share/bme_ros2_navigation_py/package.ps1'
[1.948s] INFO:colcon.colcon_core.shell:Creating package descriptor '/home/ubuntu/Session5/install/bme_ros2_navigation_py/share/bme_ros2_navigation_py/package.dsv'
[1.948s] INFO:colcon.colcon_core.shell:Creating package script '/home/ubuntu/Session5/install/bme_ros2_navigation_py/share/bme_ros2_navigation_py/package.sh'
[1.948s] INFO:colcon.colcon_core.shell:Creating package script '/home/ubuntu/Session5/install/bme_ros2_navigation_py/share/bme_ros2_navigation_py/package.bash'
[1.948s] INFO:colcon.colcon_core.shell:Creating package script '/home/ubuntu/Session5/install/bme_ros2_navigation_py/share/bme_ros2_navigation_py/package.zsh'
[1.948s] Level 1:colcon.colcon_core.environment:create_file_with_runtime_dependencies(/home/ubuntu/Session5/install/bme_ros2_navigation_py/share/colcon-core/packages/bme_ros2_navigation_py)
[1.949s] DEBUG:colcon.colcon_parallel_executor.executor.parallel:closing loop
[1.949s] DEBUG:colcon.colcon_parallel_executor.executor.parallel:loop closed
[1.949s] DEBUG:colcon.colcon_parallel_executor.executor.parallel:run_until_complete finished with '0'
[1.949s] DEBUG:colcon.colcon_core.event_reactor:joining thread
[1.970s] INFO:colcon.colcon_core.plugin_system:Skipping extension 'colcon_notification.desktop_notification.terminal_notifier': Not used on non-Darwin systems
[1.971s] INFO:colcon.colcon_core.plugin_system:Skipping extension 'colcon_notification.desktop_notification.win32': Not used on non-Windows systems
[1.971s] INFO:colcon.colcon_notification.desktop_notification:Sending desktop notification using 'notify2'
[2.106s] DEBUG:colcon.colcon_core.event_reactor:joined thread
[2.107s] INFO:colcon.colcon_core.shell:Creating prefix script '/home/ubuntu/Session5/install/local_setup.ps1'
[2.109s] INFO:colcon.colcon_core.shell:Creating prefix util module '/home/ubuntu/Session5/install/_local_setup_util_ps1.py'
[2.110s] INFO:colcon.colcon_core.shell:Creating prefix chain script '/home/ubuntu/Session5/install/setup.ps1'
[2.111s] INFO:colcon.colcon_core.shell:Creating prefix script '/home/ubuntu/Session5/install/local_setup.sh'
[2.112s] INFO:colcon.colcon_core.shell:Creating prefix util module '/home/ubuntu/Session5/install/_local_setup_util_sh.py'
[2.112s] INFO:colcon.colcon_core.shell:Creating prefix chain script '/home/ubuntu/Session5/install/setup.sh'
[2.113s] INFO:colcon.colcon_core.shell:Creating prefix script '/home/ubuntu/Session5/install/local_setup.bash'
[2.114s] INFO:colcon.colcon_core.shell:Creating prefix chain script '/home/ubuntu/Session5/install/setup.bash'
[2.115s] INFO:colcon.colcon_core.shell:Creating prefix script '/home/ubuntu/Session5/install/local_setup.zsh'
[2.115s] INFO:colcon.colcon_core.shell:Creating prefix chain script '/home/ubuntu/Session5/install/setup.zsh'
