/home/ubuntu/Session5/install/bme_ros2_navigation_py/lib/python3.12/site-packages/bme_ros2_navigation_py/waypoint_patrol.py
/home/ubuntu/Session5/install/bme_ros2_navigation_py/lib/python3.12/site-packages/bme_ros2_navigation_py/send_initialpose.py
/home/ubuntu/Session5/install/bme_ros2_navigation_py/lib/python3.12/site-packages/bme_ros2_navigation_py/slam_toolbox_load_map.py
/home/ubuntu/Session5/install/bme_ros2_navigation_py/lib/python3.12/site-packages/bme_ros2_navigation_py/__init__.py
/home/ubuntu/Session5/install/bme_ros2_navigation_py/lib/python3.12/site-packages/bme_ros2_navigation_py/__pycache__/waypoint_patrol.cpython-312.pyc
/home/ubuntu/Session5/install/bme_ros2_navigation_py/lib/python3.12/site-packages/bme_ros2_navigation_py/__pycache__/send_initialpose.cpython-312.pyc
/home/ubuntu/Session5/install/bme_ros2_navigation_py/lib/python3.12/site-packages/bme_ros2_navigation_py/__pycache__/slam_toolbox_load_map.cpython-312.pyc
/home/ubuntu/Session5/install/bme_ros2_navigation_py/lib/python3.12/site-packages/bme_ros2_navigation_py/__pycache__/__init__.cpython-312.pyc
/home/ubuntu/Session5/install/bme_ros2_navigation_py/share/ament_index/resource_index/packages/bme_ros2_navigation_py
/home/ubuntu/Session5/install/bme_ros2_navigation_py/share/bme_ros2_navigation_py/package.xml
/home/ubuntu/Session5/install/bme_ros2_navigation_py/lib/python3.12/site-packages/bme_ros2_navigation_py-1.0.0-py3.12.egg-info/zip-safe
/home/ubuntu/Session5/install/bme_ros2_navigation_py/lib/python3.12/site-packages/bme_ros2_navigation_py-1.0.0-py3.12.egg-info/entry_points.txt
/home/ubuntu/Session5/install/bme_ros2_navigation_py/lib/python3.12/site-packages/bme_ros2_navigation_py-1.0.0-py3.12.egg-info/SOURCES.txt
/home/ubuntu/Session5/install/bme_ros2_navigation_py/lib/python3.12/site-packages/bme_ros2_navigation_py-1.0.0-py3.12.egg-info/dependency_links.txt
/home/ubuntu/Session5/install/bme_ros2_navigation_py/lib/python3.12/site-packages/bme_ros2_navigation_py-1.0.0-py3.12.egg-info/top_level.txt
/home/ubuntu/Session5/install/bme_ros2_navigation_py/lib/python3.12/site-packages/bme_ros2_navigation_py-1.0.0-py3.12.egg-info/PKG-INFO
/home/ubuntu/Session5/install/bme_ros2_navigation_py/lib/python3.12/site-packages/bme_ros2_navigation_py-1.0.0-py3.12.egg-info/requires.txt
/home/ubuntu/Session5/install/bme_ros2_navigation_py/lib/bme_ros2_navigation_py/send_initialpose
/home/ubuntu/Session5/install/bme_ros2_navigation_py/lib/bme_ros2_navigation_py/slam_toolbox_load_map
/home/ubuntu/Session5/install/bme_ros2_navigation_py/lib/bme_ros2_navigation_py/waypoint_patrol
