[0.797s] Invoking command in '/home/ubuntu/Session5/mogi_trajectory_server': PYTHONPATH=/home/ubuntu/Session5/build/mogi_trajectory_server/prefix_override:/usr/lib/python3/dist-packages/colcon_core/task/python/colcon_distutils_commands:/home/ubuntu/Session5/install/mogi_trajectory_server/lib/python3.12/site-packages:${PYTHONPATH} /usr/bin/python3 -W ignore:setup.py install is deprecated -W ignore:easy_install command is deprecated setup.py egg_info --egg-base ../build/mogi_trajectory_server build --build-base /home/ubuntu/Session5/build/mogi_trajectory_server/build install --record /home/ubuntu/Session5/build/mogi_trajectory_server/install.log --install-scripts $base/lib/mogi_trajectory_server --single-version-externally-managed install_data
[0.975s] running egg_info
[0.989s] writing ../build/mogi_trajectory_server/mogi_trajectory_server.egg-info/PKG-INFO
[0.990s] writing dependency_links to ../build/mogi_trajectory_server/mogi_trajectory_server.egg-info/dependency_links.txt
[0.990s] writing entry points to ../build/mogi_trajectory_server/mogi_trajectory_server.egg-info/entry_points.txt
[0.990s] writing requirements to ../build/mogi_trajectory_server/mogi_trajectory_server.egg-info/requires.txt
[0.990s] writing top-level names to ../build/mogi_trajectory_server/mogi_trajectory_server.egg-info/top_level.txt
[1.016s] reading manifest file '../build/mogi_trajectory_server/mogi_trajectory_server.egg-info/SOURCES.txt'
[1.016s] adding license file 'LICENSE'
[1.017s] writing manifest file '../build/mogi_trajectory_server/mogi_trajectory_server.egg-info/SOURCES.txt'
[1.017s] running build
[1.017s] running build_py
[1.017s] running install
[1.021s] running install_lib
[1.036s] running install_data
[1.036s] running install_egg_info
[1.051s] removing '/home/ubuntu/Session5/install/mogi_trajectory_server/lib/python3.12/site-packages/mogi_trajectory_server-1.0.0-py3.12.egg-info' (and everything under it)
[1.051s] Copying ../build/mogi_trajectory_server/mogi_trajectory_server.egg-info to /home/ubuntu/Session5/install/mogi_trajectory_server/lib/python3.12/site-packages/mogi_trajectory_server-1.0.0-py3.12.egg-info
[1.054s] running install_scripts
[1.150s] Installing mogi_trajectory_server script to /home/ubuntu/Session5/install/mogi_trajectory_server/lib/mogi_trajectory_server
[1.150s] Installing mogi_trajectory_server_topic_based script to /home/ubuntu/Session5/install/mogi_trajectory_server/lib/mogi_trajectory_server
[1.151s] writing list of installed files to '/home/ubuntu/Session5/build/mogi_trajectory_server/install.log'
[1.169s] Invoked command in '/home/ubuntu/Session5/mogi_trajectory_server' returned '0': PYTHONPATH=/home/ubuntu/Session5/build/mogi_trajectory_server/prefix_override:/usr/lib/python3/dist-packages/colcon_core/task/python/colcon_distutils_commands:/home/ubuntu/Session5/install/mogi_trajectory_server/lib/python3.12/site-packages:${PYTHONPATH} /usr/bin/python3 -W ignore:setup.py install is deprecated -W ignore:easy_install command is deprecated setup.py egg_info --egg-base ../build/mogi_trajectory_server build --build-base /home/ubuntu/Session5/build/mogi_trajectory_server/build install --record /home/ubuntu/Session5/build/mogi_trajectory_server/install.log --install-scripts $base/lib/mogi_trajectory_server --single-version-externally-managed install_data
