[0.217s] DEBUG:colcon:Command line arguments: ['/usr/bin/colcon', 'build', '--packages-select', 'bme_ros2_simple_arm_moveit_config', 'arm_ik_solver', 'bme_ros2_simple_arm_py', 'bme_ros2_simple_arm']
[0.217s] DEBUG:colcon:Parsed command line arguments: Namespace(log_base=None, log_level=None, verb_name='build', build_base='build', install_base='install', merge_install=False, symlink_install=False, test_result_base=None, continue_on_error=False, executor='parallel', parallel_workers=24, event_handlers=None, ignore_user_meta=False, metas=['./colcon.meta'], base_paths=['.'], packages_ignore=None, packages_ignore_regex=None, paths=None, packages_up_to=None, packages_up_to_regex=None, packages_above=None, packages_above_and_dependencies=None, packages_above_depth=None, packages_select_by_dep=None, packages_skip_by_dep=None, packages_skip_up_to=None, packages_select_build_failed=False, packages_skip_build_finished=False, packages_select_test_failures=False, packages_skip_test_passed=False, packages_select=['bme_ros2_simple_arm_moveit_config', 'arm_ik_solver', 'bme_ros2_simple_arm_py', 'bme_ros2_simple_arm'], packages_skip=None, packages_select_regex=None, packages_skip_regex=None, packages_start=None, packages_end=None, allow_overriding=[], cmake_args=None, cmake_target=None, cmake_target_skip_unavailable=False, cmake_clean_cache=False, cmake_clean_first=False, cmake_force_configure=False, ament_cmake_args=None, catkin_cmake_args=None, catkin_skip_building_tests=False, mixin_files=None, mixin=None, verb_parser=<colcon_mixin.mixin.mixin_argument.MixinArgumentDecorator object at 0x700b87adbec0>, verb_extension=<colcon_core.verb.build.BuildVerb object at 0x700b87a7ef60>, main=<bound method BuildVerb.main of <colcon_core.verb.build.BuildVerb object at 0x700b87a7ef60>>, mixin_verb=('build',))
[0.275s] Level 1:colcon.colcon_core.package_discovery:discover_packages(colcon_meta) check parameters
[0.275s] Level 1:colcon.colcon_core.package_discovery:discover_packages(recursive) check parameters
[0.275s] Level 1:colcon.colcon_core.package_discovery:discover_packages(ignore) check parameters
[0.275s] Level 1:colcon.colcon_core.package_discovery:discover_packages(path) check parameters
[0.275s] Level 1:colcon.colcon_core.package_discovery:discover_packages(colcon_meta) discover
[0.275s] Level 1:colcon.colcon_core.package_discovery:discover_packages(recursive) discover
[0.275s] INFO:colcon.colcon_core.package_discovery:Crawling recursively for packages in '/home/ubuntu/Session5'
[0.275s] Level 1:colcon.colcon_core.package_identification:_identify(.) by extensions ['ignore', 'ignore_ament_install']
[0.275s] Level 1:colcon.colcon_core.package_identification:_identify(.) by extension 'ignore'
[0.275s] Level 1:colcon.colcon_core.package_identification:_identify(.) by extension 'ignore_ament_install'
[0.275s] Level 1:colcon.colcon_core.package_identification:_identify(.) by extensions ['colcon_pkg']
[0.275s] Level 1:colcon.colcon_core.package_identification:_identify(.) by extension 'colcon_pkg'
[0.275s] Level 1:colcon.colcon_core.package_identification:_identify(.) by extensions ['colcon_meta']
[0.275s] Level 1:colcon.colcon_core.package_identification:_identify(.) by extension 'colcon_meta'
[0.275s] Level 1:colcon.colcon_core.package_identification:_identify(.) by extensions ['ros']
[0.275s] Level 1:colcon.colcon_core.package_identification:_identify(.) by extension 'ros'
[0.304s] Level 1:colcon.colcon_core.package_identification:_identify(.) by extensions ['cmake', 'python']
[0.304s] Level 1:colcon.colcon_core.package_identification:_identify(.) by extension 'cmake'
[0.304s] Level 1:colcon.colcon_core.package_identification:_identify(.) by extension 'python'
[0.305s] Level 1:colcon.colcon_core.package_identification:_identify(.) by extensions ['python_setup_py']
[0.305s] Level 1:colcon.colcon_core.package_identification:_identify(.) by extension 'python_setup_py'
[0.305s] Level 1:colcon.colcon_core.package_identification:_identify(arm_ik_solver) by extensions ['ignore', 'ignore_ament_install']
[0.305s] Level 1:colcon.colcon_core.package_identification:_identify(arm_ik_solver) by extension 'ignore'
[0.305s] Level 1:colcon.colcon_core.package_identification:_identify(arm_ik_solver) by extension 'ignore_ament_install'
[0.305s] Level 1:colcon.colcon_core.package_identification:_identify(arm_ik_solver) by extensions ['colcon_pkg']
[0.305s] Level 1:colcon.colcon_core.package_identification:_identify(arm_ik_solver) by extension 'colcon_pkg'
[0.305s] Level 1:colcon.colcon_core.package_identification:_identify(arm_ik_solver) by extensions ['colcon_meta']
[0.305s] Level 1:colcon.colcon_core.package_identification:_identify(arm_ik_solver) by extension 'colcon_meta'
[0.305s] Level 1:colcon.colcon_core.package_identification:_identify(arm_ik_solver) by extensions ['ros']
[0.305s] Level 1:colcon.colcon_core.package_identification:_identify(arm_ik_solver) by extension 'ros'
[0.308s] DEBUG:colcon.colcon_core.package_identification:Package 'arm_ik_solver' with type 'ros.ament_python' and name 'arm_ik_solver'
[0.308s] Level 1:colcon.colcon_core.package_identification:_identify(bme_ros2_simple_arm) by extensions ['ignore', 'ignore_ament_install']
[0.308s] Level 1:colcon.colcon_core.package_identification:_identify(bme_ros2_simple_arm) by extension 'ignore'
[0.308s] Level 1:colcon.colcon_core.package_identification:_identify(bme_ros2_simple_arm) by extension 'ignore_ament_install'
[0.308s] Level 1:colcon.colcon_core.package_identification:_identify(bme_ros2_simple_arm) by extensions ['colcon_pkg']
[0.308s] Level 1:colcon.colcon_core.package_identification:_identify(bme_ros2_simple_arm) by extension 'colcon_pkg'
[0.308s] Level 1:colcon.colcon_core.package_identification:_identify(bme_ros2_simple_arm) by extensions ['colcon_meta']
[0.308s] Level 1:colcon.colcon_core.package_identification:_identify(bme_ros2_simple_arm) by extension 'colcon_meta'
[0.308s] Level 1:colcon.colcon_core.package_identification:_identify(bme_ros2_simple_arm) by extensions ['ros']
[0.308s] Level 1:colcon.colcon_core.package_identification:_identify(bme_ros2_simple_arm) by extension 'ros'
[0.308s] DEBUG:colcon.colcon_core.package_identification:Package 'bme_ros2_simple_arm' with type 'ros.ament_cmake' and name 'bme_ros2_simple_arm'
[0.308s] Level 1:colcon.colcon_core.package_identification:_identify(bme_ros2_simple_arm_moveit_config) by extensions ['ignore', 'ignore_ament_install']
[0.308s] Level 1:colcon.colcon_core.package_identification:_identify(bme_ros2_simple_arm_moveit_config) by extension 'ignore'
[0.308s] Level 1:colcon.colcon_core.package_identification:_identify(bme_ros2_simple_arm_moveit_config) by extension 'ignore_ament_install'
[0.308s] Level 1:colcon.colcon_core.package_identification:_identify(bme_ros2_simple_arm_moveit_config) by extensions ['colcon_pkg']
[0.308s] Level 1:colcon.colcon_core.package_identification:_identify(bme_ros2_simple_arm_moveit_config) by extension 'colcon_pkg'
[0.308s] Level 1:colcon.colcon_core.package_identification:_identify(bme_ros2_simple_arm_moveit_config) by extensions ['colcon_meta']
[0.308s] Level 1:colcon.colcon_core.package_identification:_identify(bme_ros2_simple_arm_moveit_config) by extension 'colcon_meta'
[0.308s] Level 1:colcon.colcon_core.package_identification:_identify(bme_ros2_simple_arm_moveit_config) by extensions ['ros']
[0.308s] Level 1:colcon.colcon_core.package_identification:_identify(bme_ros2_simple_arm_moveit_config) by extension 'ros'
[0.309s] DEBUG:colcon.colcon_core.package_identification:Package 'bme_ros2_simple_arm_moveit_config' with type 'ros.ament_cmake' and name 'bme_ros2_simple_arm_moveit_config'
[0.309s] Level 1:colcon.colcon_core.package_identification:_identify(bme_ros2_simple_arm_py) by extensions ['ignore', 'ignore_ament_install']
[0.309s] Level 1:colcon.colcon_core.package_identification:_identify(bme_ros2_simple_arm_py) by extension 'ignore'
[0.309s] Level 1:colcon.colcon_core.package_identification:_identify(bme_ros2_simple_arm_py) by extension 'ignore_ament_install'
[0.309s] Level 1:colcon.colcon_core.package_identification:_identify(bme_ros2_simple_arm_py) by extensions ['colcon_pkg']
[0.309s] Level 1:colcon.colcon_core.package_identification:_identify(bme_ros2_simple_arm_py) by extension 'colcon_pkg'
[0.309s] Level 1:colcon.colcon_core.package_identification:_identify(bme_ros2_simple_arm_py) by extensions ['colcon_meta']
[0.309s] Level 1:colcon.colcon_core.package_identification:_identify(bme_ros2_simple_arm_py) by extension 'colcon_meta'
[0.309s] Level 1:colcon.colcon_core.package_identification:_identify(bme_ros2_simple_arm_py) by extensions ['ros']
[0.309s] Level 1:colcon.colcon_core.package_identification:_identify(bme_ros2_simple_arm_py) by extension 'ros'
[0.309s] DEBUG:colcon.colcon_core.package_identification:Package 'bme_ros2_simple_arm_py' with type 'ros.ament_python' and name 'bme_ros2_simple_arm_py'
[0.310s] Level 1:colcon.colcon_core.package_identification:_identify(build) by extensions ['ignore', 'ignore_ament_install']
[0.310s] Level 1:colcon.colcon_core.package_identification:_identify(build) by extension 'ignore'
[0.310s] Level 1:colcon.colcon_core.package_identification:_identify(build) ignored
[0.310s] Level 1:colcon.colcon_core.package_identification:_identify(install) by extensions ['ignore', 'ignore_ament_install']
[0.310s] Level 1:colcon.colcon_core.package_identification:_identify(install) by extension 'ignore'
[0.310s] Level 1:colcon.colcon_core.package_identification:_identify(install) ignored
[0.310s] Level 1:colcon.colcon_core.package_identification:_identify(log) by extensions ['ignore', 'ignore_ament_install']
[0.310s] Level 1:colcon.colcon_core.package_identification:_identify(log) by extension 'ignore'
[0.310s] Level 1:colcon.colcon_core.package_identification:_identify(log) ignored
[0.310s] Level 1:colcon.colcon_core.package_discovery:discover_packages(recursive) using defaults
[0.310s] Level 1:colcon.colcon_core.package_discovery:discover_packages(ignore) discover
[0.310s] Level 1:colcon.colcon_core.package_discovery:discover_packages(ignore) using defaults
[0.310s] Level 1:colcon.colcon_core.package_discovery:discover_packages(path) discover
[0.310s] Level 1:colcon.colcon_core.package_discovery:discover_packages(path) using defaults
[0.335s] Level 1:colcon.colcon_core.package_discovery:discover_packages(prefix_path) check parameters
[0.335s] Level 1:colcon.colcon_core.package_discovery:discover_packages(prefix_path) discover
[0.339s] DEBUG:colcon.colcon_installed_package_information.package_discovery:Found 4 installed packages in /home/ubuntu/Session5/install
[0.343s] DEBUG:colcon.colcon_installed_package_information.package_discovery:Found 447 installed packages in /opt/ros/jazzy
[0.345s] Level 1:colcon.colcon_core.package_discovery:discover_packages(prefix_path) using defaults
[0.449s] Level 5:colcon.colcon_core.verb:set package 'arm_ik_solver' build argument 'cmake_args' from command line to 'None'
[0.449s] Level 5:colcon.colcon_core.verb:set package 'arm_ik_solver' build argument 'cmake_target' from command line to 'None'
[0.449s] Level 5:colcon.colcon_core.verb:set package 'arm_ik_solver' build argument 'cmake_target_skip_unavailable' from command line to 'False'
[0.449s] Level 5:colcon.colcon_core.verb:set package 'arm_ik_solver' build argument 'cmake_clean_cache' from command line to 'False'
[0.449s] Level 5:colcon.colcon_core.verb:set package 'arm_ik_solver' build argument 'cmake_clean_first' from command line to 'False'
[0.449s] Level 5:colcon.colcon_core.verb:set package 'arm_ik_solver' build argument 'cmake_force_configure' from command line to 'False'
[0.449s] Level 5:colcon.colcon_core.verb:set package 'arm_ik_solver' build argument 'ament_cmake_args' from command line to 'None'
[0.449s] Level 5:colcon.colcon_core.verb:set package 'arm_ik_solver' build argument 'catkin_cmake_args' from command line to 'None'
[0.449s] Level 5:colcon.colcon_core.verb:set package 'arm_ik_solver' build argument 'catkin_skip_building_tests' from command line to 'False'
[0.449s] DEBUG:colcon.colcon_core.verb:Building package 'arm_ik_solver' with the following arguments: {'ament_cmake_args': None, 'build_base': '/home/ubuntu/Session5/build/arm_ik_solver', 'catkin_cmake_args': None, 'catkin_skip_building_tests': False, 'cmake_args': None, 'cmake_clean_cache': False, 'cmake_clean_first': False, 'cmake_force_configure': False, 'cmake_target': None, 'cmake_target_skip_unavailable': False, 'install_base': '/home/ubuntu/Session5/install/arm_ik_solver', 'merge_install': False, 'path': '/home/ubuntu/Session5/arm_ik_solver', 'symlink_install': False, 'test_result_base': None}
[0.450s] Level 5:colcon.colcon_core.verb:set package 'bme_ros2_simple_arm' build argument 'cmake_args' from command line to 'None'
[0.450s] Level 5:colcon.colcon_core.verb:set package 'bme_ros2_simple_arm' build argument 'cmake_target' from command line to 'None'
[0.450s] Level 5:colcon.colcon_core.verb:set package 'bme_ros2_simple_arm' build argument 'cmake_target_skip_unavailable' from command line to 'False'
[0.450s] Level 5:colcon.colcon_core.verb:set package 'bme_ros2_simple_arm' build argument 'cmake_clean_cache' from command line to 'False'
[0.450s] Level 5:colcon.colcon_core.verb:set package 'bme_ros2_simple_arm' build argument 'cmake_clean_first' from command line to 'False'
[0.450s] Level 5:colcon.colcon_core.verb:set package 'bme_ros2_simple_arm' build argument 'cmake_force_configure' from command line to 'False'
[0.450s] Level 5:colcon.colcon_core.verb:set package 'bme_ros2_simple_arm' build argument 'ament_cmake_args' from command line to 'None'
[0.450s] Level 5:colcon.colcon_core.verb:set package 'bme_ros2_simple_arm' build argument 'catkin_cmake_args' from command line to 'None'
[0.450s] Level 5:colcon.colcon_core.verb:set package 'bme_ros2_simple_arm' build argument 'catkin_skip_building_tests' from command line to 'False'
[0.450s] DEBUG:colcon.colcon_core.verb:Building package 'bme_ros2_simple_arm' with the following arguments: {'ament_cmake_args': None, 'build_base': '/home/ubuntu/Session5/build/bme_ros2_simple_arm', 'catkin_cmake_args': None, 'catkin_skip_building_tests': False, 'cmake_args': None, 'cmake_clean_cache': False, 'cmake_clean_first': False, 'cmake_force_configure': False, 'cmake_target': None, 'cmake_target_skip_unavailable': False, 'install_base': '/home/ubuntu/Session5/install/bme_ros2_simple_arm', 'merge_install': False, 'path': '/home/ubuntu/Session5/bme_ros2_simple_arm', 'symlink_install': False, 'test_result_base': None}
[0.450s] Level 5:colcon.colcon_core.verb:set package 'bme_ros2_simple_arm_py' build argument 'cmake_args' from command line to 'None'
[0.450s] Level 5:colcon.colcon_core.verb:set package 'bme_ros2_simple_arm_py' build argument 'cmake_target' from command line to 'None'
[0.450s] Level 5:colcon.colcon_core.verb:set package 'bme_ros2_simple_arm_py' build argument 'cmake_target_skip_unavailable' from command line to 'False'
[0.450s] Level 5:colcon.colcon_core.verb:set package 'bme_ros2_simple_arm_py' build argument 'cmake_clean_cache' from command line to 'False'
[0.450s] Level 5:colcon.colcon_core.verb:set package 'bme_ros2_simple_arm_py' build argument 'cmake_clean_first' from command line to 'False'
[0.450s] Level 5:colcon.colcon_core.verb:set package 'bme_ros2_simple_arm_py' build argument 'cmake_force_configure' from command line to 'False'
[0.450s] Level 5:colcon.colcon_core.verb:set package 'bme_ros2_simple_arm_py' build argument 'ament_cmake_args' from command line to 'None'
[0.450s] Level 5:colcon.colcon_core.verb:set package 'bme_ros2_simple_arm_py' build argument 'catkin_cmake_args' from command line to 'None'
[0.450s] Level 5:colcon.colcon_core.verb:set package 'bme_ros2_simple_arm_py' build argument 'catkin_skip_building_tests' from command line to 'False'
[0.450s] DEBUG:colcon.colcon_core.verb:Building package 'bme_ros2_simple_arm_py' with the following arguments: {'ament_cmake_args': None, 'build_base': '/home/ubuntu/Session5/build/bme_ros2_simple_arm_py', 'catkin_cmake_args': None, 'catkin_skip_building_tests': False, 'cmake_args': None, 'cmake_clean_cache': False, 'cmake_clean_first': False, 'cmake_force_configure': False, 'cmake_target': None, 'cmake_target_skip_unavailable': False, 'install_base': '/home/ubuntu/Session5/install/bme_ros2_simple_arm_py', 'merge_install': False, 'path': '/home/ubuntu/Session5/bme_ros2_simple_arm_py', 'symlink_install': False, 'test_result_base': None}
[0.450s] Level 5:colcon.colcon_core.verb:set package 'bme_ros2_simple_arm_moveit_config' build argument 'cmake_args' from command line to 'None'
[0.450s] Level 5:colcon.colcon_core.verb:set package 'bme_ros2_simple_arm_moveit_config' build argument 'cmake_target' from command line to 'None'
[0.450s] Level 5:colcon.colcon_core.verb:set package 'bme_ros2_simple_arm_moveit_config' build argument 'cmake_target_skip_unavailable' from command line to 'False'
[0.450s] Level 5:colcon.colcon_core.verb:set package 'bme_ros2_simple_arm_moveit_config' build argument 'cmake_clean_cache' from command line to 'False'
[0.450s] Level 5:colcon.colcon_core.verb:set package 'bme_ros2_simple_arm_moveit_config' build argument 'cmake_clean_first' from command line to 'False'
[0.450s] Level 5:colcon.colcon_core.verb:set package 'bme_ros2_simple_arm_moveit_config' build argument 'cmake_force_configure' from command line to 'False'
[0.450s] Level 5:colcon.colcon_core.verb:set package 'bme_ros2_simple_arm_moveit_config' build argument 'ament_cmake_args' from command line to 'None'
[0.450s] Level 5:colcon.colcon_core.verb:set package 'bme_ros2_simple_arm_moveit_config' build argument 'catkin_cmake_args' from command line to 'None'
[0.450s] Level 5:colcon.colcon_core.verb:set package 'bme_ros2_simple_arm_moveit_config' build argument 'catkin_skip_building_tests' from command line to 'False'
[0.450s] DEBUG:colcon.colcon_core.verb:Building package 'bme_ros2_simple_arm_moveit_config' with the following arguments: {'ament_cmake_args': None, 'build_base': '/home/ubuntu/Session5/build/bme_ros2_simple_arm_moveit_config', 'catkin_cmake_args': None, 'catkin_skip_building_tests': False, 'cmake_args': None, 'cmake_clean_cache': False, 'cmake_clean_first': False, 'cmake_force_configure': False, 'cmake_target': None, 'cmake_target_skip_unavailable': False, 'install_base': '/home/ubuntu/Session5/install/bme_ros2_simple_arm_moveit_config', 'merge_install': False, 'path': '/home/ubuntu/Session5/bme_ros2_simple_arm_moveit_config', 'symlink_install': False, 'test_result_base': None}
[0.450s] INFO:colcon.colcon_core.executor:Executing jobs using 'parallel' executor
[0.451s] DEBUG:colcon.colcon_parallel_executor.executor.parallel:run_until_complete
[0.451s] INFO:colcon.colcon_ros.task.ament_cmake.build:Building ROS package in '/home/ubuntu/Session5/bme_ros2_simple_arm' with build type 'ament_cmake'
[0.451s] INFO:colcon.colcon_cmake.task.cmake.build:Building CMake package in '/home/ubuntu/Session5/bme_ros2_simple_arm'
[0.457s] INFO:colcon.colcon_core.plugin_system:Skipping extension 'colcon_core.shell.bat': Not used on non-Windows systems
[0.457s] INFO:colcon.colcon_core.shell:Skip shell extension 'powershell' for command environment: Not usable outside of PowerShell
[0.457s] DEBUG:colcon.colcon_core.shell:Skip shell extension 'dsv' for command environment
[0.461s] INFO:colcon.colcon_ros.task.ament_python.build:Building ROS package in '/home/ubuntu/Session5/arm_ik_solver' with build type 'ament_python'
[0.461s] Level 1:colcon.colcon_core.shell:create_environment_hook('arm_ik_solver', 'ament_prefix_path')
[0.461s] INFO:colcon.colcon_core.shell:Creating environment hook '/home/ubuntu/Session5/install/arm_ik_solver/share/arm_ik_solver/hook/ament_prefix_path.ps1'
[0.462s] INFO:colcon.colcon_core.shell:Creating environment descriptor '/home/ubuntu/Session5/install/arm_ik_solver/share/arm_ik_solver/hook/ament_prefix_path.dsv'
[0.463s] INFO:colcon.colcon_core.shell:Creating environment hook '/home/ubuntu/Session5/install/arm_ik_solver/share/arm_ik_solver/hook/ament_prefix_path.sh'
[0.463s] INFO:colcon.colcon_core.shell:Skip shell extension 'powershell' for command environment: Not usable outside of PowerShell
[0.463s] DEBUG:colcon.colcon_core.shell:Skip shell extension 'dsv' for command environment
[0.466s] INFO:colcon.colcon_ros.task.ament_python.build:Building ROS package in '/home/ubuntu/Session5/bme_ros2_simple_arm_py' with build type 'ament_python'
[0.466s] Level 1:colcon.colcon_core.shell:create_environment_hook('bme_ros2_simple_arm_py', 'ament_prefix_path')
[0.466s] INFO:colcon.colcon_core.shell:Creating environment hook '/home/ubuntu/Session5/install/bme_ros2_simple_arm_py/share/bme_ros2_simple_arm_py/hook/ament_prefix_path.ps1'
[0.467s] INFO:colcon.colcon_core.shell:Creating environment descriptor '/home/ubuntu/Session5/install/bme_ros2_simple_arm_py/share/bme_ros2_simple_arm_py/hook/ament_prefix_path.dsv'
[0.467s] INFO:colcon.colcon_core.shell:Creating environment hook '/home/ubuntu/Session5/install/bme_ros2_simple_arm_py/share/bme_ros2_simple_arm_py/hook/ament_prefix_path.sh'
[0.467s] INFO:colcon.colcon_core.shell:Skip shell extension 'powershell' for command environment: Not usable outside of PowerShell
[0.467s] DEBUG:colcon.colcon_core.shell:Skip shell extension 'dsv' for command environment
[0.475s] DEBUG:colcon.colcon_core.event_handler.log_command:Invoking command in '/home/ubuntu/Session5/build/bme_ros2_simple_arm': CMAKE_PREFIX_PATH=${CMAKE_PREFIX_PATH}:/home/ubuntu/Session5/install/bme_ros2_simple_arm_py:/home/ubuntu/Session5/install/arm_ik_solver:/opt/ros/jazzy /usr/bin/cmake --build /home/ubuntu/Session5/build/bme_ros2_simple_arm -- -j24 -l24
[0.638s] INFO:colcon.colcon_core.task.python.build:Building Python package in '/home/ubuntu/Session5/arm_ik_solver'
[0.638s] INFO:colcon.colcon_core.shell:Skip shell extension 'powershell' for command environment: Not usable outside of PowerShell
[0.639s] DEBUG:colcon.colcon_core.shell:Skip shell extension 'dsv' for command environment
[0.644s] DEBUG:colcon.colcon_core.event_handler.log_command:Invoked command in '/home/ubuntu/Session5/build/bme_ros2_simple_arm' returned '0': CMAKE_PREFIX_PATH=${CMAKE_PREFIX_PATH}:/home/ubuntu/Session5/install/bme_ros2_simple_arm_py:/home/ubuntu/Session5/install/arm_ik_solver:/opt/ros/jazzy /usr/bin/cmake --build /home/ubuntu/Session5/build/bme_ros2_simple_arm -- -j24 -l24
[0.654s] DEBUG:colcon.colcon_core.event_handler.log_command:Invoking command in '/home/ubuntu/Session5/build/bme_ros2_simple_arm': CMAKE_PREFIX_PATH=${CMAKE_PREFIX_PATH}:/home/ubuntu/Session5/install/bme_ros2_simple_arm_py:/home/ubuntu/Session5/install/arm_ik_solver:/opt/ros/jazzy /usr/bin/cmake --install /home/ubuntu/Session5/build/bme_ros2_simple_arm
[0.800s] INFO:colcon.colcon_core.task.python.build:Building Python package in '/home/ubuntu/Session5/bme_ros2_simple_arm_py'
[0.800s] INFO:colcon.colcon_core.shell:Skip shell extension 'powershell' for command environment: Not usable outside of PowerShell
[0.800s] DEBUG:colcon.colcon_core.shell:Skip shell extension 'dsv' for command environment
[0.809s] Level 1:colcon.colcon_core.environment:create_environment_scripts_only(bme_ros2_simple_arm)
[0.810s] DEBUG:colcon.colcon_core.event_handler.log_command:Invoked command in '/home/ubuntu/Session5/build/bme_ros2_simple_arm' returned '0': CMAKE_PREFIX_PATH=${CMAKE_PREFIX_PATH}:/home/ubuntu/Session5/install/bme_ros2_simple_arm_py:/home/ubuntu/Session5/install/arm_ik_solver:/opt/ros/jazzy /usr/bin/cmake --install /home/ubuntu/Session5/build/bme_ros2_simple_arm
[0.814s] Level 1:colcon.colcon_core.environment:checking '/home/ubuntu/Session5/install/bme_ros2_simple_arm' for CMake module files
[0.815s] Level 1:colcon.colcon_core.environment:checking '/home/ubuntu/Session5/install/bme_ros2_simple_arm' for CMake config files
[0.815s] Level 1:colcon.colcon_core.shell:create_environment_hook('bme_ros2_simple_arm', 'cmake_prefix_path')
[0.815s] INFO:colcon.colcon_core.shell:Creating environment hook '/home/ubuntu/Session5/install/bme_ros2_simple_arm/share/bme_ros2_simple_arm/hook/cmake_prefix_path.ps1'
[0.815s] INFO:colcon.colcon_core.shell:Creating environment descriptor '/home/ubuntu/Session5/install/bme_ros2_simple_arm/share/bme_ros2_simple_arm/hook/cmake_prefix_path.dsv'
[0.815s] INFO:colcon.colcon_core.shell:Creating environment hook '/home/ubuntu/Session5/install/bme_ros2_simple_arm/share/bme_ros2_simple_arm/hook/cmake_prefix_path.sh'
[0.816s] Level 1:colcon.colcon_core.environment:checking '/home/ubuntu/Session5/install/bme_ros2_simple_arm/bin'
[0.816s] Level 1:colcon.colcon_core.environment:checking '/home/ubuntu/Session5/install/bme_ros2_simple_arm/lib/pkgconfig/bme_ros2_simple_arm.pc'
[0.816s] Level 1:colcon.colcon_core.environment:checking '/home/ubuntu/Session5/install/bme_ros2_simple_arm/lib/python3.12/site-packages'
[0.816s] Level 1:colcon.colcon_core.environment:checking '/home/ubuntu/Session5/install/bme_ros2_simple_arm/bin'
[0.816s] INFO:colcon.colcon_core.shell:Creating package script '/home/ubuntu/Session5/install/bme_ros2_simple_arm/share/bme_ros2_simple_arm/package.ps1'
[0.817s] INFO:colcon.colcon_core.shell:Creating package descriptor '/home/ubuntu/Session5/install/bme_ros2_simple_arm/share/bme_ros2_simple_arm/package.dsv'
[0.818s] INFO:colcon.colcon_core.shell:Creating package script '/home/ubuntu/Session5/install/bme_ros2_simple_arm/share/bme_ros2_simple_arm/package.sh'
[0.819s] INFO:colcon.colcon_core.shell:Creating package script '/home/ubuntu/Session5/install/bme_ros2_simple_arm/share/bme_ros2_simple_arm/package.bash'
[0.819s] INFO:colcon.colcon_core.shell:Creating package script '/home/ubuntu/Session5/install/bme_ros2_simple_arm/share/bme_ros2_simple_arm/package.zsh'
[0.820s] Level 1:colcon.colcon_core.environment:create_file_with_runtime_dependencies(/home/ubuntu/Session5/install/bme_ros2_simple_arm/share/colcon-core/packages/bme_ros2_simple_arm)
[0.820s] Level 1:colcon.colcon_core.environment:create_environment_scripts_only(bme_ros2_simple_arm)
[0.821s] Level 1:colcon.colcon_core.environment:checking '/home/ubuntu/Session5/install/bme_ros2_simple_arm' for CMake module files
[0.821s] Level 1:colcon.colcon_core.environment:checking '/home/ubuntu/Session5/install/bme_ros2_simple_arm' for CMake config files
[0.821s] Level 1:colcon.colcon_core.shell:create_environment_hook('bme_ros2_simple_arm', 'cmake_prefix_path')
[0.821s] INFO:colcon.colcon_core.shell:Creating environment hook '/home/ubuntu/Session5/install/bme_ros2_simple_arm/share/bme_ros2_simple_arm/hook/cmake_prefix_path.ps1'
[0.821s] INFO:colcon.colcon_core.shell:Creating environment descriptor '/home/ubuntu/Session5/install/bme_ros2_simple_arm/share/bme_ros2_simple_arm/hook/cmake_prefix_path.dsv'
[0.822s] INFO:colcon.colcon_core.shell:Creating environment hook '/home/ubuntu/Session5/install/bme_ros2_simple_arm/share/bme_ros2_simple_arm/hook/cmake_prefix_path.sh'
[0.822s] Level 1:colcon.colcon_core.environment:checking '/home/ubuntu/Session5/install/bme_ros2_simple_arm/bin'
[0.822s] Level 1:colcon.colcon_core.environment:checking '/home/ubuntu/Session5/install/bme_ros2_simple_arm/lib/pkgconfig/bme_ros2_simple_arm.pc'
[0.822s] Level 1:colcon.colcon_core.environment:checking '/home/ubuntu/Session5/install/bme_ros2_simple_arm/lib/python3.12/site-packages'
[0.822s] Level 1:colcon.colcon_core.environment:checking '/home/ubuntu/Session5/install/bme_ros2_simple_arm/bin'
[0.823s] INFO:colcon.colcon_core.shell:Creating package script '/home/ubuntu/Session5/install/bme_ros2_simple_arm/share/bme_ros2_simple_arm/package.ps1'
[0.823s] INFO:colcon.colcon_core.shell:Creating package descriptor '/home/ubuntu/Session5/install/bme_ros2_simple_arm/share/bme_ros2_simple_arm/package.dsv'
[0.823s] INFO:colcon.colcon_core.shell:Creating package script '/home/ubuntu/Session5/install/bme_ros2_simple_arm/share/bme_ros2_simple_arm/package.sh'
[0.823s] INFO:colcon.colcon_core.shell:Creating package script '/home/ubuntu/Session5/install/bme_ros2_simple_arm/share/bme_ros2_simple_arm/package.bash'
[0.824s] INFO:colcon.colcon_core.shell:Creating package script '/home/ubuntu/Session5/install/bme_ros2_simple_arm/share/bme_ros2_simple_arm/package.zsh'
[0.824s] Level 1:colcon.colcon_core.environment:create_file_with_runtime_dependencies(/home/ubuntu/Session5/install/bme_ros2_simple_arm/share/colcon-core/packages/bme_ros2_simple_arm)
[0.825s] INFO:colcon.colcon_ros.task.ament_cmake.build:Building ROS package in '/home/ubuntu/Session5/bme_ros2_simple_arm_moveit_config' with build type 'ament_cmake'
[0.825s] INFO:colcon.colcon_cmake.task.cmake.build:Building CMake package in '/home/ubuntu/Session5/bme_ros2_simple_arm_moveit_config'
[0.825s] INFO:colcon.colcon_core.shell:Skip shell extension 'powershell' for command environment: Not usable outside of PowerShell
[0.825s] DEBUG:colcon.colcon_core.shell:Skip shell extension 'dsv' for command environment
[0.835s] DEBUG:colcon.colcon_core.event_handler.log_command:Invoking command in '/home/ubuntu/Session5/build/bme_ros2_simple_arm_moveit_config': CMAKE_PREFIX_PATH=/home/ubuntu/Session5/install/bme_ros2_simple_arm:/home/ubuntu/Session5/install/bme_ros2_simple_arm_moveit_config:/opt/ros/jazzy/opt/gz_sim_vendor:/opt/ros/jazzy/opt/gz_sensors_vendor:/opt/ros/jazzy/opt/gz_physics_vendor:/opt/ros/jazzy/opt/sdformat_vendor:/opt/ros/jazzy/opt/gz_gui_vendor:/opt/ros/jazzy/opt/gz_transport_vendor:/opt/ros/jazzy/opt/gz_rendering_vendor:/opt/ros/jazzy/opt/gz_plugin_vendor:/opt/ros/jazzy/opt/gz_fuel_tools_vendor:/opt/ros/jazzy/opt/gz_msgs_vendor:/opt/ros/jazzy/opt/gz_common_vendor:/opt/ros/jazzy/opt/gz_math_vendor:/opt/ros/jazzy/opt/gz_utils_vendor:/opt/ros/jazzy/opt/gz_tools_vendor:/opt/ros/jazzy/opt/gz_ogre_next_vendor:/opt/ros/jazzy/opt/gz_dartsim_vendor:/opt/ros/jazzy/opt/gz_cmake_vendor:/home/ubuntu/Session5/install/bme_ros2_simple_arm_py:/home/ubuntu/Session5/install/arm_ik_solver:/opt/ros/jazzy /usr/bin/cmake --build /home/ubuntu/Session5/build/bme_ros2_simple_arm_moveit_config -- -j24 -l24
[0.872s] DEBUG:colcon.colcon_core.event_handler.log_command:Invoked command in '/home/ubuntu/Session5/build/bme_ros2_simple_arm_moveit_config' returned '0': CMAKE_PREFIX_PATH=/home/ubuntu/Session5/install/bme_ros2_simple_arm:/home/ubuntu/Session5/install/bme_ros2_simple_arm_moveit_config:/opt/ros/jazzy/opt/gz_sim_vendor:/opt/ros/jazzy/opt/gz_sensors_vendor:/opt/ros/jazzy/opt/gz_physics_vendor:/opt/ros/jazzy/opt/sdformat_vendor:/opt/ros/jazzy/opt/gz_gui_vendor:/opt/ros/jazzy/opt/gz_transport_vendor:/opt/ros/jazzy/opt/gz_rendering_vendor:/opt/ros/jazzy/opt/gz_plugin_vendor:/opt/ros/jazzy/opt/gz_fuel_tools_vendor:/opt/ros/jazzy/opt/gz_msgs_vendor:/opt/ros/jazzy/opt/gz_common_vendor:/opt/ros/jazzy/opt/gz_math_vendor:/opt/ros/jazzy/opt/gz_utils_vendor:/opt/ros/jazzy/opt/gz_tools_vendor:/opt/ros/jazzy/opt/gz_ogre_next_vendor:/opt/ros/jazzy/opt/gz_dartsim_vendor:/opt/ros/jazzy/opt/gz_cmake_vendor:/home/ubuntu/Session5/install/bme_ros2_simple_arm_py:/home/ubuntu/Session5/install/arm_ik_solver:/opt/ros/jazzy /usr/bin/cmake --build /home/ubuntu/Session5/build/bme_ros2_simple_arm_moveit_config -- -j24 -l24
[0.874s] DEBUG:colcon.colcon_core.event_handler.log_command:Invoking command in '/home/ubuntu/Session5/build/bme_ros2_simple_arm_moveit_config': CMAKE_PREFIX_PATH=/home/ubuntu/Session5/install/bme_ros2_simple_arm:/home/ubuntu/Session5/install/bme_ros2_simple_arm_moveit_config:/opt/ros/jazzy/opt/gz_sim_vendor:/opt/ros/jazzy/opt/gz_sensors_vendor:/opt/ros/jazzy/opt/gz_physics_vendor:/opt/ros/jazzy/opt/sdformat_vendor:/opt/ros/jazzy/opt/gz_gui_vendor:/opt/ros/jazzy/opt/gz_transport_vendor:/opt/ros/jazzy/opt/gz_rendering_vendor:/opt/ros/jazzy/opt/gz_plugin_vendor:/opt/ros/jazzy/opt/gz_fuel_tools_vendor:/opt/ros/jazzy/opt/gz_msgs_vendor:/opt/ros/jazzy/opt/gz_common_vendor:/opt/ros/jazzy/opt/gz_math_vendor:/opt/ros/jazzy/opt/gz_utils_vendor:/opt/ros/jazzy/opt/gz_tools_vendor:/opt/ros/jazzy/opt/gz_ogre_next_vendor:/opt/ros/jazzy/opt/gz_dartsim_vendor:/opt/ros/jazzy/opt/gz_cmake_vendor:/home/ubuntu/Session5/install/bme_ros2_simple_arm_py:/home/ubuntu/Session5/install/arm_ik_solver:/opt/ros/jazzy /usr/bin/cmake --install /home/ubuntu/Session5/build/bme_ros2_simple_arm_moveit_config
[0.884s] Level 1:colcon.colcon_core.environment:create_environment_scripts_only(bme_ros2_simple_arm_moveit_config)
[0.884s] Level 1:colcon.colcon_core.environment:checking '/home/ubuntu/Session5/install/bme_ros2_simple_arm_moveit_config' for CMake module files
[0.884s] DEBUG:colcon.colcon_core.event_handler.log_command:Invoked command in '/home/ubuntu/Session5/build/bme_ros2_simple_arm_moveit_config' returned '0': CMAKE_PREFIX_PATH=/home/ubuntu/Session5/install/bme_ros2_simple_arm:/home/ubuntu/Session5/install/bme_ros2_simple_arm_moveit_config:/opt/ros/jazzy/opt/gz_sim_vendor:/opt/ros/jazzy/opt/gz_sensors_vendor:/opt/ros/jazzy/opt/gz_physics_vendor:/opt/ros/jazzy/opt/sdformat_vendor:/opt/ros/jazzy/opt/gz_gui_vendor:/opt/ros/jazzy/opt/gz_transport_vendor:/opt/ros/jazzy/opt/gz_rendering_vendor:/opt/ros/jazzy/opt/gz_plugin_vendor:/opt/ros/jazzy/opt/gz_fuel_tools_vendor:/opt/ros/jazzy/opt/gz_msgs_vendor:/opt/ros/jazzy/opt/gz_common_vendor:/opt/ros/jazzy/opt/gz_math_vendor:/opt/ros/jazzy/opt/gz_utils_vendor:/opt/ros/jazzy/opt/gz_tools_vendor:/opt/ros/jazzy/opt/gz_ogre_next_vendor:/opt/ros/jazzy/opt/gz_dartsim_vendor:/opt/ros/jazzy/opt/gz_cmake_vendor:/home/ubuntu/Session5/install/bme_ros2_simple_arm_py:/home/ubuntu/Session5/install/arm_ik_solver:/opt/ros/jazzy /usr/bin/cmake --install /home/ubuntu/Session5/build/bme_ros2_simple_arm_moveit_config
[0.885s] Level 1:colcon.colcon_core.environment:checking '/home/ubuntu/Session5/install/bme_ros2_simple_arm_moveit_config' for CMake config files
[0.885s] Level 1:colcon.colcon_core.shell:create_environment_hook('bme_ros2_simple_arm_moveit_config', 'cmake_prefix_path')
[0.885s] INFO:colcon.colcon_core.shell:Creating environment hook '/home/ubuntu/Session5/install/bme_ros2_simple_arm_moveit_config/share/bme_ros2_simple_arm_moveit_config/hook/cmake_prefix_path.ps1'
[0.885s] INFO:colcon.colcon_core.shell:Creating environment descriptor '/home/ubuntu/Session5/install/bme_ros2_simple_arm_moveit_config/share/bme_ros2_simple_arm_moveit_config/hook/cmake_prefix_path.dsv'
[0.886s] INFO:colcon.colcon_core.shell:Creating environment hook '/home/ubuntu/Session5/install/bme_ros2_simple_arm_moveit_config/share/bme_ros2_simple_arm_moveit_config/hook/cmake_prefix_path.sh'
[0.886s] Level 1:colcon.colcon_core.environment:checking '/home/ubuntu/Session5/install/bme_ros2_simple_arm_moveit_config/bin'
[0.886s] Level 1:colcon.colcon_core.environment:checking '/home/ubuntu/Session5/install/bme_ros2_simple_arm_moveit_config/lib/pkgconfig/bme_ros2_simple_arm_moveit_config.pc'
[0.886s] Level 1:colcon.colcon_core.environment:checking '/home/ubuntu/Session5/install/bme_ros2_simple_arm_moveit_config/lib/python3.12/site-packages'
[0.886s] Level 1:colcon.colcon_core.environment:checking '/home/ubuntu/Session5/install/bme_ros2_simple_arm_moveit_config/bin'
[0.887s] INFO:colcon.colcon_core.shell:Creating package script '/home/ubuntu/Session5/install/bme_ros2_simple_arm_moveit_config/share/bme_ros2_simple_arm_moveit_config/package.ps1'
[0.887s] INFO:colcon.colcon_core.shell:Creating package descriptor '/home/ubuntu/Session5/install/bme_ros2_simple_arm_moveit_config/share/bme_ros2_simple_arm_moveit_config/package.dsv'
[0.887s] INFO:colcon.colcon_core.shell:Creating package script '/home/ubuntu/Session5/install/bme_ros2_simple_arm_moveit_config/share/bme_ros2_simple_arm_moveit_config/package.sh'
[0.888s] INFO:colcon.colcon_core.shell:Creating package script '/home/ubuntu/Session5/install/bme_ros2_simple_arm_moveit_config/share/bme_ros2_simple_arm_moveit_config/package.bash'
[0.888s] INFO:colcon.colcon_core.shell:Creating package script '/home/ubuntu/Session5/install/bme_ros2_simple_arm_moveit_config/share/bme_ros2_simple_arm_moveit_config/package.zsh'
[0.889s] Level 1:colcon.colcon_core.environment:create_file_with_runtime_dependencies(/home/ubuntu/Session5/install/bme_ros2_simple_arm_moveit_config/share/colcon-core/packages/bme_ros2_simple_arm_moveit_config)
[0.889s] Level 1:colcon.colcon_core.environment:create_environment_scripts_only(bme_ros2_simple_arm_moveit_config)
[0.889s] Level 1:colcon.colcon_core.environment:checking '/home/ubuntu/Session5/install/bme_ros2_simple_arm_moveit_config' for CMake module files
[0.890s] Level 1:colcon.colcon_core.environment:checking '/home/ubuntu/Session5/install/bme_ros2_simple_arm_moveit_config' for CMake config files
[0.890s] Level 1:colcon.colcon_core.shell:create_environment_hook('bme_ros2_simple_arm_moveit_config', 'cmake_prefix_path')
[0.890s] INFO:colcon.colcon_core.shell:Creating environment hook '/home/ubuntu/Session5/install/bme_ros2_simple_arm_moveit_config/share/bme_ros2_simple_arm_moveit_config/hook/cmake_prefix_path.ps1'
[0.890s] INFO:colcon.colcon_core.shell:Creating environment descriptor '/home/ubuntu/Session5/install/bme_ros2_simple_arm_moveit_config/share/bme_ros2_simple_arm_moveit_config/hook/cmake_prefix_path.dsv'
[0.890s] INFO:colcon.colcon_core.shell:Creating environment hook '/home/ubuntu/Session5/install/bme_ros2_simple_arm_moveit_config/share/bme_ros2_simple_arm_moveit_config/hook/cmake_prefix_path.sh'
[0.891s] Level 1:colcon.colcon_core.environment:checking '/home/ubuntu/Session5/install/bme_ros2_simple_arm_moveit_config/bin'
[0.891s] Level 1:colcon.colcon_core.environment:checking '/home/ubuntu/Session5/install/bme_ros2_simple_arm_moveit_config/lib/pkgconfig/bme_ros2_simple_arm_moveit_config.pc'
[0.891s] Level 1:colcon.colcon_core.environment:checking '/home/ubuntu/Session5/install/bme_ros2_simple_arm_moveit_config/lib/python3.12/site-packages'
[0.891s] Level 1:colcon.colcon_core.environment:checking '/home/ubuntu/Session5/install/bme_ros2_simple_arm_moveit_config/bin'
[0.891s] INFO:colcon.colcon_core.shell:Creating package script '/home/ubuntu/Session5/install/bme_ros2_simple_arm_moveit_config/share/bme_ros2_simple_arm_moveit_config/package.ps1'
[0.891s] INFO:colcon.colcon_core.shell:Creating package descriptor '/home/ubuntu/Session5/install/bme_ros2_simple_arm_moveit_config/share/bme_ros2_simple_arm_moveit_config/package.dsv'
[0.892s] INFO:colcon.colcon_core.shell:Creating package script '/home/ubuntu/Session5/install/bme_ros2_simple_arm_moveit_config/share/bme_ros2_simple_arm_moveit_config/package.sh'
[0.892s] INFO:colcon.colcon_core.shell:Creating package script '/home/ubuntu/Session5/install/bme_ros2_simple_arm_moveit_config/share/bme_ros2_simple_arm_moveit_config/package.bash'
[0.892s] INFO:colcon.colcon_core.shell:Creating package script '/home/ubuntu/Session5/install/bme_ros2_simple_arm_moveit_config/share/bme_ros2_simple_arm_moveit_config/package.zsh'
[0.892s] Level 1:colcon.colcon_core.environment:create_file_with_runtime_dependencies(/home/ubuntu/Session5/install/bme_ros2_simple_arm_moveit_config/share/colcon-core/packages/bme_ros2_simple_arm_moveit_config)
[1.569s] DEBUG:colcon.colcon_core.task.python.build:Available setuptools commands: install_headers, build_clib, build_py, clean, bdist_dumb, egg_info, bdist_rpm, update_catalog, editable_wheel, rotate, build, install_scripts, bdist, setopt, develop, extract_messages, easy_install, saveopts, upload, bdist_wheel, bdist_egg, init_catalog, install_egg_info, compile_catalog, dist_info, symlink_data, build_scripts, alias, build_ext, sdist, test, upload_docs, install, check, install_lib, install_data, register
[1.570s] DEBUG:colcon.colcon_core.task.python.build:Available setuptools commands: install_headers, build_clib, build_py, clean, bdist_dumb, egg_info, bdist_rpm, update_catalog, editable_wheel, rotate, build, install_scripts, bdist, setopt, develop, extract_messages, easy_install, saveopts, upload, bdist_wheel, bdist_egg, init_catalog, install_egg_info, compile_catalog, dist_info, symlink_data, build_scripts, alias, build_ext, sdist, test, upload_docs, install, check, install_lib, install_data, register
[1.571s] DEBUG:colcon.colcon_core.event_handler.log_command:Invoking command in '/home/ubuntu/Session5/arm_ik_solver': PYTHONPATH=/home/ubuntu/Session5/build/arm_ik_solver/prefix_override:/usr/lib/python3/dist-packages/colcon_core/task/python/colcon_distutils_commands:/home/ubuntu/Session5/install/arm_ik_solver/lib/python3.12/site-packages:${PYTHONPATH} /usr/bin/python3 -W ignore:setup.py install is deprecated -W ignore:easy_install command is deprecated setup.py egg_info --egg-base ../build/arm_ik_solver build --build-base /home/ubuntu/Session5/build/arm_ik_solver/build install --record /home/ubuntu/Session5/build/arm_ik_solver/install.log --install-scripts $base/lib/arm_ik_solver --single-version-externally-managed install_data
[1.572s] DEBUG:colcon.colcon_core.event_handler.log_command:Invoking command in '/home/ubuntu/Session5/bme_ros2_simple_arm_py': PYTHONPATH=/home/ubuntu/Session5/build/bme_ros2_simple_arm_py/prefix_override:/usr/lib/python3/dist-packages/colcon_core/task/python/colcon_distutils_commands:/home/ubuntu/Session5/install/bme_ros2_simple_arm_py/lib/python3.12/site-packages:${PYTHONPATH} /usr/bin/python3 -W ignore:setup.py install is deprecated -W ignore:easy_install command is deprecated setup.py egg_info --egg-base ../build/bme_ros2_simple_arm_py build --build-base /home/ubuntu/Session5/build/bme_ros2_simple_arm_py/build install --record /home/ubuntu/Session5/build/bme_ros2_simple_arm_py/install.log --install-scripts $base/lib/bme_ros2_simple_arm_py --single-version-externally-managed install_data
[1.927s] Level 1:colcon.colcon_core.environment:checking '/home/ubuntu/Session5/install/arm_ik_solver' for CMake module files
[1.928s] DEBUG:colcon.colcon_core.event_handler.log_command:Invoked command in '/home/ubuntu/Session5/arm_ik_solver' returned '0': PYTHONPATH=/home/ubuntu/Session5/build/arm_ik_solver/prefix_override:/usr/lib/python3/dist-packages/colcon_core/task/python/colcon_distutils_commands:/home/ubuntu/Session5/install/arm_ik_solver/lib/python3.12/site-packages:${PYTHONPATH} /usr/bin/python3 -W ignore:setup.py install is deprecated -W ignore:easy_install command is deprecated setup.py egg_info --egg-base ../build/arm_ik_solver build --build-base /home/ubuntu/Session5/build/arm_ik_solver/build install --record /home/ubuntu/Session5/build/arm_ik_solver/install.log --install-scripts $base/lib/arm_ik_solver --single-version-externally-managed install_data
[1.928s] Level 1:colcon.colcon_core.environment:checking '/home/ubuntu/Session5/install/arm_ik_solver' for CMake config files
[1.928s] Level 1:colcon.colcon_core.environment:checking '/home/ubuntu/Session5/install/arm_ik_solver/lib'
[1.928s] Level 1:colcon.colcon_core.environment:checking '/home/ubuntu/Session5/install/arm_ik_solver/bin'
[1.928s] Level 1:colcon.colcon_core.environment:checking '/home/ubuntu/Session5/install/arm_ik_solver/lib/pkgconfig/arm_ik_solver.pc'
[1.929s] Level 1:colcon.colcon_core.environment:checking '/home/ubuntu/Session5/install/arm_ik_solver/lib/python3.12/site-packages'
[1.929s] Level 1:colcon.colcon_core.shell:create_environment_hook('arm_ik_solver', 'pythonpath')
[1.929s] INFO:colcon.colcon_core.shell:Creating environment hook '/home/ubuntu/Session5/install/arm_ik_solver/share/arm_ik_solver/hook/pythonpath.ps1'
[1.929s] INFO:colcon.colcon_core.shell:Creating environment descriptor '/home/ubuntu/Session5/install/arm_ik_solver/share/arm_ik_solver/hook/pythonpath.dsv'
[1.929s] INFO:colcon.colcon_core.shell:Creating environment hook '/home/ubuntu/Session5/install/arm_ik_solver/share/arm_ik_solver/hook/pythonpath.sh'
[1.930s] Level 1:colcon.colcon_core.environment:checking '/home/ubuntu/Session5/install/arm_ik_solver/bin'
[1.930s] Level 1:colcon.colcon_core.environment:create_environment_scripts_only(arm_ik_solver)
[1.930s] INFO:colcon.colcon_core.shell:Creating package script '/home/ubuntu/Session5/install/arm_ik_solver/share/arm_ik_solver/package.ps1'
[1.930s] INFO:colcon.colcon_core.shell:Creating package descriptor '/home/ubuntu/Session5/install/arm_ik_solver/share/arm_ik_solver/package.dsv'
[1.930s] INFO:colcon.colcon_core.shell:Creating package script '/home/ubuntu/Session5/install/arm_ik_solver/share/arm_ik_solver/package.sh'
[1.931s] INFO:colcon.colcon_core.shell:Creating package script '/home/ubuntu/Session5/install/arm_ik_solver/share/arm_ik_solver/package.bash'
[1.931s] INFO:colcon.colcon_core.shell:Creating package script '/home/ubuntu/Session5/install/arm_ik_solver/share/arm_ik_solver/package.zsh'
[1.931s] Level 1:colcon.colcon_core.environment:create_file_with_runtime_dependencies(/home/ubuntu/Session5/install/arm_ik_solver/share/colcon-core/packages/arm_ik_solver)
[1.931s] Level 1:colcon.colcon_core.environment:checking '/home/ubuntu/Session5/install/bme_ros2_simple_arm_py' for CMake module files
[1.932s] Level 1:colcon.colcon_core.environment:checking '/home/ubuntu/Session5/install/bme_ros2_simple_arm_py' for CMake config files
[1.933s] DEBUG:colcon.colcon_core.event_handler.log_command:Invoked command in '/home/ubuntu/Session5/bme_ros2_simple_arm_py' returned '0': PYTHONPATH=/home/ubuntu/Session5/build/bme_ros2_simple_arm_py/prefix_override:/usr/lib/python3/dist-packages/colcon_core/task/python/colcon_distutils_commands:/home/ubuntu/Session5/install/bme_ros2_simple_arm_py/lib/python3.12/site-packages:${PYTHONPATH} /usr/bin/python3 -W ignore:setup.py install is deprecated -W ignore:easy_install command is deprecated setup.py egg_info --egg-base ../build/bme_ros2_simple_arm_py build --build-base /home/ubuntu/Session5/build/bme_ros2_simple_arm_py/build install --record /home/ubuntu/Session5/build/bme_ros2_simple_arm_py/install.log --install-scripts $base/lib/bme_ros2_simple_arm_py --single-version-externally-managed install_data
[1.933s] Level 1:colcon.colcon_core.environment:checking '/home/ubuntu/Session5/install/bme_ros2_simple_arm_py/lib'
[1.933s] Level 1:colcon.colcon_core.environment:checking '/home/ubuntu/Session5/install/bme_ros2_simple_arm_py/bin'
[1.933s] Level 1:colcon.colcon_core.environment:checking '/home/ubuntu/Session5/install/bme_ros2_simple_arm_py/lib/pkgconfig/bme_ros2_simple_arm_py.pc'
[1.933s] Level 1:colcon.colcon_core.environment:checking '/home/ubuntu/Session5/install/bme_ros2_simple_arm_py/lib/python3.12/site-packages'
[1.933s] Level 1:colcon.colcon_core.shell:create_environment_hook('bme_ros2_simple_arm_py', 'pythonpath')
[1.933s] INFO:colcon.colcon_core.shell:Creating environment hook '/home/ubuntu/Session5/install/bme_ros2_simple_arm_py/share/bme_ros2_simple_arm_py/hook/pythonpath.ps1'
[1.934s] INFO:colcon.colcon_core.shell:Creating environment descriptor '/home/ubuntu/Session5/install/bme_ros2_simple_arm_py/share/bme_ros2_simple_arm_py/hook/pythonpath.dsv'
[1.934s] INFO:colcon.colcon_core.shell:Creating environment hook '/home/ubuntu/Session5/install/bme_ros2_simple_arm_py/share/bme_ros2_simple_arm_py/hook/pythonpath.sh'
[1.934s] Level 1:colcon.colcon_core.environment:checking '/home/ubuntu/Session5/install/bme_ros2_simple_arm_py/bin'
[1.934s] Level 1:colcon.colcon_core.environment:create_environment_scripts_only(bme_ros2_simple_arm_py)
[1.935s] INFO:colcon.colcon_core.shell:Creating package script '/home/ubuntu/Session5/install/bme_ros2_simple_arm_py/share/bme_ros2_simple_arm_py/package.ps1'
[1.935s] INFO:colcon.colcon_core.shell:Creating package descriptor '/home/ubuntu/Session5/install/bme_ros2_simple_arm_py/share/bme_ros2_simple_arm_py/package.dsv'
[1.935s] INFO:colcon.colcon_core.shell:Creating package script '/home/ubuntu/Session5/install/bme_ros2_simple_arm_py/share/bme_ros2_simple_arm_py/package.sh'
[1.935s] INFO:colcon.colcon_core.shell:Creating package script '/home/ubuntu/Session5/install/bme_ros2_simple_arm_py/share/bme_ros2_simple_arm_py/package.bash'
[1.935s] INFO:colcon.colcon_core.shell:Creating package script '/home/ubuntu/Session5/install/bme_ros2_simple_arm_py/share/bme_ros2_simple_arm_py/package.zsh'
[1.936s] Level 1:colcon.colcon_core.environment:create_file_with_runtime_dependencies(/home/ubuntu/Session5/install/bme_ros2_simple_arm_py/share/colcon-core/packages/bme_ros2_simple_arm_py)
[1.936s] DEBUG:colcon.colcon_parallel_executor.executor.parallel:closing loop
[1.936s] DEBUG:colcon.colcon_parallel_executor.executor.parallel:loop closed
[1.936s] DEBUG:colcon.colcon_parallel_executor.executor.parallel:run_until_complete finished with '0'
[1.936s] DEBUG:colcon.colcon_core.event_reactor:joining thread
[1.953s] INFO:colcon.colcon_core.plugin_system:Skipping extension 'colcon_notification.desktop_notification.terminal_notifier': Not used on non-Darwin systems
[1.953s] INFO:colcon.colcon_core.plugin_system:Skipping extension 'colcon_notification.desktop_notification.win32': Not used on non-Windows systems
[1.953s] INFO:colcon.colcon_notification.desktop_notification:Sending desktop notification using 'notify2'
[2.099s] DEBUG:colcon.colcon_core.event_reactor:joined thread
[2.099s] INFO:colcon.colcon_core.shell:Creating prefix script '/home/ubuntu/Session5/install/local_setup.ps1'
[2.101s] INFO:colcon.colcon_core.shell:Creating prefix util module '/home/ubuntu/Session5/install/_local_setup_util_ps1.py'
[2.102s] INFO:colcon.colcon_core.shell:Creating prefix chain script '/home/ubuntu/Session5/install/setup.ps1'
[2.104s] INFO:colcon.colcon_core.shell:Creating prefix script '/home/ubuntu/Session5/install/local_setup.sh'
[2.104s] INFO:colcon.colcon_core.shell:Creating prefix util module '/home/ubuntu/Session5/install/_local_setup_util_sh.py'
[2.105s] INFO:colcon.colcon_core.shell:Creating prefix chain script '/home/ubuntu/Session5/install/setup.sh'
[2.106s] INFO:colcon.colcon_core.shell:Creating prefix script '/home/ubuntu/Session5/install/local_setup.bash'
[2.106s] INFO:colcon.colcon_core.shell:Creating prefix chain script '/home/ubuntu/Session5/install/setup.bash'
[2.107s] INFO:colcon.colcon_core.shell:Creating prefix script '/home/ubuntu/Session5/install/local_setup.zsh'
[2.108s] INFO:colcon.colcon_core.shell:Creating prefix chain script '/home/ubuntu/Session5/install/setup.zsh'
