[0.012s] Invoking command in '/home/ubuntu/Session5/build/bme_ros2_simple_arm': CMAKE_PREFIX_PATH=${CMAKE_PREFIX_PATH}:/home/ubuntu/install/trajectory_server:/home/ubuntu/install/ros2_robot_sim:/home/ubuntu/install/robot_bringup:/home/ubuntu/install/erc_gazebo_sensors_py:/opt/ros/jazzy /usr/bin/cmake /home/ubuntu/Session5/bme_ros2_simple_arm -DCMAKE_INSTALL_PREFIX=/home/ubuntu/Session5/install/bme_ros2_simple_arm
[0.159s] -- The C compiler identification is GNU 13.3.0
[0.280s] -- The CXX compiler identification is GNU 13.3.0
[0.296s] -- Detecting C compiler ABI info
[0.367s] -- Detecting C compiler ABI info - done
[0.372s] -- Check for working C compiler: /usr/bin/cc - skipped
[0.374s] -- Detecting C compile features
[0.375s] -- Detecting C compile features - done
[0.382s] -- Detecting CXX compiler ABI info
[0.458s] -- Detecting CXX compiler ABI info - done
[0.464s] -- Check for working CXX compiler: /usr/bin/c++ - skipped
[0.464s] -- Detecting CXX compile features
[0.464s] -- Detecting CXX compile features - done
[0.536s] -- Found ament_cmake: 2.5.6 (/opt/ros/jazzy/share/ament_cmake/cmake)
[0.656s] -- Found Python3: /usr/bin/python3 (found version "3.12.3") found components: Interpreter 
[0.796s] -- Found ament_lint_auto: 0.17.5 (/opt/ros/jazzy/share/ament_lint_auto/cmake)
[0.922s] -- Added test 'flake8' to check Python code syntax and style conventions
[0.922s] -- Configured 'flake8' exclude dirs and/or files: 
[0.925s] -- Added test 'lint_cmake' to check CMake code style
[0.927s] -- Added test 'pep257' to check Python code against some of the docstring style conventions in PEP 257
[0.930s] -- Added test 'xmllint' to check XML markup files
[0.935s] -- Configuring done (0.9s)
[0.941s] -- Generating done (0.0s)
[0.943s] -- Build files have been written to: /home/ubuntu/Session5/build/bme_ros2_simple_arm
[0.947s] Invoked command in '/home/ubuntu/Session5/build/bme_ros2_simple_arm' returned '0': CMAKE_PREFIX_PATH=${CMAKE_PREFIX_PATH}:/home/ubuntu/install/trajectory_server:/home/ubuntu/install/ros2_robot_sim:/home/ubuntu/install/robot_bringup:/home/ubuntu/install/erc_gazebo_sensors_py:/opt/ros/jazzy /usr/bin/cmake /home/ubuntu/Session5/bme_ros2_simple_arm -DCMAKE_INSTALL_PREFIX=/home/ubuntu/Session5/install/bme_ros2_simple_arm
[0.948s] Invoking command in '/home/ubuntu/Session5/build/bme_ros2_simple_arm': CMAKE_PREFIX_PATH=${CMAKE_PREFIX_PATH}:/home/ubuntu/install/trajectory_server:/home/ubuntu/install/ros2_robot_sim:/home/ubuntu/install/robot_bringup:/home/ubuntu/install/erc_gazebo_sensors_py:/opt/ros/jazzy /usr/bin/cmake --build /home/ubuntu/Session5/build/bme_ros2_simple_arm -- -j24 -l24
[0.975s] Invoked command in '/home/ubuntu/Session5/build/bme_ros2_simple_arm' returned '0': CMAKE_PREFIX_PATH=${CMAKE_PREFIX_PATH}:/home/ubuntu/install/trajectory_server:/home/ubuntu/install/ros2_robot_sim:/home/ubuntu/install/robot_bringup:/home/ubuntu/install/erc_gazebo_sensors_py:/opt/ros/jazzy /usr/bin/cmake --build /home/ubuntu/Session5/build/bme_ros2_simple_arm -- -j24 -l24
[0.982s] Invoking command in '/home/ubuntu/Session5/build/bme_ros2_simple_arm': CMAKE_PREFIX_PATH=${CMAKE_PREFIX_PATH}:/home/ubuntu/install/trajectory_server:/home/ubuntu/install/ros2_robot_sim:/home/ubuntu/install/robot_bringup:/home/ubuntu/install/erc_gazebo_sensors_py:/opt/ros/jazzy /usr/bin/cmake --install /home/ubuntu/Session5/build/bme_ros2_simple_arm
[0.988s] -- Install configuration: ""
[0.988s] -- Installing: /home/ubuntu/Session5/install/bme_ros2_simple_arm/share/bme_ros2_simple_arm/config
[0.989s] -- Installing: /home/ubuntu/Session5/install/bme_ros2_simple_arm/share/bme_ros2_simple_arm/config/controller_position.yaml
[0.991s] -- Installing: /home/ubuntu/Session5/install/bme_ros2_simple_arm/share/bme_ros2_simple_arm/config/gz_bridge.yaml
[0.991s] -- Installing: /home/ubuntu/Session5/install/bme_ros2_simple_arm/share/bme_ros2_simple_arm/launch
[0.991s] -- Installing: /home/ubuntu/Session5/install/bme_ros2_simple_arm/share/bme_ros2_simple_arm/launch/spawn_robot.launch.py
[0.992s] -- Installing: /home/ubuntu/Session5/install/bme_ros2_simple_arm/share/bme_ros2_simple_arm/launch/world.launch.py
[0.993s] -- Installing: /home/ubuntu/Session5/install/bme_ros2_simple_arm/share/bme_ros2_simple_arm/launch/check_urdf.launch.py
[0.993s] -- Installing: /home/ubuntu/Session5/install/bme_ros2_simple_arm/share/bme_ros2_simple_arm/worlds
[0.993s] -- Installing: /home/ubuntu/Session5/install/bme_ros2_simple_arm/share/bme_ros2_simple_arm/worlds/empty.sdf
[0.994s] -- Installing: /home/ubuntu/Session5/install/bme_ros2_simple_arm/share/bme_ros2_simple_arm/worlds/world.sdf
[0.994s] -- Installing: /home/ubuntu/Session5/install/bme_ros2_simple_arm/share/bme_ros2_simple_arm/rviz
[0.994s] -- Installing: /home/ubuntu/Session5/install/bme_ros2_simple_arm/share/bme_ros2_simple_arm/rviz/urdf.rviz
[0.995s] -- Installing: /home/ubuntu/Session5/install/bme_ros2_simple_arm/share/bme_ros2_simple_arm/rviz/rviz.rviz
[0.996s] -- Installing: /home/ubuntu/Session5/install/bme_ros2_simple_arm/share/bme_ros2_simple_arm/urdf
[0.996s] -- Installing: /home/ubuntu/Session5/install/bme_ros2_simple_arm/share/bme_ros2_simple_arm/urdf/mogi_arm.gazebo
[0.996s] -- Installing: /home/ubuntu/Session5/install/bme_ros2_simple_arm/share/bme_ros2_simple_arm/urdf/mogi_arm.xacro
[0.996s] -- Installing: /home/ubuntu/Session5/install/bme_ros2_simple_arm/share/bme_ros2_simple_arm/urdf/materials.xacro
[0.996s] -- Installing: /home/ubuntu/Session5/install/bme_ros2_simple_arm/share/bme_ros2_simple_arm/meshes
[0.997s] -- Installing: /home/ubuntu/Session5/install/bme_ros2_simple_arm/share/bme_ros2_simple_arm/meshes/forearm.STEP
[0.998s] -- Installing: /home/ubuntu/Session5/install/bme_ros2_simple_arm/share/bme_ros2_simple_arm/meshes/wrist.blend
[0.999s] -- Installing: /home/ubuntu/Session5/install/bme_ros2_simple_arm/share/bme_ros2_simple_arm/meshes/wrist.SLDPRT
[1.000s] -- Installing: /home/ubuntu/Session5/install/bme_ros2_simple_arm/share/bme_ros2_simple_arm/meshes/wrist.dae
[1.001s] -- Installing: /home/ubuntu/Session5/install/bme_ros2_simple_arm/share/bme_ros2_simple_arm/meshes/forearm.dae
[1.002s] -- Installing: /home/ubuntu/Session5/install/bme_ros2_simple_arm/share/bme_ros2_simple_arm/meshes/upper_arm.STEP
[1.003s] -- Installing: /home/ubuntu/Session5/install/bme_ros2_simple_arm/share/bme_ros2_simple_arm/meshes/shoulder.SLDPRT
[1.004s] -- Installing: /home/ubuntu/Session5/install/bme_ros2_simple_arm/share/bme_ros2_simple_arm/meshes/upper_arm.SLDPRT
[1.006s] -- Installing: /home/ubuntu/Session5/install/bme_ros2_simple_arm/share/bme_ros2_simple_arm/meshes/wrist.STL
[1.007s] -- Installing: /home/ubuntu/Session5/install/bme_ros2_simple_arm/share/bme_ros2_simple_arm/meshes/shoulder.blend
[1.009s] -- Installing: /home/ubuntu/Session5/install/bme_ros2_simple_arm/share/bme_ros2_simple_arm/meshes/upper_arm.blend
[1.011s] -- Installing: /home/ubuntu/Session5/install/bme_ros2_simple_arm/share/bme_ros2_simple_arm/meshes/shoulder.dae
[1.012s] -- Installing: /home/ubuntu/Session5/install/bme_ros2_simple_arm/share/bme_ros2_simple_arm/meshes/forearm.STL
[1.013s] -- Installing: /home/ubuntu/Session5/install/bme_ros2_simple_arm/share/bme_ros2_simple_arm/meshes/forearm.blend
[1.015s] -- Installing: /home/ubuntu/Session5/install/bme_ros2_simple_arm/share/bme_ros2_simple_arm/meshes/upper_arm.STL
[1.016s] -- Installing: /home/ubuntu/Session5/install/bme_ros2_simple_arm/share/bme_ros2_simple_arm/meshes/shoulder.STEP
[1.017s] -- Installing: /home/ubuntu/Session5/install/bme_ros2_simple_arm/share/bme_ros2_simple_arm/meshes/wrist.STEP
[1.018s] -- Installing: /home/ubuntu/Session5/install/bme_ros2_simple_arm/share/bme_ros2_simple_arm/meshes/upper_arm.dae
[1.019s] -- Installing: /home/ubuntu/Session5/install/bme_ros2_simple_arm/share/bme_ros2_simple_arm/meshes/forearm.SLDPRT
[1.020s] -- Installing: /home/ubuntu/Session5/install/bme_ros2_simple_arm/share/bme_ros2_simple_arm/meshes/shoulder.STL
[1.021s] -- Installing: /home/ubuntu/Session5/install/bme_ros2_simple_arm/share/ament_index/resource_index/package_run_dependencies/bme_ros2_simple_arm
[1.022s] -- Installing: /home/ubuntu/Session5/install/bme_ros2_simple_arm/share/ament_index/resource_index/parent_prefix_path/bme_ros2_simple_arm
[1.022s] -- Installing: /home/ubuntu/Session5/install/bme_ros2_simple_arm/share/bme_ros2_simple_arm/environment/ament_prefix_path.sh
[1.022s] -- Installing: /home/ubuntu/Session5/install/bme_ros2_simple_arm/share/bme_ros2_simple_arm/environment/ament_prefix_path.dsv
[1.022s] -- Installing: /home/ubuntu/Session5/install/bme_ros2_simple_arm/share/bme_ros2_simple_arm/environment/path.sh
[1.022s] -- Installing: /home/ubuntu/Session5/install/bme_ros2_simple_arm/share/bme_ros2_simple_arm/environment/path.dsv
[1.022s] -- Installing: /home/ubuntu/Session5/install/bme_ros2_simple_arm/share/bme_ros2_simple_arm/local_setup.bash
[1.023s] -- Installing: /home/ubuntu/Session5/install/bme_ros2_simple_arm/share/bme_ros2_simple_arm/local_setup.sh
[1.023s] -- Installing: /home/ubuntu/Session5/install/bme_ros2_simple_arm/share/bme_ros2_simple_arm/local_setup.zsh
[1.023s] -- Installing: /home/ubuntu/Session5/install/bme_ros2_simple_arm/share/bme_ros2_simple_arm/local_setup.dsv
[1.023s] -- Installing: /home/ubuntu/Session5/install/bme_ros2_simple_arm/share/bme_ros2_simple_arm/package.dsv
[1.023s] -- Installing: /home/ubuntu/Session5/install/bme_ros2_simple_arm/share/ament_index/resource_index/packages/bme_ros2_simple_arm
[1.023s] -- Installing: /home/ubuntu/Session5/install/bme_ros2_simple_arm/share/bme_ros2_simple_arm/cmake/bme_ros2_simple_armConfig.cmake
[1.024s] -- Installing: /home/ubuntu/Session5/install/bme_ros2_simple_arm/share/bme_ros2_simple_arm/cmake/bme_ros2_simple_armConfig-version.cmake
[1.024s] -- Installing: /home/ubuntu/Session5/install/bme_ros2_simple_arm/share/bme_ros2_simple_arm/package.xml
[1.025s] Invoked command in '/home/ubuntu/Session5/build/bme_ros2_simple_arm' returned '0': CMAKE_PREFIX_PATH=${CMAKE_PREFIX_PATH}:/home/ubuntu/install/trajectory_server:/home/ubuntu/install/ros2_robot_sim:/home/ubuntu/install/robot_bringup:/home/ubuntu/install/erc_gazebo_sensors_py:/opt/ros/jazzy /usr/bin/cmake --install /home/ubuntu/Session5/build/bme_ros2_simple_arm
