[1.121s] Invoking command in '/home/ubuntu/Session5/mogi_trajectory_server': PYTHONPATH=/home/ubuntu/Session5/build/mogi_trajectory_server/prefix_override:/usr/lib/python3/dist-packages/colcon_core/task/python/colcon_distutils_commands:/home/ubuntu/Session5/install/mogi_trajectory_server/lib/python3.12/site-packages:${PYTHONPATH} /usr/bin/python3 -W ignore:setup.py install is deprecated -W ignore:easy_install command is deprecated setup.py egg_info --egg-base ../build/mogi_trajectory_server build --build-base /home/ubuntu/Session5/build/mogi_trajectory_server/build install --record /home/ubuntu/Session5/build/mogi_trajectory_server/install.log --install-scripts $base/lib/mogi_trajectory_server --single-version-externally-managed install_data
[1.296s] running egg_info
[1.297s] creating ../build/mogi_trajectory_server/mogi_trajectory_server.egg-info
[1.311s] writing ../build/mogi_trajectory_server/mogi_trajectory_server.egg-info/PKG-INFO
[1.311s] writing dependency_links to ../build/mogi_trajectory_server/mogi_trajectory_server.egg-info/dependency_links.txt
[1.311s] writing entry points to ../build/mogi_trajectory_server/mogi_trajectory_server.egg-info/entry_points.txt
[1.311s] writing requirements to ../build/mogi_trajectory_server/mogi_trajectory_server.egg-info/requires.txt
[1.311s] writing top-level names to ../build/mogi_trajectory_server/mogi_trajectory_server.egg-info/top_level.txt
[1.311s] writing manifest file '../build/mogi_trajectory_server/mogi_trajectory_server.egg-info/SOURCES.txt'
[1.340s] reading manifest file '../build/mogi_trajectory_server/mogi_trajectory_server.egg-info/SOURCES.txt'
[1.340s] adding license file 'LICENSE'
[1.340s] writing manifest file '../build/mogi_trajectory_server/mogi_trajectory_server.egg-info/SOURCES.txt'
[1.340s] running build
[1.340s] running build_py
[1.340s] creating /home/ubuntu/Session5/build/mogi_trajectory_server/build
[1.340s] creating /home/ubuntu/Session5/build/mogi_trajectory_server/build/lib
[1.341s] creating /home/ubuntu/Session5/build/mogi_trajectory_server/build/lib/mogi_trajectory_server
[1.341s] copying mogi_trajectory_server/trajectory.py -> /home/ubuntu/Session5/build/mogi_trajectory_server/build/lib/mogi_trajectory_server
[1.341s] copying mogi_trajectory_server/trajectory_topic_based.py -> /home/ubuntu/Session5/build/mogi_trajectory_server/build/lib/mogi_trajectory_server
[1.341s] copying mogi_trajectory_server/__init__.py -> /home/ubuntu/Session5/build/mogi_trajectory_server/build/lib/mogi_trajectory_server
[1.341s] running install
[1.345s] running install_lib
[1.360s] creating /home/ubuntu/Session5/install/mogi_trajectory_server/lib/python3.12/site-packages/mogi_trajectory_server
[1.360s] copying /home/ubuntu/Session5/build/mogi_trajectory_server/build/lib/mogi_trajectory_server/trajectory.py -> /home/ubuntu/Session5/install/mogi_trajectory_server/lib/python3.12/site-packages/mogi_trajectory_server
[1.360s] copying /home/ubuntu/Session5/build/mogi_trajectory_server/build/lib/mogi_trajectory_server/trajectory_topic_based.py -> /home/ubuntu/Session5/install/mogi_trajectory_server/lib/python3.12/site-packages/mogi_trajectory_server
[1.360s] copying /home/ubuntu/Session5/build/mogi_trajectory_server/build/lib/mogi_trajectory_server/__init__.py -> /home/ubuntu/Session5/install/mogi_trajectory_server/lib/python3.12/site-packages/mogi_trajectory_server
[1.361s] byte-compiling /home/ubuntu/Session5/install/mogi_trajectory_server/lib/python3.12/site-packages/mogi_trajectory_server/trajectory.py to trajectory.cpython-312.pyc
[1.362s] byte-compiling /home/ubuntu/Session5/install/mogi_trajectory_server/lib/python3.12/site-packages/mogi_trajectory_server/trajectory_topic_based.py to trajectory_topic_based.cpython-312.pyc
[1.362s] byte-compiling /home/ubuntu/Session5/install/mogi_trajectory_server/lib/python3.12/site-packages/mogi_trajectory_server/__init__.py to __init__.cpython-312.pyc
[1.363s] running install_data
[1.363s] creating /home/ubuntu/Session5/install/mogi_trajectory_server/share/ament_index
[1.363s] creating /home/ubuntu/Session5/install/mogi_trajectory_server/share/ament_index/resource_index
[1.363s] creating /home/ubuntu/Session5/install/mogi_trajectory_server/share/ament_index/resource_index/packages
[1.363s] copying resource/mogi_trajectory_server -> /home/ubuntu/Session5/install/mogi_trajectory_server/share/ament_index/resource_index/packages
[1.363s] copying package.xml -> /home/ubuntu/Session5/install/mogi_trajectory_server/share/mogi_trajectory_server
[1.363s] running install_egg_info
[1.378s] Copying ../build/mogi_trajectory_server/mogi_trajectory_server.egg-info to /home/ubuntu/Session5/install/mogi_trajectory_server/lib/python3.12/site-packages/mogi_trajectory_server-1.0.0-py3.12.egg-info
[1.378s] running install_scripts
[1.471s] Installing mogi_trajectory_server script to /home/ubuntu/Session5/install/mogi_trajectory_server/lib/mogi_trajectory_server
[1.471s] Installing mogi_trajectory_server_topic_based script to /home/ubuntu/Session5/install/mogi_trajectory_server/lib/mogi_trajectory_server
[1.471s] writing list of installed files to '/home/ubuntu/Session5/build/mogi_trajectory_server/install.log'
[1.491s] Invoked command in '/home/ubuntu/Session5/mogi_trajectory_server' returned '0': PYTHONPATH=/home/ubuntu/Session5/build/mogi_trajectory_server/prefix_override:/usr/lib/python3/dist-packages/colcon_core/task/python/colcon_distutils_commands:/home/ubuntu/Session5/install/mogi_trajectory_server/lib/python3.12/site-packages:${PYTHONPATH} /usr/bin/python3 -W ignore:setup.py install is deprecated -W ignore:easy_install command is deprecated setup.py egg_info --egg-base ../build/mogi_trajectory_server build --build-base /home/ubuntu/Session5/build/mogi_trajectory_server/build install --record /home/ubuntu/Session5/build/mogi_trajectory_server/install.log --install-scripts $base/lib/mogi_trajectory_server --single-version-externally-managed install_data
