[1.185s] Invoking command in '/home/ubuntu/Session5/bme_ros2_navigation_py': PYTHONPATH=/home/ubuntu/Session5/build/bme_ros2_navigation_py/prefix_override:/usr/lib/python3/dist-packages/colcon_core/task/python/colcon_distutils_commands:/home/ubuntu/Session5/install/bme_ros2_navigation_py/lib/python3.12/site-packages:${PYTHONPATH} /usr/bin/python3 -W ignore:setup.py install is deprecated -W ignore:easy_install command is deprecated setup.py egg_info --egg-base ../build/bme_ros2_navigation_py build --build-base /home/ubuntu/Session5/build/bme_ros2_navigation_py/build install --record /home/ubuntu/Session5/build/bme_ros2_navigation_py/install.log --install-scripts $base/lib/bme_ros2_navigation_py --single-version-externally-managed install_data
[1.365s] running egg_info
[1.378s] writing ../build/bme_ros2_navigation_py/bme_ros2_navigation_py.egg-info/PKG-INFO
[1.380s] writing dependency_links to ../build/bme_ros2_navigation_py/bme_ros2_navigation_py.egg-info/dependency_links.txt
[1.380s] writing entry points to ../build/bme_ros2_navigation_py/bme_ros2_navigation_py.egg-info/entry_points.txt
[1.380s] writing requirements to ../build/bme_ros2_navigation_py/bme_ros2_navigation_py.egg-info/requires.txt
[1.380s] writing top-level names to ../build/bme_ros2_navigation_py/bme_ros2_navigation_py.egg-info/top_level.txt
[1.406s] reading manifest file '../build/bme_ros2_navigation_py/bme_ros2_navigation_py.egg-info/SOURCES.txt'
[1.408s] writing manifest file '../build/bme_ros2_navigation_py/bme_ros2_navigation_py.egg-info/SOURCES.txt'
[1.408s] running build
[1.408s] running build_py
[1.409s] copying bme_ros2_navigation_py/waypoint_patrol.py -> /home/ubuntu/Session5/build/bme_ros2_navigation_py/build/lib/bme_ros2_navigation_py
[1.409s] running install
[1.413s] running install_lib
[1.427s] copying /home/ubuntu/Session5/build/bme_ros2_navigation_py/build/lib/bme_ros2_navigation_py/waypoint_patrol.py -> /home/ubuntu/Session5/install/bme_ros2_navigation_py/lib/python3.12/site-packages/bme_ros2_navigation_py
[1.427s] byte-compiling /home/ubuntu/Session5/install/bme_ros2_navigation_py/lib/python3.12/site-packages/bme_ros2_navigation_py/waypoint_patrol.py to waypoint_patrol.cpython-312.pyc
[1.428s] running install_data
[1.429s] running install_egg_info
[1.443s] removing '/home/ubuntu/Session5/install/bme_ros2_navigation_py/lib/python3.12/site-packages/bme_ros2_navigation_py-1.0.0-py3.12.egg-info' (and everything under it)
[1.443s] Copying ../build/bme_ros2_navigation_py/bme_ros2_navigation_py.egg-info to /home/ubuntu/Session5/install/bme_ros2_navigation_py/lib/python3.12/site-packages/bme_ros2_navigation_py-1.0.0-py3.12.egg-info
[1.446s] running install_scripts
[1.539s] Installing send_initialpose script to /home/ubuntu/Session5/install/bme_ros2_navigation_py/lib/bme_ros2_navigation_py
[1.539s] Installing slam_toolbox_load_map script to /home/ubuntu/Session5/install/bme_ros2_navigation_py/lib/bme_ros2_navigation_py
[1.539s] writing list of installed files to '/home/ubuntu/Session5/build/bme_ros2_navigation_py/install.log'
[1.564s] Invoked command in '/home/ubuntu/Session5/bme_ros2_navigation_py' returned '0': PYTHONPATH=/home/ubuntu/Session5/build/bme_ros2_navigation_py/prefix_override:/usr/lib/python3/dist-packages/colcon_core/task/python/colcon_distutils_commands:/home/ubuntu/Session5/install/bme_ros2_navigation_py/lib/python3.12/site-packages:${PYTHONPATH} /usr/bin/python3 -W ignore:setup.py install is deprecated -W ignore:easy_install command is deprecated setup.py egg_info --egg-base ../build/bme_ros2_navigation_py build --build-base /home/ubuntu/Session5/build/bme_ros2_navigation_py/build install --record /home/ubuntu/Session5/build/bme_ros2_navigation_py/install.log --install-scripts $base/lib/bme_ros2_navigation_py --single-version-externally-managed install_data
