running egg_info
writing ../build/arm_ik_solver/arm_ik_solver.egg-info/PKG-INFO
writing dependency_links to ../build/arm_ik_solver/arm_ik_solver.egg-info/dependency_links.txt
writing entry points to ../build/arm_ik_solver/arm_ik_solver.egg-info/entry_points.txt
writing requirements to ../build/arm_ik_solver/arm_ik_solver.egg-info/requires.txt
writing top-level names to ../build/arm_ik_solver/arm_ik_solver.egg-info/top_level.txt
reading manifest file '../build/arm_ik_solver/arm_ik_solver.egg-info/SOURCES.txt'
adding license file 'LICENSE'
writing manifest file '../build/arm_ik_solver/arm_ik_solver.egg-info/SOURCES.txt'
running build
running build_py
copying arm_ik_solver/manual_ik_node.py -> /home/ubuntu/Session5/build/arm_ik_solver/build/lib/arm_ik_solver
running install
running install_lib
copying /home/ubuntu/Session5/build/arm_ik_solver/build/lib/arm_ik_solver/manual_ik_node.py -> /home/ubuntu/Session5/install/arm_ik_solver/lib/python3.12/site-packages/arm_ik_solver
byte-compiling /home/ubuntu/Session5/install/arm_ik_solver/lib/python3.12/site-packages/arm_ik_solver/manual_ik_node.py to manual_ik_node.cpython-312.pyc
  File "/home/ubuntu/Session5/install/arm_ik_solver/lib/python3.12/site-packages/arm_ik_solver/manual_ik_node.py", line 1
    ]#!/usr/bin/env python3
    ^
SyntaxError: unmatched ']'

running install_data
running install_egg_info
removing '/home/ubuntu/Session5/install/arm_ik_solver/lib/python3.12/site-packages/arm_ik_solver-0.0.0-py3.12.egg-info' (and everything under it)
Copying ../build/arm_ik_solver/arm_ik_solver.egg-info to /home/ubuntu/Session5/install/arm_ik_solver/lib/python3.12/site-packages/arm_ik_solver-0.0.0-py3.12.egg-info
running install_scripts
Installing manual_ik_node script to /home/ubuntu/Session5/install/arm_ik_solver/lib/arm_ik_solver
writing list of installed files to '/home/ubuntu/Session5/build/arm_ik_solver/install.log'
