[0.746s] Invoking command in '/home/ubuntu/Session5/arm_ik_solver': PYTHONPATH=/home/ubuntu/Session5/build/arm_ik_solver/prefix_override:/usr/lib/python3/dist-packages/colcon_core/task/python/colcon_distutils_commands:/home/ubuntu/Session5/install/arm_ik_solver/lib/python3.12/site-packages:${PYTHONPATH} /usr/bin/python3 -W ignore:setup.py install is deprecated -W ignore:easy_install command is deprecated setup.py egg_info --egg-base ../build/arm_ik_solver build --build-base /home/ubuntu/Session5/build/arm_ik_solver/build install --record /home/ubuntu/Session5/build/arm_ik_solver/install.log --install-scripts $base/lib/arm_ik_solver --single-version-externally-managed install_data
[0.924s] running egg_info
[0.937s] writing ../build/arm_ik_solver/arm_ik_solver.egg-info/PKG-INFO
[0.937s] writing dependency_links to ../build/arm_ik_solver/arm_ik_solver.egg-info/dependency_links.txt
[0.937s] writing entry points to ../build/arm_ik_solver/arm_ik_solver.egg-info/entry_points.txt
[0.937s] writing requirements to ../build/arm_ik_solver/arm_ik_solver.egg-info/requires.txt
[0.938s] writing top-level names to ../build/arm_ik_solver/arm_ik_solver.egg-info/top_level.txt
[0.964s] reading manifest file '../build/arm_ik_solver/arm_ik_solver.egg-info/SOURCES.txt'
[0.964s] adding license file 'LICENSE'
[0.964s] writing manifest file '../build/arm_ik_solver/arm_ik_solver.egg-info/SOURCES.txt'
[0.964s] running build
[0.964s] running build_py
[0.964s] copying arm_ik_solver/manual_ik_node.py -> /home/ubuntu/Session5/build/arm_ik_solver/build/lib/arm_ik_solver
[0.965s] running install
[0.969s] running install_lib
[0.981s] copying /home/ubuntu/Session5/build/arm_ik_solver/build/lib/arm_ik_solver/manual_ik_node.py -> /home/ubuntu/Session5/install/arm_ik_solver/lib/python3.12/site-packages/arm_ik_solver
[0.981s] byte-compiling /home/ubuntu/Session5/install/arm_ik_solver/lib/python3.12/site-packages/arm_ik_solver/manual_ik_node.py to manual_ik_node.cpython-312.pyc
[0.981s]   File "/home/ubuntu/Session5/install/arm_ik_solver/lib/python3.12/site-packages/arm_ik_solver/manual_ik_node.py", line 1
[0.981s]     ]#!/usr/bin/env python3
[0.982s]     ^
[0.982s] SyntaxError: unmatched ']'
[0.982s] 
[0.982s] running install_data
[0.982s] running install_egg_info
[0.995s] removing '/home/ubuntu/Session5/install/arm_ik_solver/lib/python3.12/site-packages/arm_ik_solver-0.0.0-py3.12.egg-info' (and everything under it)
[0.995s] Copying ../build/arm_ik_solver/arm_ik_solver.egg-info to /home/ubuntu/Session5/install/arm_ik_solver/lib/python3.12/site-packages/arm_ik_solver-0.0.0-py3.12.egg-info
[0.997s] running install_scripts
[1.088s] Installing manual_ik_node script to /home/ubuntu/Session5/install/arm_ik_solver/lib/arm_ik_solver
[1.089s] writing list of installed files to '/home/ubuntu/Session5/build/arm_ik_solver/install.log'
[1.108s] Invoked command in '/home/ubuntu/Session5/arm_ik_solver' returned '0': PYTHONPATH=/home/ubuntu/Session5/build/arm_ik_solver/prefix_override:/usr/lib/python3/dist-packages/colcon_core/task/python/colcon_distutils_commands:/home/ubuntu/Session5/install/arm_ik_solver/lib/python3.12/site-packages:${PYTHONPATH} /usr/bin/python3 -W ignore:setup.py install is deprecated -W ignore:easy_install command is deprecated setup.py egg_info --egg-base ../build/arm_ik_solver build --build-base /home/ubuntu/Session5/build/arm_ik_solver/build install --record /home/ubuntu/Session5/build/arm_ik_solver/install.log --install-scripts $base/lib/arm_ik_solver --single-version-externally-managed install_data
