[0.008s] Invoking command in '/home/ubuntu/Session5/build/bme_ros2_simple_arm_moveit_config': CMAKE_PREFIX_PATH=/home/ubuntu/Session5/install/bme_ros2_simple_arm:/home/ubuntu/Session5/install/bme_ros2_simple_arm_moveit_config:/opt/ros/jazzy/opt/gz_sim_vendor:/opt/ros/jazzy/opt/gz_sensors_vendor:/opt/ros/jazzy/opt/gz_physics_vendor:/opt/ros/jazzy/opt/sdformat_vendor:/opt/ros/jazzy/opt/gz_gui_vendor:/opt/ros/jazzy/opt/gz_transport_vendor:/opt/ros/jazzy/opt/gz_rendering_vendor:/opt/ros/jazzy/opt/gz_plugin_vendor:/opt/ros/jazzy/opt/gz_fuel_tools_vendor:/opt/ros/jazzy/opt/gz_msgs_vendor:/opt/ros/jazzy/opt/gz_common_vendor:/opt/ros/jazzy/opt/gz_math_vendor:/opt/ros/jazzy/opt/gz_utils_vendor:/opt/ros/jazzy/opt/gz_tools_vendor:/opt/ros/jazzy/opt/gz_ogre_next_vendor:/opt/ros/jazzy/opt/gz_dartsim_vendor:/opt/ros/jazzy/opt/gz_cmake_vendor:/home/ubuntu/Session5/install/bme_ros2_simple_arm_py:/home/ubuntu/Session5/install/arm_ik_solver:/opt/ros/jazzy /usr/bin/cmake --build /home/ubuntu/Session5/build/bme_ros2_simple_arm_moveit_config -- -j24 -l24
[0.043s] Invoked command in '/home/ubuntu/Session5/build/bme_ros2_simple_arm_moveit_config' returned '0': CMAKE_PREFIX_PATH=/home/ubuntu/Session5/install/bme_ros2_simple_arm:/home/ubuntu/Session5/install/bme_ros2_simple_arm_moveit_config:/opt/ros/jazzy/opt/gz_sim_vendor:/opt/ros/jazzy/opt/gz_sensors_vendor:/opt/ros/jazzy/opt/gz_physics_vendor:/opt/ros/jazzy/opt/sdformat_vendor:/opt/ros/jazzy/opt/gz_gui_vendor:/opt/ros/jazzy/opt/gz_transport_vendor:/opt/ros/jazzy/opt/gz_rendering_vendor:/opt/ros/jazzy/opt/gz_plugin_vendor:/opt/ros/jazzy/opt/gz_fuel_tools_vendor:/opt/ros/jazzy/opt/gz_msgs_vendor:/opt/ros/jazzy/opt/gz_common_vendor:/opt/ros/jazzy/opt/gz_math_vendor:/opt/ros/jazzy/opt/gz_utils_vendor:/opt/ros/jazzy/opt/gz_tools_vendor:/opt/ros/jazzy/opt/gz_ogre_next_vendor:/opt/ros/jazzy/opt/gz_dartsim_vendor:/opt/ros/jazzy/opt/gz_cmake_vendor:/home/ubuntu/Session5/install/bme_ros2_simple_arm_py:/home/ubuntu/Session5/install/arm_ik_solver:/opt/ros/jazzy /usr/bin/cmake --build /home/ubuntu/Session5/build/bme_ros2_simple_arm_moveit_config -- -j24 -l24
[0.044s] Invoking command in '/home/ubuntu/Session5/build/bme_ros2_simple_arm_moveit_config': CMAKE_PREFIX_PATH=/home/ubuntu/Session5/install/bme_ros2_simple_arm:/home/ubuntu/Session5/install/bme_ros2_simple_arm_moveit_config:/opt/ros/jazzy/opt/gz_sim_vendor:/opt/ros/jazzy/opt/gz_sensors_vendor:/opt/ros/jazzy/opt/gz_physics_vendor:/opt/ros/jazzy/opt/sdformat_vendor:/opt/ros/jazzy/opt/gz_gui_vendor:/opt/ros/jazzy/opt/gz_transport_vendor:/opt/ros/jazzy/opt/gz_rendering_vendor:/opt/ros/jazzy/opt/gz_plugin_vendor:/opt/ros/jazzy/opt/gz_fuel_tools_vendor:/opt/ros/jazzy/opt/gz_msgs_vendor:/opt/ros/jazzy/opt/gz_common_vendor:/opt/ros/jazzy/opt/gz_math_vendor:/opt/ros/jazzy/opt/gz_utils_vendor:/opt/ros/jazzy/opt/gz_tools_vendor:/opt/ros/jazzy/opt/gz_ogre_next_vendor:/opt/ros/jazzy/opt/gz_dartsim_vendor:/opt/ros/jazzy/opt/gz_cmake_vendor:/home/ubuntu/Session5/install/bme_ros2_simple_arm_py:/home/ubuntu/Session5/install/arm_ik_solver:/opt/ros/jazzy /usr/bin/cmake --install /home/ubuntu/Session5/build/bme_ros2_simple_arm_moveit_config
[0.051s] -- Install configuration: ""
[0.051s] -- Up-to-date: /home/ubuntu/Session5/install/bme_ros2_simple_arm_moveit_config/share/ament_index/resource_index/package_run_dependencies/bme_ros2_simple_arm_moveit_config
[0.051s] -- Up-to-date: /home/ubuntu/Session5/install/bme_ros2_simple_arm_moveit_config/share/ament_index/resource_index/parent_prefix_path/bme_ros2_simple_arm_moveit_config
[0.051s] -- Up-to-date: /home/ubuntu/Session5/install/bme_ros2_simple_arm_moveit_config/share/bme_ros2_simple_arm_moveit_config/environment/ament_prefix_path.sh
[0.051s] -- Up-to-date: /home/ubuntu/Session5/install/bme_ros2_simple_arm_moveit_config/share/bme_ros2_simple_arm_moveit_config/environment/ament_prefix_path.dsv
[0.051s] -- Up-to-date: /home/ubuntu/Session5/install/bme_ros2_simple_arm_moveit_config/share/bme_ros2_simple_arm_moveit_config/environment/path.sh
[0.052s] -- Up-to-date: /home/ubuntu/Session5/install/bme_ros2_simple_arm_moveit_config/share/bme_ros2_simple_arm_moveit_config/environment/path.dsv
[0.052s] -- Up-to-date: /home/ubuntu/Session5/install/bme_ros2_simple_arm_moveit_config/share/bme_ros2_simple_arm_moveit_config/local_setup.bash
[0.052s] -- Up-to-date: /home/ubuntu/Session5/install/bme_ros2_simple_arm_moveit_config/share/bme_ros2_simple_arm_moveit_config/local_setup.sh
[0.052s] -- Up-to-date: /home/ubuntu/Session5/install/bme_ros2_simple_arm_moveit_config/share/bme_ros2_simple_arm_moveit_config/local_setup.zsh
[0.052s] -- Up-to-date: /home/ubuntu/Session5/install/bme_ros2_simple_arm_moveit_config/share/bme_ros2_simple_arm_moveit_config/local_setup.dsv
[0.052s] -- Installing: /home/ubuntu/Session5/install/bme_ros2_simple_arm_moveit_config/share/bme_ros2_simple_arm_moveit_config/package.dsv
[0.052s] -- Up-to-date: /home/ubuntu/Session5/install/bme_ros2_simple_arm_moveit_config/share/ament_index/resource_index/packages/bme_ros2_simple_arm_moveit_config
[0.052s] -- Up-to-date: /home/ubuntu/Session5/install/bme_ros2_simple_arm_moveit_config/share/bme_ros2_simple_arm_moveit_config/cmake/bme_ros2_simple_arm_moveit_configConfig.cmake
[0.052s] -- Up-to-date: /home/ubuntu/Session5/install/bme_ros2_simple_arm_moveit_config/share/bme_ros2_simple_arm_moveit_config/cmake/bme_ros2_simple_arm_moveit_configConfig-version.cmake
[0.052s] -- Up-to-date: /home/ubuntu/Session5/install/bme_ros2_simple_arm_moveit_config/share/bme_ros2_simple_arm_moveit_config/package.xml
[0.052s] -- Up-to-date: /home/ubuntu/Session5/install/bme_ros2_simple_arm_moveit_config/share/bme_ros2_simple_arm_moveit_config/launch
[0.052s] -- Up-to-date: /home/ubuntu/Session5/install/bme_ros2_simple_arm_moveit_config/share/bme_ros2_simple_arm_moveit_config/launch/setup_assistant.launch.py
[0.052s] -- Up-to-date: /home/ubuntu/Session5/install/bme_ros2_simple_arm_moveit_config/share/bme_ros2_simple_arm_moveit_config/launch/static_virtual_joint_tfs.launch.py
[0.052s] -- Up-to-date: /home/ubuntu/Session5/install/bme_ros2_simple_arm_moveit_config/share/bme_ros2_simple_arm_moveit_config/launch/move_group.launch.py
[0.052s] -- Up-to-date: /home/ubuntu/Session5/install/bme_ros2_simple_arm_moveit_config/share/bme_ros2_simple_arm_moveit_config/launch/demo.launch.py
[0.052s] -- Up-to-date: /home/ubuntu/Session5/install/bme_ros2_simple_arm_moveit_config/share/bme_ros2_simple_arm_moveit_config/launch/rsp.launch.py
[0.052s] -- Up-to-date: /home/ubuntu/Session5/install/bme_ros2_simple_arm_moveit_config/share/bme_ros2_simple_arm_moveit_config/launch/spawn_controllers.launch.py
[0.052s] -- Up-to-date: /home/ubuntu/Session5/install/bme_ros2_simple_arm_moveit_config/share/bme_ros2_simple_arm_moveit_config/launch/moveit_rviz.launch.py
[0.052s] -- Up-to-date: /home/ubuntu/Session5/install/bme_ros2_simple_arm_moveit_config/share/bme_ros2_simple_arm_moveit_config/launch/warehouse_db.launch.py
[0.052s] -- Up-to-date: /home/ubuntu/Session5/install/bme_ros2_simple_arm_moveit_config/share/bme_ros2_simple_arm_moveit_config/config
[0.053s] -- Up-to-date: /home/ubuntu/Session5/install/bme_ros2_simple_arm_moveit_config/share/bme_ros2_simple_arm_moveit_config/config/pilz_cartesian_limits.yaml
[0.053s] -- Up-to-date: /home/ubuntu/Session5/install/bme_ros2_simple_arm_moveit_config/share/bme_ros2_simple_arm_moveit_config/config/mogi_arm.srdf
[0.053s] -- Up-to-date: /home/ubuntu/Session5/install/bme_ros2_simple_arm_moveit_config/share/bme_ros2_simple_arm_moveit_config/config/kinematics.yaml
[0.053s] -- Up-to-date: /home/ubuntu/Session5/install/bme_ros2_simple_arm_moveit_config/share/bme_ros2_simple_arm_moveit_config/config/ros2_controllers.yaml
[0.053s] -- Up-to-date: /home/ubuntu/Session5/install/bme_ros2_simple_arm_moveit_config/share/bme_ros2_simple_arm_moveit_config/config/moveit_controllers.yaml
[0.053s] -- Up-to-date: /home/ubuntu/Session5/install/bme_ros2_simple_arm_moveit_config/share/bme_ros2_simple_arm_moveit_config/config/moveit.rviz
[0.053s] -- Up-to-date: /home/ubuntu/Session5/install/bme_ros2_simple_arm_moveit_config/share/bme_ros2_simple_arm_moveit_config/config/joint_limits.yaml
[0.053s] -- Up-to-date: /home/ubuntu/Session5/install/bme_ros2_simple_arm_moveit_config/share/bme_ros2_simple_arm_moveit_config/.setup_assistant
[0.054s] Invoked command in '/home/ubuntu/Session5/build/bme_ros2_simple_arm_moveit_config' returned '0': CMAKE_PREFIX_PATH=/home/ubuntu/Session5/install/bme_ros2_simple_arm:/home/ubuntu/Session5/install/bme_ros2_simple_arm_moveit_config:/opt/ros/jazzy/opt/gz_sim_vendor:/opt/ros/jazzy/opt/gz_sensors_vendor:/opt/ros/jazzy/opt/gz_physics_vendor:/opt/ros/jazzy/opt/sdformat_vendor:/opt/ros/jazzy/opt/gz_gui_vendor:/opt/ros/jazzy/opt/gz_transport_vendor:/opt/ros/jazzy/opt/gz_rendering_vendor:/opt/ros/jazzy/opt/gz_plugin_vendor:/opt/ros/jazzy/opt/gz_fuel_tools_vendor:/opt/ros/jazzy/opt/gz_msgs_vendor:/opt/ros/jazzy/opt/gz_common_vendor:/opt/ros/jazzy/opt/gz_math_vendor:/opt/ros/jazzy/opt/gz_utils_vendor:/opt/ros/jazzy/opt/gz_tools_vendor:/opt/ros/jazzy/opt/gz_ogre_next_vendor:/opt/ros/jazzy/opt/gz_dartsim_vendor:/opt/ros/jazzy/opt/gz_cmake_vendor:/home/ubuntu/Session5/install/bme_ros2_simple_arm_py:/home/ubuntu/Session5/install/arm_ik_solver:/opt/ros/jazzy /usr/bin/cmake --install /home/ubuntu/Session5/build/bme_ros2_simple_arm_moveit_config
