[0.726s] Invoking command in '/home/ubuntu/Session5/arm_ik_solver': PYTHONPATH=/home/ubuntu/Session5/build/arm_ik_solver/prefix_override:/usr/lib/python3/dist-packages/colcon_core/task/python/colcon_distutils_commands:/home/ubuntu/Session5/install/arm_ik_solver/lib/python3.12/site-packages:${PYTHONPATH} /usr/bin/python3 -W ignore:setup.py install is deprecated -W ignore:easy_install command is deprecated setup.py egg_info --egg-base ../build/arm_ik_solver build --build-base /home/ubuntu/Session5/build/arm_ik_solver/build install --record /home/ubuntu/Session5/build/arm_ik_solver/install.log --install-scripts $base/lib/arm_ik_solver --single-version-externally-managed install_data
[0.904s] running egg_info
[0.916s] writing ../build/arm_ik_solver/arm_ik_solver.egg-info/PKG-INFO
[0.917s] writing dependency_links to ../build/arm_ik_solver/arm_ik_solver.egg-info/dependency_links.txt
[0.917s] writing entry points to ../build/arm_ik_solver/arm_ik_solver.egg-info/entry_points.txt
[0.917s] writing requirements to ../build/arm_ik_solver/arm_ik_solver.egg-info/requires.txt
[0.917s] writing top-level names to ../build/arm_ik_solver/arm_ik_solver.egg-info/top_level.txt
[0.944s] reading manifest file '../build/arm_ik_solver/arm_ik_solver.egg-info/SOURCES.txt'
[0.944s] adding license file 'LICENSE'
[0.945s] writing manifest file '../build/arm_ik_solver/arm_ik_solver.egg-info/SOURCES.txt'
[0.945s] running build
[0.945s] running build_py
[0.945s] running install
[0.948s] running install_lib
[0.961s] running install_data
[0.961s] running install_egg_info
[0.975s] removing '/home/ubuntu/Session5/install/arm_ik_solver/lib/python3.12/site-packages/arm_ik_solver-0.0.0-py3.12.egg-info' (and everything under it)
[0.975s] Copying ../build/arm_ik_solver/arm_ik_solver.egg-info to /home/ubuntu/Session5/install/arm_ik_solver/lib/python3.12/site-packages/arm_ik_solver-0.0.0-py3.12.egg-info
[0.976s] running install_scripts
[1.066s] Installing manual_ik_node script to /home/ubuntu/Session5/install/arm_ik_solver/lib/arm_ik_solver
[1.066s] writing list of installed files to '/home/ubuntu/Session5/build/arm_ik_solver/install.log'
[1.090s] Invoked command in '/home/ubuntu/Session5/arm_ik_solver' returned '0': PYTHONPATH=/home/ubuntu/Session5/build/arm_ik_solver/prefix_override:/usr/lib/python3/dist-packages/colcon_core/task/python/colcon_distutils_commands:/home/ubuntu/Session5/install/arm_ik_solver/lib/python3.12/site-packages:${PYTHONPATH} /usr/bin/python3 -W ignore:setup.py install is deprecated -W ignore:easy_install command is deprecated setup.py egg_info --egg-base ../build/arm_ik_solver build --build-base /home/ubuntu/Session5/build/arm_ik_solver/build install --record /home/ubuntu/Session5/build/arm_ik_solver/install.log --install-scripts $base/lib/arm_ik_solver --single-version-externally-managed install_data
