[1.128s] Invoking command in '/home/ubuntu/Session5/bme_ros2_navigation_py': PYTHONPATH=/home/ubuntu/Session5/build/bme_ros2_navigation_py/prefix_override:/usr/lib/python3/dist-packages/colcon_core/task/python/colcon_distutils_commands:/home/ubuntu/Session5/install/bme_ros2_navigation_py/lib/python3.12/site-packages:${PYTHONPATH} /usr/bin/python3 -W ignore:setup.py install is deprecated -W ignore:easy_install command is deprecated setup.py egg_info --egg-base ../build/bme_ros2_navigation_py build --build-base /home/ubuntu/Session5/build/bme_ros2_navigation_py/build install --record /home/ubuntu/Session5/build/bme_ros2_navigation_py/install.log --install-scripts $base/lib/bme_ros2_navigation_py --single-version-externally-managed install_data
[1.306s] running egg_info
[1.306s] creating ../build/bme_ros2_navigation_py/bme_ros2_navigation_py.egg-info
[1.320s] writing ../build/bme_ros2_navigation_py/bme_ros2_navigation_py.egg-info/PKG-INFO
[1.321s] writing dependency_links to ../build/bme_ros2_navigation_py/bme_ros2_navigation_py.egg-info/dependency_links.txt
[1.321s] writing entry points to ../build/bme_ros2_navigation_py/bme_ros2_navigation_py.egg-info/entry_points.txt
[1.321s] writing requirements to ../build/bme_ros2_navigation_py/bme_ros2_navigation_py.egg-info/requires.txt
[1.321s] writing top-level names to ../build/bme_ros2_navigation_py/bme_ros2_navigation_py.egg-info/top_level.txt
[1.321s] writing manifest file '../build/bme_ros2_navigation_py/bme_ros2_navigation_py.egg-info/SOURCES.txt'
[1.348s] reading manifest file '../build/bme_ros2_navigation_py/bme_ros2_navigation_py.egg-info/SOURCES.txt'
[1.348s] writing manifest file '../build/bme_ros2_navigation_py/bme_ros2_navigation_py.egg-info/SOURCES.txt'
[1.348s] running build
[1.348s] running build_py
[1.348s] creating /home/ubuntu/Session5/build/bme_ros2_navigation_py/build
[1.349s] creating /home/ubuntu/Session5/build/bme_ros2_navigation_py/build/lib
[1.349s] creating /home/ubuntu/Session5/build/bme_ros2_navigation_py/build/lib/bme_ros2_navigation_py
[1.349s] copying bme_ros2_navigation_py/send_initialpose.py -> /home/ubuntu/Session5/build/bme_ros2_navigation_py/build/lib/bme_ros2_navigation_py
[1.349s] copying bme_ros2_navigation_py/slam_toolbox_load_map.py -> /home/ubuntu/Session5/build/bme_ros2_navigation_py/build/lib/bme_ros2_navigation_py
[1.349s] copying bme_ros2_navigation_py/__init__.py -> /home/ubuntu/Session5/build/bme_ros2_navigation_py/build/lib/bme_ros2_navigation_py
[1.349s] running install
[1.353s] running install_lib
[1.368s] creating /home/ubuntu/Session5/install/bme_ros2_navigation_py/lib/python3.12/site-packages/bme_ros2_navigation_py
[1.368s] copying /home/ubuntu/Session5/build/bme_ros2_navigation_py/build/lib/bme_ros2_navigation_py/send_initialpose.py -> /home/ubuntu/Session5/install/bme_ros2_navigation_py/lib/python3.12/site-packages/bme_ros2_navigation_py
[1.369s] copying /home/ubuntu/Session5/build/bme_ros2_navigation_py/build/lib/bme_ros2_navigation_py/slam_toolbox_load_map.py -> /home/ubuntu/Session5/install/bme_ros2_navigation_py/lib/python3.12/site-packages/bme_ros2_navigation_py
[1.369s] copying /home/ubuntu/Session5/build/bme_ros2_navigation_py/build/lib/bme_ros2_navigation_py/__init__.py -> /home/ubuntu/Session5/install/bme_ros2_navigation_py/lib/python3.12/site-packages/bme_ros2_navigation_py
[1.369s] byte-compiling /home/ubuntu/Session5/install/bme_ros2_navigation_py/lib/python3.12/site-packages/bme_ros2_navigation_py/send_initialpose.py to send_initialpose.cpython-312.pyc
[1.370s] byte-compiling /home/ubuntu/Session5/install/bme_ros2_navigation_py/lib/python3.12/site-packages/bme_ros2_navigation_py/slam_toolbox_load_map.py to slam_toolbox_load_map.cpython-312.pyc
[1.370s] byte-compiling /home/ubuntu/Session5/install/bme_ros2_navigation_py/lib/python3.12/site-packages/bme_ros2_navigation_py/__init__.py to __init__.cpython-312.pyc
[1.370s] running install_data
[1.370s] creating /home/ubuntu/Session5/install/bme_ros2_navigation_py/share/ament_index
[1.371s] creating /home/ubuntu/Session5/install/bme_ros2_navigation_py/share/ament_index/resource_index
[1.371s] creating /home/ubuntu/Session5/install/bme_ros2_navigation_py/share/ament_index/resource_index/packages
[1.371s] copying resource/bme_ros2_navigation_py -> /home/ubuntu/Session5/install/bme_ros2_navigation_py/share/ament_index/resource_index/packages
[1.371s] copying package.xml -> /home/ubuntu/Session5/install/bme_ros2_navigation_py/share/bme_ros2_navigation_py
[1.371s] running install_egg_info
[1.385s] Copying ../build/bme_ros2_navigation_py/bme_ros2_navigation_py.egg-info to /home/ubuntu/Session5/install/bme_ros2_navigation_py/lib/python3.12/site-packages/bme_ros2_navigation_py-1.0.0-py3.12.egg-info
[1.386s] running install_scripts
[1.477s] Installing send_initialpose script to /home/ubuntu/Session5/install/bme_ros2_navigation_py/lib/bme_ros2_navigation_py
[1.477s] Installing slam_toolbox_load_map script to /home/ubuntu/Session5/install/bme_ros2_navigation_py/lib/bme_ros2_navigation_py
[1.477s] writing list of installed files to '/home/ubuntu/Session5/build/bme_ros2_navigation_py/install.log'
[1.504s] Invoked command in '/home/ubuntu/Session5/bme_ros2_navigation_py' returned '0': PYTHONPATH=/home/ubuntu/Session5/build/bme_ros2_navigation_py/prefix_override:/usr/lib/python3/dist-packages/colcon_core/task/python/colcon_distutils_commands:/home/ubuntu/Session5/install/bme_ros2_navigation_py/lib/python3.12/site-packages:${PYTHONPATH} /usr/bin/python3 -W ignore:setup.py install is deprecated -W ignore:easy_install command is deprecated setup.py egg_info --egg-base ../build/bme_ros2_navigation_py build --build-base /home/ubuntu/Session5/build/bme_ros2_navigation_py/build install --record /home/ubuntu/Session5/build/bme_ros2_navigation_py/install.log --install-scripts $base/lib/bme_ros2_navigation_py --single-version-externally-managed install_data
