running egg_info
creating ../build/arm_ik_solver/arm_ik_solver.egg-info
writing ../build/arm_ik_solver/arm_ik_solver.egg-info/PKG-INFO
writing dependency_links to ../build/arm_ik_solver/arm_ik_solver.egg-info/dependency_links.txt
writing requirements to ../build/arm_ik_solver/arm_ik_solver.egg-info/requires.txt
writing top-level names to ../build/arm_ik_solver/arm_ik_solver.egg-info/top_level.txt
writing manifest file '../build/arm_ik_solver/arm_ik_solver.egg-info/SOURCES.txt'
reading manifest file '../build/arm_ik_solver/arm_ik_solver.egg-info/SOURCES.txt'
adding license file 'LICENSE'
writing manifest file '../build/arm_ik_solver/arm_ik_solver.egg-info/SOURCES.txt'
running build
running build_py
creating /home/ubuntu/Session5/build/arm_ik_solver/build
creating /home/ubuntu/Session5/build/arm_ik_solver/build/lib
creating /home/ubuntu/Session5/build/arm_ik_solver/build/lib/arm_ik_solver
copying arm_ik_solver/manual_ik_node.py -> /home/ubuntu/Session5/build/arm_ik_solver/build/lib/arm_ik_solver
copying arm_ik_solver/__init__.py -> /home/ubuntu/Session5/build/arm_ik_solver/build/lib/arm_ik_solver
running install
running install_lib
creating /home/ubuntu/Session5/install/arm_ik_solver/lib/python3.12/site-packages/arm_ik_solver
copying /home/ubuntu/Session5/build/arm_ik_solver/build/lib/arm_ik_solver/manual_ik_node.py -> /home/ubuntu/Session5/install/arm_ik_solver/lib/python3.12/site-packages/arm_ik_solver
copying /home/ubuntu/Session5/build/arm_ik_solver/build/lib/arm_ik_solver/__init__.py -> /home/ubuntu/Session5/install/arm_ik_solver/lib/python3.12/site-packages/arm_ik_solver
byte-compiling /home/ubuntu/Session5/install/arm_ik_solver/lib/python3.12/site-packages/arm_ik_solver/manual_ik_node.py to manual_ik_node.cpython-312.pyc
byte-compiling /home/ubuntu/Session5/install/arm_ik_solver/lib/python3.12/site-packages/arm_ik_solver/__init__.py to __init__.cpython-312.pyc
running install_data
creating /home/ubuntu/Session5/install/arm_ik_solver/share/ament_index
creating /home/ubuntu/Session5/install/arm_ik_solver/share/ament_index/resource_index
creating /home/ubuntu/Session5/install/arm_ik_solver/share/ament_index/resource_index/packages
copying resource/arm_ik_solver -> /home/ubuntu/Session5/install/arm_ik_solver/share/ament_index/resource_index/packages
copying package.xml -> /home/ubuntu/Session5/install/arm_ik_solver/share/arm_ik_solver
running install_egg_info
Copying ../build/arm_ik_solver/arm_ik_solver.egg-info to /home/ubuntu/Session5/install/arm_ik_solver/lib/python3.12/site-packages/arm_ik_solver-0.0.0-py3.12.egg-info
running install_scripts
writing list of installed files to '/home/ubuntu/Session5/build/arm_ik_solver/install.log'
