[1.183s] Invoking command in '/home/ubuntu/Session5/arm_ik_solver': PYTHONPATH=/home/ubuntu/Session5/build/arm_ik_solver/prefix_override:/usr/lib/python3/dist-packages/colcon_core/task/python/colcon_distutils_commands:/home/ubuntu/Session5/install/arm_ik_solver/lib/python3.12/site-packages:${PYTHONPATH} /usr/bin/python3 -W ignore:setup.py install is deprecated -W ignore:easy_install command is deprecated setup.py egg_info --egg-base ../build/arm_ik_solver build --build-base /home/ubuntu/Session5/build/arm_ik_solver/build install --record /home/ubuntu/Session5/build/arm_ik_solver/install.log --install-scripts $base/lib/arm_ik_solver --single-version-externally-managed install_data
[1.364s] running egg_info
[1.364s] creating ../build/arm_ik_solver/arm_ik_solver.egg-info
[1.376s] writing ../build/arm_ik_solver/arm_ik_solver.egg-info/PKG-INFO
[1.376s] writing dependency_links to ../build/arm_ik_solver/arm_ik_solver.egg-info/dependency_links.txt
[1.377s] writing requirements to ../build/arm_ik_solver/arm_ik_solver.egg-info/requires.txt
[1.377s] writing top-level names to ../build/arm_ik_solver/arm_ik_solver.egg-info/top_level.txt
[1.377s] writing manifest file '../build/arm_ik_solver/arm_ik_solver.egg-info/SOURCES.txt'
[1.405s] reading manifest file '../build/arm_ik_solver/arm_ik_solver.egg-info/SOURCES.txt'
[1.405s] adding license file 'LICENSE'
[1.406s] writing manifest file '../build/arm_ik_solver/arm_ik_solver.egg-info/SOURCES.txt'
[1.406s] running build
[1.406s] running build_py
[1.406s] creating /home/ubuntu/Session5/build/arm_ik_solver/build
[1.406s] creating /home/ubuntu/Session5/build/arm_ik_solver/build/lib
[1.407s] creating /home/ubuntu/Session5/build/arm_ik_solver/build/lib/arm_ik_solver
[1.407s] copying arm_ik_solver/manual_ik_node.py -> /home/ubuntu/Session5/build/arm_ik_solver/build/lib/arm_ik_solver
[1.408s] copying arm_ik_solver/__init__.py -> /home/ubuntu/Session5/build/arm_ik_solver/build/lib/arm_ik_solver
[1.408s] running install
[1.412s] running install_lib
[1.425s] creating /home/ubuntu/Session5/install/arm_ik_solver/lib/python3.12/site-packages/arm_ik_solver
[1.425s] copying /home/ubuntu/Session5/build/arm_ik_solver/build/lib/arm_ik_solver/manual_ik_node.py -> /home/ubuntu/Session5/install/arm_ik_solver/lib/python3.12/site-packages/arm_ik_solver
[1.425s] copying /home/ubuntu/Session5/build/arm_ik_solver/build/lib/arm_ik_solver/__init__.py -> /home/ubuntu/Session5/install/arm_ik_solver/lib/python3.12/site-packages/arm_ik_solver
[1.426s] byte-compiling /home/ubuntu/Session5/install/arm_ik_solver/lib/python3.12/site-packages/arm_ik_solver/manual_ik_node.py to manual_ik_node.cpython-312.pyc
[1.427s] byte-compiling /home/ubuntu/Session5/install/arm_ik_solver/lib/python3.12/site-packages/arm_ik_solver/__init__.py to __init__.cpython-312.pyc
[1.428s] running install_data
[1.428s] creating /home/ubuntu/Session5/install/arm_ik_solver/share/ament_index
[1.428s] creating /home/ubuntu/Session5/install/arm_ik_solver/share/ament_index/resource_index
[1.428s] creating /home/ubuntu/Session5/install/arm_ik_solver/share/ament_index/resource_index/packages
[1.428s] copying resource/arm_ik_solver -> /home/ubuntu/Session5/install/arm_ik_solver/share/ament_index/resource_index/packages
[1.429s] copying package.xml -> /home/ubuntu/Session5/install/arm_ik_solver/share/arm_ik_solver
[1.429s] running install_egg_info
[1.443s] Copying ../build/arm_ik_solver/arm_ik_solver.egg-info to /home/ubuntu/Session5/install/arm_ik_solver/lib/python3.12/site-packages/arm_ik_solver-0.0.0-py3.12.egg-info
[1.444s] running install_scripts
[1.542s] writing list of installed files to '/home/ubuntu/Session5/build/arm_ik_solver/install.log'
[1.570s] Invoked command in '/home/ubuntu/Session5/arm_ik_solver' returned '0': PYTHONPATH=/home/ubuntu/Session5/build/arm_ik_solver/prefix_override:/usr/lib/python3/dist-packages/colcon_core/task/python/colcon_distutils_commands:/home/ubuntu/Session5/install/arm_ik_solver/lib/python3.12/site-packages:${PYTHONPATH} /usr/bin/python3 -W ignore:setup.py install is deprecated -W ignore:easy_install command is deprecated setup.py egg_info --egg-base ../build/arm_ik_solver build --build-base /home/ubuntu/Session5/build/arm_ik_solver/build install --record /home/ubuntu/Session5/build/arm_ik_solver/install.log --install-scripts $base/lib/arm_ik_solver --single-version-externally-managed install_data
