[0.282s] DEBUG:colcon:Command line arguments: ['/usr/bin/colcon', 'build', '--packages-select', 'arm_ik_solver']
[0.282s] DEBUG:colcon:Parsed command line arguments: Namespace(log_base=None, log_level=None, verb_name='build', build_base='build', install_base='install', merge_install=False, symlink_install=False, test_result_base=None, continue_on_error=False, executor='parallel', parallel_workers=24, event_handlers=None, ignore_user_meta=False, metas=['./colcon.meta'], base_paths=['.'], packages_ignore=None, packages_ignore_regex=None, paths=None, packages_up_to=None, packages_up_to_regex=None, packages_above=None, packages_above_and_dependencies=None, packages_above_depth=None, packages_select_by_dep=None, packages_skip_by_dep=None, packages_skip_up_to=None, packages_select_build_failed=False, packages_skip_build_finished=False, packages_select_test_failures=False, packages_skip_test_passed=False, packages_select=['arm_ik_solver'], packages_skip=None, packages_select_regex=None, packages_skip_regex=None, packages_start=None, packages_end=None, allow_overriding=[], cmake_args=None, cmake_target=None, cmake_target_skip_unavailable=False, cmake_clean_cache=False, cmake_clean_first=False, cmake_force_configure=False, ament_cmake_args=None, catkin_cmake_args=None, catkin_skip_building_tests=False, mixin_files=None, mixin=None, verb_parser=<colcon_mixin.mixin.mixin_argument.MixinArgumentDecorator object at 0x756ea0853f50>, verb_extension=<colcon_core.verb.build.BuildVerb object at 0x756ea07f7110>, main=<bound method BuildVerb.main of <colcon_core.verb.build.BuildVerb object at 0x756ea07f7110>>, mixin_verb=('build',))
[0.399s] Level 1:colcon.colcon_core.package_discovery:discover_packages(colcon_meta) check parameters
[0.399s] Level 1:colcon.colcon_core.package_discovery:discover_packages(recursive) check parameters
[0.399s] Level 1:colcon.colcon_core.package_discovery:discover_packages(ignore) check parameters
[0.399s] Level 1:colcon.colcon_core.package_discovery:discover_packages(path) check parameters
[0.399s] Level 1:colcon.colcon_core.package_discovery:discover_packages(colcon_meta) discover
[0.400s] Level 1:colcon.colcon_core.package_discovery:discover_packages(recursive) discover
[0.400s] INFO:colcon.colcon_core.package_discovery:Crawling recursively for packages in '/home/ubuntu/Session5'
[0.400s] Level 1:colcon.colcon_core.package_identification:_identify(.) by extensions ['ignore', 'ignore_ament_install']
[0.400s] Level 1:colcon.colcon_core.package_identification:_identify(.) by extension 'ignore'
[0.400s] Level 1:colcon.colcon_core.package_identification:_identify(.) by extension 'ignore_ament_install'
[0.400s] Level 1:colcon.colcon_core.package_identification:_identify(.) by extensions ['colcon_pkg']
[0.400s] Level 1:colcon.colcon_core.package_identification:_identify(.) by extension 'colcon_pkg'
[0.400s] Level 1:colcon.colcon_core.package_identification:_identify(.) by extensions ['colcon_meta']
[0.400s] Level 1:colcon.colcon_core.package_identification:_identify(.) by extension 'colcon_meta'
[0.400s] Level 1:colcon.colcon_core.package_identification:_identify(.) by extensions ['ros']
[0.400s] Level 1:colcon.colcon_core.package_identification:_identify(.) by extension 'ros'
[0.438s] Level 1:colcon.colcon_core.package_identification:_identify(.) by extensions ['cmake', 'python']
[0.438s] Level 1:colcon.colcon_core.package_identification:_identify(.) by extension 'cmake'
[0.439s] Level 1:colcon.colcon_core.package_identification:_identify(.) by extension 'python'
[0.439s] Level 1:colcon.colcon_core.package_identification:_identify(.) by extensions ['python_setup_py']
[0.439s] Level 1:colcon.colcon_core.package_identification:_identify(.) by extension 'python_setup_py'
[0.439s] Level 1:colcon.colcon_core.package_identification:_identify(arm_ik_solver) by extensions ['ignore', 'ignore_ament_install']
[0.440s] Level 1:colcon.colcon_core.package_identification:_identify(arm_ik_solver) by extension 'ignore'
[0.440s] Level 1:colcon.colcon_core.package_identification:_identify(arm_ik_solver) by extension 'ignore_ament_install'
[0.440s] Level 1:colcon.colcon_core.package_identification:_identify(arm_ik_solver) by extensions ['colcon_pkg']
[0.440s] Level 1:colcon.colcon_core.package_identification:_identify(arm_ik_solver) by extension 'colcon_pkg'
[0.440s] Level 1:colcon.colcon_core.package_identification:_identify(arm_ik_solver) by extensions ['colcon_meta']
[0.440s] Level 1:colcon.colcon_core.package_identification:_identify(arm_ik_solver) by extension 'colcon_meta'
[0.440s] Level 1:colcon.colcon_core.package_identification:_identify(arm_ik_solver) by extensions ['ros']
[0.440s] Level 1:colcon.colcon_core.package_identification:_identify(arm_ik_solver) by extension 'ros'
[0.443s] DEBUG:colcon.colcon_core.package_identification:Package 'arm_ik_solver' with type 'ros.ament_python' and name 'arm_ik_solver'
[0.444s] Level 1:colcon.colcon_core.package_identification:_identify(bme_ros2_simple_arm) by extensions ['ignore', 'ignore_ament_install']
[0.444s] Level 1:colcon.colcon_core.package_identification:_identify(bme_ros2_simple_arm) by extension 'ignore'
[0.444s] Level 1:colcon.colcon_core.package_identification:_identify(bme_ros2_simple_arm) by extension 'ignore_ament_install'
[0.444s] Level 1:colcon.colcon_core.package_identification:_identify(bme_ros2_simple_arm) by extensions ['colcon_pkg']
[0.444s] Level 1:colcon.colcon_core.package_identification:_identify(bme_ros2_simple_arm) by extension 'colcon_pkg'
[0.444s] Level 1:colcon.colcon_core.package_identification:_identify(bme_ros2_simple_arm) by extensions ['colcon_meta']
[0.444s] Level 1:colcon.colcon_core.package_identification:_identify(bme_ros2_simple_arm) by extension 'colcon_meta'
[0.444s] Level 1:colcon.colcon_core.package_identification:_identify(bme_ros2_simple_arm) by extensions ['ros']
[0.444s] Level 1:colcon.colcon_core.package_identification:_identify(bme_ros2_simple_arm) by extension 'ros'
[0.445s] DEBUG:colcon.colcon_core.package_identification:Package 'bme_ros2_simple_arm' with type 'ros.ament_cmake' and name 'bme_ros2_simple_arm'
[0.446s] Level 1:colcon.colcon_core.package_identification:_identify(bme_ros2_simple_arm_moveit_config) by extensions ['ignore', 'ignore_ament_install']
[0.446s] Level 1:colcon.colcon_core.package_identification:_identify(bme_ros2_simple_arm_moveit_config) by extension 'ignore'
[0.446s] Level 1:colcon.colcon_core.package_identification:_identify(bme_ros2_simple_arm_moveit_config) by extension 'ignore_ament_install'
[0.446s] Level 1:colcon.colcon_core.package_identification:_identify(bme_ros2_simple_arm_moveit_config) by extensions ['colcon_pkg']
[0.446s] Level 1:colcon.colcon_core.package_identification:_identify(bme_ros2_simple_arm_moveit_config) by extension 'colcon_pkg'
[0.446s] Level 1:colcon.colcon_core.package_identification:_identify(bme_ros2_simple_arm_moveit_config) by extensions ['colcon_meta']
[0.446s] Level 1:colcon.colcon_core.package_identification:_identify(bme_ros2_simple_arm_moveit_config) by extension 'colcon_meta'
[0.446s] Level 1:colcon.colcon_core.package_identification:_identify(bme_ros2_simple_arm_moveit_config) by extensions ['ros']
[0.446s] Level 1:colcon.colcon_core.package_identification:_identify(bme_ros2_simple_arm_moveit_config) by extension 'ros'
[0.447s] DEBUG:colcon.colcon_core.package_identification:Package 'bme_ros2_simple_arm_moveit_config' with type 'ros.ament_cmake' and name 'bme_ros2_simple_arm_moveit_config'
[0.448s] Level 1:colcon.colcon_core.package_identification:_identify(bme_ros2_simple_arm_py) by extensions ['ignore', 'ignore_ament_install']
[0.448s] Level 1:colcon.colcon_core.package_identification:_identify(bme_ros2_simple_arm_py) by extension 'ignore'
[0.448s] Level 1:colcon.colcon_core.package_identification:_identify(bme_ros2_simple_arm_py) by extension 'ignore_ament_install'
[0.449s] Level 1:colcon.colcon_core.package_identification:_identify(bme_ros2_simple_arm_py) by extensions ['colcon_pkg']
[0.449s] Level 1:colcon.colcon_core.package_identification:_identify(bme_ros2_simple_arm_py) by extension 'colcon_pkg'
[0.449s] Level 1:colcon.colcon_core.package_identification:_identify(bme_ros2_simple_arm_py) by extensions ['colcon_meta']
[0.449s] Level 1:colcon.colcon_core.package_identification:_identify(bme_ros2_simple_arm_py) by extension 'colcon_meta'
[0.449s] Level 1:colcon.colcon_core.package_identification:_identify(bme_ros2_simple_arm_py) by extensions ['ros']
[0.449s] Level 1:colcon.colcon_core.package_identification:_identify(bme_ros2_simple_arm_py) by extension 'ros'
[0.450s] DEBUG:colcon.colcon_core.package_identification:Package 'bme_ros2_simple_arm_py' with type 'ros.ament_python' and name 'bme_ros2_simple_arm_py'
[0.450s] Level 1:colcon.colcon_core.package_identification:_identify(build) by extensions ['ignore', 'ignore_ament_install']
[0.450s] Level 1:colcon.colcon_core.package_identification:_identify(build) by extension 'ignore'
[0.450s] Level 1:colcon.colcon_core.package_identification:_identify(build) ignored
[0.450s] Level 1:colcon.colcon_core.package_identification:_identify(install) by extensions ['ignore', 'ignore_ament_install']
[0.451s] Level 1:colcon.colcon_core.package_identification:_identify(install) by extension 'ignore'
[0.451s] Level 1:colcon.colcon_core.package_identification:_identify(install) ignored
[0.451s] Level 1:colcon.colcon_core.package_identification:_identify(log) by extensions ['ignore', 'ignore_ament_install']
[0.451s] Level 1:colcon.colcon_core.package_identification:_identify(log) by extension 'ignore'
[0.451s] Level 1:colcon.colcon_core.package_identification:_identify(log) ignored
[0.451s] Level 1:colcon.colcon_core.package_discovery:discover_packages(recursive) using defaults
[0.451s] Level 1:colcon.colcon_core.package_discovery:discover_packages(ignore) discover
[0.451s] Level 1:colcon.colcon_core.package_discovery:discover_packages(ignore) using defaults
[0.451s] Level 1:colcon.colcon_core.package_discovery:discover_packages(path) discover
[0.451s] Level 1:colcon.colcon_core.package_discovery:discover_packages(path) using defaults
[0.495s] INFO:colcon.colcon_core.package_selection:Skipping not selected package 'bme_ros2_simple_arm' in 'bme_ros2_simple_arm'
[0.495s] INFO:colcon.colcon_core.package_selection:Skipping not selected package 'bme_ros2_simple_arm_py' in 'bme_ros2_simple_arm_py'
[0.495s] INFO:colcon.colcon_core.package_selection:Skipping not selected package 'bme_ros2_simple_arm_moveit_config' in 'bme_ros2_simple_arm_moveit_config'
[0.497s] Level 1:colcon.colcon_core.package_discovery:discover_packages(prefix_path) check parameters
[0.497s] Level 1:colcon.colcon_core.package_discovery:discover_packages(prefix_path) discover
[0.507s] DEBUG:colcon.colcon_installed_package_information.package_discovery:Found 4 installed packages in /home/ubuntu/Session5/install
[0.510s] DEBUG:colcon.colcon_installed_package_information.package_discovery:Found 447 installed packages in /opt/ros/jazzy
[0.513s] Level 1:colcon.colcon_core.package_discovery:discover_packages(prefix_path) using defaults
[0.592s] Level 5:colcon.colcon_core.verb:set package 'arm_ik_solver' build argument 'cmake_args' from command line to 'None'
[0.592s] Level 5:colcon.colcon_core.verb:set package 'arm_ik_solver' build argument 'cmake_target' from command line to 'None'
[0.592s] Level 5:colcon.colcon_core.verb:set package 'arm_ik_solver' build argument 'cmake_target_skip_unavailable' from command line to 'False'
[0.592s] Level 5:colcon.colcon_core.verb:set package 'arm_ik_solver' build argument 'cmake_clean_cache' from command line to 'False'
[0.592s] Level 5:colcon.colcon_core.verb:set package 'arm_ik_solver' build argument 'cmake_clean_first' from command line to 'False'
[0.592s] Level 5:colcon.colcon_core.verb:set package 'arm_ik_solver' build argument 'cmake_force_configure' from command line to 'False'
[0.592s] Level 5:colcon.colcon_core.verb:set package 'arm_ik_solver' build argument 'ament_cmake_args' from command line to 'None'
[0.592s] Level 5:colcon.colcon_core.verb:set package 'arm_ik_solver' build argument 'catkin_cmake_args' from command line to 'None'
[0.592s] Level 5:colcon.colcon_core.verb:set package 'arm_ik_solver' build argument 'catkin_skip_building_tests' from command line to 'False'
[0.592s] DEBUG:colcon.colcon_core.verb:Building package 'arm_ik_solver' with the following arguments: {'ament_cmake_args': None, 'build_base': '/home/ubuntu/Session5/build/arm_ik_solver', 'catkin_cmake_args': None, 'catkin_skip_building_tests': False, 'cmake_args': None, 'cmake_clean_cache': False, 'cmake_clean_first': False, 'cmake_force_configure': False, 'cmake_target': None, 'cmake_target_skip_unavailable': False, 'install_base': '/home/ubuntu/Session5/install/arm_ik_solver', 'merge_install': False, 'path': '/home/ubuntu/Session5/arm_ik_solver', 'symlink_install': False, 'test_result_base': None}
[0.592s] INFO:colcon.colcon_core.executor:Executing jobs using 'parallel' executor
[0.593s] DEBUG:colcon.colcon_parallel_executor.executor.parallel:run_until_complete
[0.593s] INFO:colcon.colcon_ros.task.ament_python.build:Building ROS package in '/home/ubuntu/Session5/arm_ik_solver' with build type 'ament_python'
[0.593s] Level 1:colcon.colcon_core.shell:create_environment_hook('arm_ik_solver', 'ament_prefix_path')
[0.603s] INFO:colcon.colcon_core.plugin_system:Skipping extension 'colcon_core.shell.bat': Not used on non-Windows systems
[0.603s] INFO:colcon.colcon_core.shell:Creating environment hook '/home/ubuntu/Session5/install/arm_ik_solver/share/arm_ik_solver/hook/ament_prefix_path.ps1'
[0.605s] INFO:colcon.colcon_core.shell:Creating environment descriptor '/home/ubuntu/Session5/install/arm_ik_solver/share/arm_ik_solver/hook/ament_prefix_path.dsv'
[0.605s] INFO:colcon.colcon_core.shell:Creating environment hook '/home/ubuntu/Session5/install/arm_ik_solver/share/arm_ik_solver/hook/ament_prefix_path.sh'
[0.607s] INFO:colcon.colcon_core.shell:Skip shell extension 'powershell' for command environment: Not usable outside of PowerShell
[0.607s] DEBUG:colcon.colcon_core.shell:Skip shell extension 'dsv' for command environment
[0.968s] INFO:colcon.colcon_core.task.python.build:Building Python package in '/home/ubuntu/Session5/arm_ik_solver'
[0.968s] INFO:colcon.colcon_core.shell:Skip shell extension 'powershell' for command environment: Not usable outside of PowerShell
[0.969s] DEBUG:colcon.colcon_core.shell:Skip shell extension 'dsv' for command environment
[2.552s] DEBUG:colcon.colcon_core.task.python.build:Available setuptools commands: install_egg_info, test, bdist_egg, easy_install, extract_messages, install_lib, install, upload, check, build_py, build_clib, dist_info, saveopts, bdist_rpm, editable_wheel, bdist, sdist, bdist_wheel, build, install_headers, register, install_scripts, init_catalog, develop, rotate, bdist_dumb, clean, compile_catalog, update_catalog, symlink_data, build_ext, upload_docs, alias, setopt, build_scripts, egg_info, install_data
[2.556s] DEBUG:colcon.colcon_core.event_handler.log_command:Invoking command in '/home/ubuntu/Session5/arm_ik_solver': PYTHONPATH=/home/ubuntu/Session5/build/arm_ik_solver/prefix_override:/usr/lib/python3/dist-packages/colcon_core/task/python/colcon_distutils_commands:/home/ubuntu/Session5/install/arm_ik_solver/lib/python3.12/site-packages:${PYTHONPATH} /usr/bin/python3 -W ignore:setup.py install is deprecated -W ignore:easy_install command is deprecated setup.py egg_info --egg-base ../build/arm_ik_solver build --build-base /home/ubuntu/Session5/build/arm_ik_solver/build install --record /home/ubuntu/Session5/build/arm_ik_solver/install.log --install-scripts $base/lib/arm_ik_solver --single-version-externally-managed install_data
[3.447s] DEBUG:colcon.colcon_core.event_handler.log_command:Invoked command in '/home/ubuntu/Session5/arm_ik_solver' returned '0': PYTHONPATH=/home/ubuntu/Session5/build/arm_ik_solver/prefix_override:/usr/lib/python3/dist-packages/colcon_core/task/python/colcon_distutils_commands:/home/ubuntu/Session5/install/arm_ik_solver/lib/python3.12/site-packages:${PYTHONPATH} /usr/bin/python3 -W ignore:setup.py install is deprecated -W ignore:easy_install command is deprecated setup.py egg_info --egg-base ../build/arm_ik_solver build --build-base /home/ubuntu/Session5/build/arm_ik_solver/build install --record /home/ubuntu/Session5/build/arm_ik_solver/install.log --install-scripts $base/lib/arm_ik_solver --single-version-externally-managed install_data
[3.458s] Level 1:colcon.colcon_core.environment:checking '/home/ubuntu/Session5/install/arm_ik_solver' for CMake module files
[3.460s] Level 1:colcon.colcon_core.environment:checking '/home/ubuntu/Session5/install/arm_ik_solver' for CMake config files
[3.465s] Level 1:colcon.colcon_core.environment:checking '/home/ubuntu/Session5/install/arm_ik_solver/lib'
[3.466s] Level 1:colcon.colcon_core.environment:checking '/home/ubuntu/Session5/install/arm_ik_solver/bin'
[3.466s] Level 1:colcon.colcon_core.environment:checking '/home/ubuntu/Session5/install/arm_ik_solver/lib/pkgconfig/arm_ik_solver.pc'
[3.466s] Level 1:colcon.colcon_core.environment:checking '/home/ubuntu/Session5/install/arm_ik_solver/lib/python3.12/site-packages'
[3.466s] Level 1:colcon.colcon_core.shell:create_environment_hook('arm_ik_solver', 'pythonpath')
[3.467s] INFO:colcon.colcon_core.shell:Creating environment hook '/home/ubuntu/Session5/install/arm_ik_solver/share/arm_ik_solver/hook/pythonpath.ps1'
[3.469s] INFO:colcon.colcon_core.shell:Creating environment descriptor '/home/ubuntu/Session5/install/arm_ik_solver/share/arm_ik_solver/hook/pythonpath.dsv'
[3.470s] INFO:colcon.colcon_core.shell:Creating environment hook '/home/ubuntu/Session5/install/arm_ik_solver/share/arm_ik_solver/hook/pythonpath.sh'
[3.471s] Level 1:colcon.colcon_core.environment:checking '/home/ubuntu/Session5/install/arm_ik_solver/bin'
[3.472s] Level 1:colcon.colcon_core.environment:create_environment_scripts_only(arm_ik_solver)
[3.472s] INFO:colcon.colcon_core.shell:Creating package script '/home/ubuntu/Session5/install/arm_ik_solver/share/arm_ik_solver/package.ps1'
[3.473s] INFO:colcon.colcon_core.shell:Creating package descriptor '/home/ubuntu/Session5/install/arm_ik_solver/share/arm_ik_solver/package.dsv'
[3.474s] INFO:colcon.colcon_core.shell:Creating package script '/home/ubuntu/Session5/install/arm_ik_solver/share/arm_ik_solver/package.sh'
[3.476s] INFO:colcon.colcon_core.shell:Creating package script '/home/ubuntu/Session5/install/arm_ik_solver/share/arm_ik_solver/package.bash'
[3.477s] INFO:colcon.colcon_core.shell:Creating package script '/home/ubuntu/Session5/install/arm_ik_solver/share/arm_ik_solver/package.zsh'
[3.478s] Level 1:colcon.colcon_core.environment:create_file_with_runtime_dependencies(/home/ubuntu/Session5/install/arm_ik_solver/share/colcon-core/packages/arm_ik_solver)
[3.478s] DEBUG:colcon.colcon_parallel_executor.executor.parallel:closing loop
[3.479s] DEBUG:colcon.colcon_parallel_executor.executor.parallel:loop closed
[3.479s] DEBUG:colcon.colcon_parallel_executor.executor.parallel:run_until_complete finished with '0'
[3.479s] DEBUG:colcon.colcon_core.event_reactor:joining thread
[3.491s] INFO:colcon.colcon_core.plugin_system:Skipping extension 'colcon_notification.desktop_notification.terminal_notifier': Not used on non-Darwin systems
[3.491s] INFO:colcon.colcon_core.plugin_system:Skipping extension 'colcon_notification.desktop_notification.win32': Not used on non-Windows systems
[3.491s] INFO:colcon.colcon_notification.desktop_notification:Sending desktop notification using 'notify2'
[3.692s] DEBUG:colcon.colcon_core.event_reactor:joined thread
[3.693s] INFO:colcon.colcon_core.shell:Creating prefix script '/home/ubuntu/Session5/install/local_setup.ps1'
[3.695s] INFO:colcon.colcon_core.shell:Creating prefix util module '/home/ubuntu/Session5/install/_local_setup_util_ps1.py'
[3.697s] INFO:colcon.colcon_core.shell:Creating prefix chain script '/home/ubuntu/Session5/install/setup.ps1'
[3.698s] INFO:colcon.colcon_core.shell:Creating prefix script '/home/ubuntu/Session5/install/local_setup.sh'
[3.699s] INFO:colcon.colcon_core.shell:Creating prefix util module '/home/ubuntu/Session5/install/_local_setup_util_sh.py'
[3.700s] INFO:colcon.colcon_core.shell:Creating prefix chain script '/home/ubuntu/Session5/install/setup.sh'
[3.701s] INFO:colcon.colcon_core.shell:Creating prefix script '/home/ubuntu/Session5/install/local_setup.bash'
[3.702s] INFO:colcon.colcon_core.shell:Creating prefix chain script '/home/ubuntu/Session5/install/setup.bash'
[3.705s] INFO:colcon.colcon_core.shell:Creating prefix script '/home/ubuntu/Session5/install/local_setup.zsh'
[3.705s] INFO:colcon.colcon_core.shell:Creating prefix chain script '/home/ubuntu/Session5/install/setup.zsh'
